../Core/Src/SM.c:58:13:SM_ChangeState	0	static
../Core/Src/SM.c:195:13:SM_DebugFunction	0	static
../Core/Src/SM.c:198:13:SM_ErrorFunction	0	static
../Core/Src/SM.c:133:13:SM_ParseUartFunction	24	static
../Core/Src/SM.c:98:13:SM_WaitForMeasurmentIsFinished	16	static
../Core/Src/SM.c:82:13:SM_RunningFunction	16	static
../Core/Src/SM.c:114:13:SM_SleppFunction	16	static
../Core/Src/SM.c:69:13:SM_InitializeFunction	24	static
../Core/Src/SM.c:46:6:SM_MainFunction	8	static
../Core/Src/SM.c:202:6:HAL_UARTEx_RxEventCallback	56	static
