Archive member included to satisfy reference by file (symbol)

c:/st/stm32cubeide_1.7.0/stm32cubeide/plugins/com.st.stm32cube.ide.mcu.externaltools.gnu-tools-for-stm32.10.3-2021.10.win32_1.0.0.202111181127/tools/bin/../lib/gcc/arm-none-eabi/10.3.1/../../../../arm-none-eabi/lib/thumb/v6-m/nofp\libc_nano.a(lib_a-errno.o)
                              ./Core/Src/syscalls.o (__errno)
c:/st/stm32cubeide_1.7.0/stm32cubeide/plugins/com.st.stm32cube.ide.mcu.externaltools.gnu-tools-for-stm32.10.3-2021.10.win32_1.0.0.202111181127/tools/bin/../lib/gcc/arm-none-eabi/10.3.1/../../../../arm-none-eabi/lib/thumb/v6-m/nofp\libc_nano.a(lib_a-exit.o)
                              c:/st/stm32cubeide_1.7.0/stm32cubeide/plugins/com.st.stm32cube.ide.mcu.externaltools.gnu-tools-for-stm32.10.3-2021.10.win32_1.0.0.202111181127/tools/bin/../lib/gcc/arm-none-eabi/10.3.1/../../../../arm-none-eabi/lib/thumb/v6-m/nofp/crt0.o (exit)
c:/st/stm32cubeide_1.7.0/stm32cubeide/plugins/com.st.stm32cube.ide.mcu.externaltools.gnu-tools-for-stm32.10.3-2021.10.win32_1.0.0.202111181127/tools/bin/../lib/gcc/arm-none-eabi/10.3.1/../../../../arm-none-eabi/lib/thumb/v6-m/nofp\libc_nano.a(lib_a-impure.o)
                              c:/st/stm32cubeide_1.7.0/stm32cubeide/plugins/com.st.stm32cube.ide.mcu.externaltools.gnu-tools-for-stm32.10.3-2021.10.win32_1.0.0.202111181127/tools/bin/../lib/gcc/arm-none-eabi/10.3.1/../../../../arm-none-eabi/lib/thumb/v6-m/nofp\libc_nano.a(lib_a-exit.o) (_global_impure_ptr)
c:/st/stm32cubeide_1.7.0/stm32cubeide/plugins/com.st.stm32cube.ide.mcu.externaltools.gnu-tools-for-stm32.10.3-2021.10.win32_1.0.0.202111181127/tools/bin/../lib/gcc/arm-none-eabi/10.3.1/../../../../arm-none-eabi/lib/thumb/v6-m/nofp\libc_nano.a(lib_a-init.o)
                              c:/st/stm32cubeide_1.7.0/stm32cubeide/plugins/com.st.stm32cube.ide.mcu.externaltools.gnu-tools-for-stm32.10.3-2021.10.win32_1.0.0.202111181127/tools/bin/../lib/gcc/arm-none-eabi/10.3.1/../../../../arm-none-eabi/lib/thumb/v6-m/nofp/crt0.o (__libc_init_array)
c:/st/stm32cubeide_1.7.0/stm32cubeide/plugins/com.st.stm32cube.ide.mcu.externaltools.gnu-tools-for-stm32.10.3-2021.10.win32_1.0.0.202111181127/tools/bin/../lib/gcc/arm-none-eabi/10.3.1/../../../../arm-none-eabi/lib/thumb/v6-m/nofp\libc_nano.a(lib_a-memset.o)
                              c:/st/stm32cubeide_1.7.0/stm32cubeide/plugins/com.st.stm32cube.ide.mcu.externaltools.gnu-tools-for-stm32.10.3-2021.10.win32_1.0.0.202111181127/tools/bin/../lib/gcc/arm-none-eabi/10.3.1/../../../../arm-none-eabi/lib/thumb/v6-m/nofp/crt0.o (memset)
c:/st/stm32cubeide_1.7.0/stm32cubeide/plugins/com.st.stm32cube.ide.mcu.externaltools.gnu-tools-for-stm32.10.3-2021.10.win32_1.0.0.202111181127/tools/bin/../lib/gcc/arm-none-eabi/10.3.1/thumb/v6-m/nofp\libgcc.a(_thumb1_case_uqi.o)
                              ./Drivers/STM32G0xx_HAL_Driver/Src/stm32g0xx_hal_dma.o (__gnu_thumb1_case_uqi)
c:/st/stm32cubeide_1.7.0/stm32cubeide/plugins/com.st.stm32cube.ide.mcu.externaltools.gnu-tools-for-stm32.10.3-2021.10.win32_1.0.0.202111181127/tools/bin/../lib/gcc/arm-none-eabi/10.3.1/thumb/v6-m/nofp\libgcc.a(_udivsi3.o)
                              ./Core/Src/system_stm32g0xx.o (__aeabi_uidiv)
c:/st/stm32cubeide_1.7.0/stm32cubeide/plugins/com.st.stm32cube.ide.mcu.externaltools.gnu-tools-for-stm32.10.3-2021.10.win32_1.0.0.202111181127/tools/bin/../lib/gcc/arm-none-eabi/10.3.1/thumb/v6-m/nofp\libgcc.a(_divsi3.o)
                              ./Core/Src/system_stm32g0xx.o (__aeabi_idiv)
c:/st/stm32cubeide_1.7.0/stm32cubeide/plugins/com.st.stm32cube.ide.mcu.externaltools.gnu-tools-for-stm32.10.3-2021.10.win32_1.0.0.202111181127/tools/bin/../lib/gcc/arm-none-eabi/10.3.1/thumb/v6-m/nofp\libgcc.a(_dvmd_tls.o)
                              c:/st/stm32cubeide_1.7.0/stm32cubeide/plugins/com.st.stm32cube.ide.mcu.externaltools.gnu-tools-for-stm32.10.3-2021.10.win32_1.0.0.202111181127/tools/bin/../lib/gcc/arm-none-eabi/10.3.1/thumb/v6-m/nofp\libgcc.a(_udivsi3.o) (__aeabi_idiv0)

Discarded input sections

 .text          0x0000000000000000        0x0 c:/st/stm32cubeide_1.7.0/stm32cubeide/plugins/com.st.stm32cube.ide.mcu.externaltools.gnu-tools-for-stm32.10.3-2021.10.win32_1.0.0.202111181127/tools/bin/../lib/gcc/arm-none-eabi/10.3.1/thumb/v6-m/nofp/crti.o
 .data          0x0000000000000000        0x0 c:/st/stm32cubeide_1.7.0/stm32cubeide/plugins/com.st.stm32cube.ide.mcu.externaltools.gnu-tools-for-stm32.10.3-2021.10.win32_1.0.0.202111181127/tools/bin/../lib/gcc/arm-none-eabi/10.3.1/thumb/v6-m/nofp/crti.o
 .bss           0x0000000000000000        0x0 c:/st/stm32cubeide_1.7.0/stm32cubeide/plugins/com.st.stm32cube.ide.mcu.externaltools.gnu-tools-for-stm32.10.3-2021.10.win32_1.0.0.202111181127/tools/bin/../lib/gcc/arm-none-eabi/10.3.1/thumb/v6-m/nofp/crti.o
[...]
Memory Configuration

Name             Origin             Length             Attributes
RAM              0x0000000020000000 0x0000000000002000 xrw
FLASH            0x0000000008000000 0x0000000000008000 xr
*default*        0x0000000000000000 0xffffffffffffffff

Linker script and memory map

LOAD c:/st/stm32cubeide_1.7.0/stm32cubeide/plugins/com.st.stm32cube.ide.mcu.externaltools.gnu-tools-for-stm32.10.3-2021.10.win32_1.0.0.202111181127/tools/bin/../lib/gcc/arm-none-eabi/10.3.1/thumb/v6-m/nofp/crti.o
LOAD c:/st/stm32cubeide_1.7.0/stm32cubeide/plugins/com.st.stm32cube.ide.mcu.externaltools.gnu-tools-for-stm32.10.3-2021.10.win32_1.0.0.202111181127/tools/bin/../lib/gcc/arm-none-eabi/10.3.1/thumb/v6-m/nofp/crtbegin.o
LOAD c:/st/stm32cubeide_1.7.0/stm32cubeide/plugins/com.st.stm32cube.ide.mcu.externaltools.gnu-tools-for-stm32.10.3-2021.10.win32_1.0.0.202111181127/tools/bin/../lib/gcc/arm-none-eabi/10.3.1/../../../../arm-none-eabi/lib/thumb/v6-m/nofp/crt0.o
LOAD ./Core/Src/MAX485.o
LOAD ./Core/Src/MAXProtocol.o
LOAD ./Core/Src/SM.o
LOAD ./Core/Src/adc.o
LOAD ./Core/Src/bh1750.o
LOAD ./Core/Src/crc.o
LOAD ./Core/Src/dma.o
LOAD ./Core/Src/gpio.o
LOAD ./Core/Src/i2c.o
LOAD ./Core/Src/main.o
LOAD ./Core/Src/rtc.o
LOAD ./Core/Src/stm32g0xx_hal_msp.o
LOAD ./Core/Src/stm32g0xx_it.o
LOAD ./Core/Src/supp.o
LOAD ./Core/Src/syscalls.o
LOAD ./Core/Src/sysmem.o
LOAD ./Core/Src/system_stm32g0xx.o
LOAD ./Core/Src/tim.o
LOAD ./Core/Src/usart.o
LOAD ./Core/Startup/startup_stm32g030j6mx.o
LOAD ./Drivers/STM32G0xx_HAL_Driver/Src/stm32g0xx_hal.o
LOAD ./Drivers/STM32G0xx_HAL_Driver/Src/stm32g0xx_hal_adc.o
LOAD ./Drivers/STM32G0xx_HAL_Driver/Src/stm32g0xx_hal_adc_ex.o
LOAD ./Drivers/STM32G0xx_HAL_Driver/Src/stm32g0xx_hal_cortex.o
LOAD ./Drivers/STM32G0xx_HAL_Driver/Src/stm32g0xx_hal_dma.o
LOAD ./Drivers/STM32G0xx_HAL_Driver/Src/stm32g0xx_hal_dma_ex.o
LOAD ./Drivers/STM32G0xx_HAL_Driver/Src/stm32g0xx_hal_exti.o
LOAD ./Drivers/STM32G0xx_HAL_Driver/Src/stm32g0xx_hal_flash.o
LOAD ./Drivers/STM32G0xx_HAL_Driver/Src/stm32g0xx_hal_flash_ex.o
LOAD ./Drivers/STM32G0xx_HAL_Driver/Src/stm32g0xx_hal_gpio.o
LOAD ./Drivers/STM32G0xx_HAL_Driver/Src/stm32g0xx_hal_i2c.o
LOAD ./Drivers/STM32G0xx_HAL_Driver/Src/stm32g0xx_hal_i2c_ex.o
LOAD ./Drivers/STM32G0xx_HAL_Driver/Src/stm32g0xx_hal_pwr.o
LOAD ./Drivers/STM32G0xx_HAL_Driver/Src/stm32g0xx_hal_pwr_ex.o
LOAD ./Drivers/STM32G0xx_HAL_Driver/Src/stm32g0xx_hal_rcc.o
LOAD ./Drivers/STM32G0xx_HAL_Driver/Src/stm32g0xx_hal_rcc_ex.o
LOAD ./Drivers/STM32G0xx_HAL_Driver/Src/stm32g0xx_hal_rtc.o
LOAD ./Drivers/STM32G0xx_HAL_Driver/Src/stm32g0xx_hal_rtc_ex.o
LOAD ./Drivers/STM32G0xx_HAL_Driver/Src/stm32g0xx_hal_tim.o
LOAD ./Drivers/STM32G0xx_HAL_Driver/Src/stm32g0xx_hal_tim_ex.o
LOAD ./Drivers/STM32G0xx_HAL_Driver/Src/stm32g0xx_hal_uart.o
LOAD ./Drivers/STM32G0xx_HAL_Driver/Src/stm32g0xx_hal_uart_ex.o
LOAD ./Drivers/STM32G0xx_HAL_Driver/Src/stm32g0xx_ll_adc.o
LOAD ./Drivers/STM32G0xx_HAL_Driver/Src/stm32g0xx_ll_dma.o
LOAD ./Drivers/STM32G0xx_HAL_Driver/Src/stm32g0xx_ll_rcc.o
START GROUP
LOAD c:/st/stm32cubeide_1.7.0/stm32cubeide/plugins/com.st.stm32cube.ide.mcu.externaltools.gnu-tools-for-stm32.10.3-2021.10.win32_1.0.0.202111181127/tools/bin/../lib/gcc/arm-none-eabi/10.3.1/../../../../arm-none-eabi/lib/thumb/v6-m/nofp\libc_nano.a
LOAD c:/st/stm32cubeide_1.7.0/stm32cubeide/plugins/com.st.stm32cube.ide.mcu.externaltools.gnu-tools-for-stm32.10.3-2021.10.win32_1.0.0.202111181127/tools/bin/../lib/gcc/arm-none-eabi/10.3.1/../../../../arm-none-eabi/lib/thumb/v6-m/nofp\libm.a
END GROUP
START GROUP
LOAD c:/st/stm32cubeide_1.7.0/stm32cubeide/plugins/com.st.stm32cube.ide.mcu.externaltools.gnu-tools-for-stm32.10.3-2021.10.win32_1.0.0.202111181127/tools/bin/../lib/gcc/arm-none-eabi/10.3.1/thumb/v6-m/nofp\libgcc.a
LOAD c:/st/stm32cubeide_1.7.0/stm32cubeide/plugins/com.st.stm32cube.ide.mcu.externaltools.gnu-tools-for-stm32.10.3-2021.10.win32_1.0.0.202111181127/tools/bin/../lib/gcc/arm-none-eabi/10.3.1/../../../../arm-none-eabi/lib/thumb/v6-m/nofp\libc_nano.a
END GROUP
START GROUP
LOAD c:/st/stm32cubeide_1.7.0/stm32cubeide/plugins/com.st.stm32cube.ide.mcu.externaltools.gnu-tools-for-stm32.10.3-2021.10.win32_1.0.0.202111181127/tools/bin/../lib/gcc/arm-none-eabi/10.3.1/thumb/v6-m/nofp\libgcc.a
LOAD c:/st/stm32cubeide_1.7.0/stm32cubeide/plugins/com.st.stm32cube.ide.mcu.externaltools.gnu-tools-for-stm32.10.3-2021.10.win32_1.0.0.202111181127/tools/bin/../lib/gcc/arm-none-eabi/10.3.1/../../../../arm-none-eabi/lib/thumb/v6-m/nofp\libc_nano.a
LOAD c:/st/stm32cubeide_1.7.0/stm32cubeide/plugins/com.st.stm32cube.ide.mcu.externaltools.gnu-tools-for-stm32.10.3-2021.10.win32_1.0.0.202111181127/tools/bin/../lib/gcc/arm-none-eabi/10.3.1/../../../../arm-none-eabi/lib/thumb/v6-m/nofp\libnosys.a
END GROUP
START GROUP
LOAD c:/st/stm32cubeide_1.7.0/stm32cubeide/plugins/com.st.stm32cube.ide.mcu.externaltools.gnu-tools-for-stm32.10.3-2021.10.win32_1.0.0.202111181127/tools/bin/../lib/gcc/arm-none-eabi/10.3.1/thumb/v6-m/nofp\libgcc.a
LOAD c:/st/stm32cubeide_1.7.0/stm32cubeide/plugins/com.st.stm32cube.ide.mcu.externaltools.gnu-tools-for-stm32.10.3-2021.10.win32_1.0.0.202111181127/tools/bin/../lib/gcc/arm-none-eabi/10.3.1/../../../../arm-none-eabi/lib/thumb/v6-m/nofp\libc_nano.a
LOAD c:/st/stm32cubeide_1.7.0/stm32cubeide/plugins/com.st.stm32cube.ide.mcu.externaltools.gnu-tools-for-stm32.10.3-2021.10.win32_1.0.0.202111181127/tools/bin/../lib/gcc/arm-none-eabi/10.3.1/../../../../arm-none-eabi/lib/thumb/v6-m/nofp\libnosys.a
END GROUP
LOAD c:/st/stm32cubeide_1.7.0/stm32cubeide/plugins/com.st.stm32cube.ide.mcu.externaltools.gnu-tools-for-stm32.10.3-2021.10.win32_1.0.0.202111181127/tools/bin/../lib/gcc/arm-none-eabi/10.3.1/thumb/v6-m/nofp/crtend.o
LOAD c:/st/stm32cubeide_1.7.0/stm32cubeide/plugins/com.st.stm32cube.ide.mcu.externaltools.gnu-tools-for-stm32.10.3-2021.10.win32_1.0.0.202111181127/tools/bin/../lib/gcc/arm-none-eabi/10.3.1/thumb/v6-m/nofp/crtn.o
                0x0000000020002000                _estack = (ORIGIN (RAM) + LENGTH (RAM))
                0x0000000000000200                _Min_Heap_Size = 0x200
                0x0000000000000c00                _Min_Stack_Size = 0xc00

.isr_vector     0x0000000008000000       0xb8
                0x0000000008000000                . = ALIGN (0x4)
 *(.isr_vector)
 .isr_vector    0x0000000008000000       0xb8 ./Core/Startup/startup_stm32g030j6mx.o
                0x0000000008000000                g_pfnVectors
                0x00000000080000b8                . = ALIGN (0x4)

.text           0x00000000080000b8     0x39d4
                0x00000000080000b8                . = ALIGN (0x4)
 *(.text)
 .text          0x00000000080000b8       0x48 c:/st/stm32cubeide_1.7.0/stm32cubeide/plugins/com.st.stm32cube.ide.mcu.externaltools.gnu-tools-for-stm32.10.3-2021.10.win32_1.0.0.202111181127/tools/bin/../lib/gcc/arm-none-eabi/10.3.1/thumb/v6-m/nofp/crtbegin.o
 .text          0x0000000008000100       0x14 c:/st/stm32cubeide_1.7.0/stm32cubeide/plugins/com.st.stm32cube.ide.mcu.externaltools.gnu-tools-for-stm32.10.3-2021.10.win32_1.0.0.202111181127/tools/bin/../lib/gcc/arm-none-eabi/10.3.1/thumb/v6-m/nofp\libgcc.a(_thumb1_case_uqi.o)
                0x0000000008000100                __gnu_thumb1_case_uqi
 .text          0x0000000008000114      0x114 c:/st/stm32cubeide_1.7.0/stm32cubeide/plugins/com.st.stm32cube.ide.mcu.externaltools.gnu-tools-for-stm32.10.3-2021.10.win32_1.0.0.202111181127/tools/bin/../lib/gcc/arm-none-eabi/10.3.1/thumb/v6-m/nofp\libgcc.a(_udivsi3.o)
                0x0000000008000114                __aeabi_uidiv
                0x0000000008000114                __udivsi3
                0x0000000008000220                __aeabi_uidivmod
 .text          0x0000000008000228      0x1d4 c:/st/stm32cubeide_1.7.0/stm32cubeide/plugins/com.st.stm32cube.ide.mcu.externaltools.gnu-tools-for-stm32.10.3-2021.10.win32_1.0.0.202111181127/tools/bin/../lib/gcc/arm-none-eabi/10.3.1/thumb/v6-m/nofp\libgcc.a(_divsi3.o)
                0x0000000008000228                __divsi3
                0x0000000008000228                __aeabi_idiv
                0x00000000080003f4                __aeabi_idivmod
 .text          0x00000000080003fc        0x4 c:/st/stm32cubeide_1.7.0/stm32cubeide/plugins/com.st.stm32cube.ide.mcu.externaltools.gnu-tools-for-stm32.10.3-2021.10.win32_1.0.0.202111181127/tools/bin/../lib/gcc/arm-none-eabi/10.3.1/thumb/v6-m/nofp\libgcc.a(_dvmd_tls.o)
                0x00000000080003fc                __aeabi_idiv0
                0x00000000080003fc                __aeabi_ldiv0
 *(.text*)
 .text.MAX485_ReciveToIdleDMA
                0x0000000008000400       0x24 ./Core/Src/MAX485.o
                0x0000000008000400                MAX485_ReciveToIdleDMA
 .text.MAX485_TransmitData
                0x0000000008000424       0x3c ./Core/Src/MAX485.o
                0x0000000008000424                MAX485_TransmitData
 .text.MAX485_Init
                0x0000000008000460        0xc ./Core/Src/MAX485.o
                0x0000000008000460                MAX485_Init
 .text.HAL_UARTEx_RxEventCallback
                0x000000000800046c       0x18 ./Core/Src/MAX485.o
                0x000000000800046c                HAL_UARTEx_RxEventCallback
 .text.MAX_InitializeFunction
                0x0000000008000484       0x10 ./Core/Src/MAXProtocol.o
 .text.MAX_RunningFunction
                0x0000000008000494       0x5c ./Core/Src/MAXProtocol.o
 .text.MAX_IdleFunction
                0x00000000080004f0       0x38 ./Core/Src/MAXProtocol.o
 .text.MAX_ParseResponseFunction
                0x0000000008000528       0x90 ./Core/Src/MAXProtocol.o
 .text.MAX_WaitForResponseFunction
                0x00000000080005b8       0x30 ./Core/Src/MAXProtocol.o
 .text.MAX_SendFunction
                0x00000000080005e8       0x48 ./Core/Src/MAXProtocol.o
 .text.MAX_SendResponseFunction
                0x0000000008000630       0x44 ./Core/Src/MAXProtocol.o
 .text.MAX_ParseFunction
                0x0000000008000674       0x88 ./Core/Src/MAXProtocol.o
 .text.MAX_Handle
                0x00000000080006fc       0x50 ./Core/Src/MAXProtocol.o
                0x00000000080006fc                MAX_Handle
 .text.MAX_Init
                0x000000000800074c       0x48 ./Core/Src/MAXProtocol.o
                0x000000000800074c                MAX_Init
 .text.MAX_RegisterCommandFunction
                0x0000000008000794       0x10 ./Core/Src/MAXProtocol.o
                0x0000000008000794                MAX_RegisterCommandFunction
 .text.MAX_InterruptTask
                0x00000000080007a4       0x10 ./Core/Src/MAXProtocol.o
                0x00000000080007a4                MAX_InterruptTask
 .text.MAX_SendData
                0x00000000080007b4       0x54 ./Core/Src/MAXProtocol.o
                0x00000000080007b4                MAX_SendData
 .text.SM_WaitForSendFunction
                0x0000000008000808       0x18 ./Core/Src/SM.o
 .text.SM_SleepFunction
                0x0000000008000820       0x18 ./Core/Src/SM.o
 .text.MAX_CommandStartMeasurmentFunction
                0x0000000008000838        0xc ./Core/Src/SM.o
                0x0000000008000838                MAX_CommandStartMeasurmentFunction
 .text.MAX_CommandGoToDeepSleepFunction
                0x0000000008000844        0x2 ./Core/Src/SM.o
                0x0000000008000844                MAX_CommandGoToDeepSleepFunction
 .text.MAX_CommandTestFunction
                0x0000000008000846       0x16 ./Core/Src/SM.o
                0x0000000008000846                MAX_CommandTestFunction
 .text.SM_InitializeFunction
                0x000000000800085c       0x70 ./Core/Src/SM.o
 .text.SM_RunningFunction
                0x00000000080008cc       0x44 ./Core/Src/SM.o
 .text.SM_MainFunction
                0x0000000008000910       0x70 ./Core/Src/SM.o
                0x0000000008000910                SM_MainFunction
 .text.MX_ADC1_Init
                0x0000000008000980       0x80 ./Core/Src/adc.o
                0x0000000008000980                MX_ADC1_Init
 .text.HAL_ADC_MspInit
                0x0000000008000a00       0x4c ./Core/Src/adc.o
                0x0000000008000a00                HAL_ADC_MspInit
 .text.bh1750_TransmitData
                0x0000000008000a4c       0x1a ./Core/Src/bh1750.o
                0x0000000008000a4c                bh1750_TransmitData
 .text.bh1750_ReceiveData
                0x0000000008000a66       0x1a ./Core/Src/bh1750.o
                0x0000000008000a66                bh1750_ReceiveData
 .text.bh1750_ChangeState
                0x0000000008000a80       0x28 ./Core/Src/bh1750.o
                0x0000000008000a80                bh1750_ChangeState
 .text.bh1750_SendStartMeasurment
                0x0000000008000aa8       0x1a ./Core/Src/bh1750.o
                0x0000000008000aa8                bh1750_SendStartMeasurment
 .text.bh1750_ReadMeasurment
                0x0000000008000ac2       0x14 ./Core/Src/bh1750.o
                0x0000000008000ac2                bh1750_ReadMeasurment
 .text.bh1750_ReadLuxOneTime
                0x0000000008000ad6       0x18 ./Core/Src/bh1750.o
                0x0000000008000ad6                bh1750_ReadLuxOneTime
 .text.bh1750_Init
                0x0000000008000aee       0x16 ./Core/Src/bh1750.o
                0x0000000008000aee                bh1750_Init
 .text.Crc      0x0000000008000b04       0x58 ./Core/Src/crc.o
                0x0000000008000b04                Crc
 .text.RepareMessage
                0x0000000008000b5c       0x52 ./Core/Src/crc.o
                0x0000000008000b5c                RepareMessage
 *fill*         0x0000000008000bae        0x2 
 .text.MX_DMA_Init
                0x0000000008000bb0       0x1c ./Core/Src/dma.o
                0x0000000008000bb0                MX_DMA_Init
 .text.MX_GPIO_Init
                0x0000000008000bcc       0x60 ./Core/Src/gpio.o
                0x0000000008000bcc                MX_GPIO_Init
 .text.MX_I2C2_Init
                0x0000000008000c2c       0x5c ./Core/Src/i2c.o
                0x0000000008000c2c                MX_I2C2_Init
 .text.HAL_I2C_MspInit
                0x0000000008000c88       0x60 ./Core/Src/i2c.o
                0x0000000008000c88                HAL_I2C_MspInit
 .text.SystemClock_Config
                0x0000000008000ce8       0x78 ./Core/Src/main.o
                0x0000000008000ce8                SystemClock_Config
 .text.startup.main
                0x0000000008000d60       0x58 ./Core/Src/main.o
                0x0000000008000d60                main
 .text.Error_Handler
                0x0000000008000db8        0x4 ./Core/Src/main.o
                0x0000000008000db8                Error_Handler
 .text.MX_RTC_Init
                0x0000000008000dbc       0x38 ./Core/Src/rtc.o
                0x0000000008000dbc                MX_RTC_Init
 .text.HAL_RTC_MspInit
                0x0000000008000df4       0x5c ./Core/Src/rtc.o
                0x0000000008000df4                HAL_RTC_MspInit
 .text.HAL_MspInit
                0x0000000008000e50       0x30 ./Core/Src/stm32g0xx_hal_msp.o
                0x0000000008000e50                HAL_MspInit
 .text.NMI_Handler
                0x0000000008000e80        0x2 ./Core/Src/stm32g0xx_it.o
                0x0000000008000e80                NMI_Handler
 .text.HardFault_Handler
                0x0000000008000e82        0x8 ./Core/Src/stm32g0xx_it.o
                0x0000000008000e82                HardFault_Handler
 .text.SVC_Handler
                0x0000000008000e8a        0x2 ./Core/Src/stm32g0xx_it.o
                0x0000000008000e8a                SVC_Handler
 .text.PendSV_Handler
                0x0000000008000e8c        0x2 ./Core/Src/stm32g0xx_it.o
                0x0000000008000e8c                PendSV_Handler
 .text.SysTick_Handler
                0x0000000008000e8e        0x8 ./Core/Src/stm32g0xx_it.o
                0x0000000008000e8e                SysTick_Handler
 *fill*         0x0000000008000e96        0x2 
 .text.DMA1_Channel1_IRQHandler
                0x0000000008000e98       0x10 ./Core/Src/stm32g0xx_it.o
                0x0000000008000e98                DMA1_Channel1_IRQHandler
 .text.USART1_IRQHandler
                0x0000000008000ea8       0x10 ./Core/Src/stm32g0xx_it.o
                0x0000000008000ea8                USART1_IRQHandler
 .text.SystemInit
                0x0000000008000eb8       0x10 ./Core/Src/system_stm32g0xx.o
                0x0000000008000eb8                SystemInit
 .text.MX_TIM17_Init
                0x0000000008000ec8       0x34 ./Core/Src/tim.o
                0x0000000008000ec8                MX_TIM17_Init
 .text.HAL_TIM_Base_MspInit
                0x0000000008000efc       0x2c ./Core/Src/tim.o
                0x0000000008000efc                HAL_TIM_Base_MspInit
 .text.MX_USART1_UART_Init
                0x0000000008000f28       0x6c ./Core/Src/usart.o
                0x0000000008000f28                MX_USART1_UART_Init
 .text.HAL_UART_MspInit
                0x0000000008000f94       0xbc ./Core/Src/usart.o
                0x0000000008000f94                HAL_UART_MspInit
 .text.Reset_Handler
                0x0000000008001050       0x50 ./Core/Startup/startup_stm32g030j6mx.o
                0x0000000008001050                Reset_Handler
 .text.Default_Handler
                0x00000000080010a0        0x2 ./Core/Startup/startup_stm32g030j6mx.o
                0x00000000080010a0                TIM1_CC_IRQHandler
                0x00000000080010a0                I2C1_IRQHandler
                0x00000000080010a0                RTC_TAMP_IRQHandler
                0x00000000080010a0                SPI1_IRQHandler
                0x00000000080010a0                DMA1_Ch4_5_DMAMUX1_OVR_IRQHandler
                0x00000000080010a0                EXTI2_3_IRQHandler
                0x00000000080010a0                ADC1_IRQHandler
                0x00000000080010a0                I2C2_IRQHandler
                0x00000000080010a0                TIM17_IRQHandler
                0x00000000080010a0                TIM16_IRQHandler
                0x00000000080010a0                TIM3_IRQHandler
                0x00000000080010a0                EXTI4_15_IRQHandler
                0x00000000080010a0                RCC_IRQHandler
                0x00000000080010a0                Default_Handler
                0x00000000080010a0                TIM14_IRQHandler
                0x00000000080010a0                EXTI0_1_IRQHandler
                0x00000000080010a0                SPI2_IRQHandler
                0x00000000080010a0                WWDG_IRQHandler
                0x00000000080010a0                DMA1_Channel2_3_IRQHandler
                0x00000000080010a0                USART2_IRQHandler
                0x00000000080010a0                FLASH_IRQHandler
                0x00000000080010a0                TIM1_BRK_UP_TRG_COM_IRQHandler
 *fill*         0x00000000080010a2        0x2 
 .text.HAL_InitTick
                0x00000000080010a4       0x50 ./Drivers/STM32G0xx_HAL_Driver/Src/stm32g0xx_hal.o
                0x00000000080010a4                HAL_InitTick
 .text.HAL_Init
                0x00000000080010f4       0x28 ./Drivers/STM32G0xx_HAL_Driver/Src/stm32g0xx_hal.o
                0x00000000080010f4                HAL_Init
 .text.HAL_IncTick
                0x000000000800111c       0x18 ./Drivers/STM32G0xx_HAL_Driver/Src/stm32g0xx_hal.o
                0x000000000800111c                HAL_IncTick
 .text.HAL_GetTick
                0x0000000008001134        0xc ./Drivers/STM32G0xx_HAL_Driver/Src/stm32g0xx_hal.o
                0x0000000008001134                HAL_GetTick
 .text.HAL_Delay
                0x0000000008001140       0x24 ./Drivers/STM32G0xx_HAL_Driver/Src/stm32g0xx_hal.o
                0x0000000008001140                HAL_Delay
 .text.LL_ADC_REG_IsConversionOngoing
                0x0000000008001164        0x8 ./Drivers/STM32G0xx_HAL_Driver/Src/stm32g0xx_hal_adc.o
 .text.HAL_ADC_Init
                0x000000000800116c      0x228 ./Drivers/STM32G0xx_HAL_Driver/Src/stm32g0xx_hal_adc.o
                0x000000000800116c                HAL_ADC_Init
 .text.HAL_ADC_PollForConversion
                0x0000000008001394       0xc4 ./Drivers/STM32G0xx_HAL_Driver/Src/stm32g0xx_hal_adc.o
                0x0000000008001394                HAL_ADC_PollForConversion
 .text.HAL_ADC_GetValue
                0x0000000008001458        0x6 ./Drivers/STM32G0xx_HAL_Driver/Src/stm32g0xx_hal_adc.o
                0x0000000008001458                HAL_ADC_GetValue
 *fill*         0x000000000800145e        0x2 
 .text.HAL_ADC_ConfigChannel
                0x0000000008001460      0x24c ./Drivers/STM32G0xx_HAL_Driver/Src/stm32g0xx_hal_adc.o
                0x0000000008001460                HAL_ADC_ConfigChannel
 .text.ADC_Enable
                0x00000000080016ac       0xb8 ./Drivers/STM32G0xx_HAL_Driver/Src/stm32g0xx_hal_adc.o
                0x00000000080016ac                ADC_Enable
 .text.HAL_ADC_Start
                0x0000000008001764       0x5c ./Drivers/STM32G0xx_HAL_Driver/Src/stm32g0xx_hal_adc.o
                0x0000000008001764                HAL_ADC_Start
 .text.HAL_NVIC_SetPriority
                0x00000000080017c0       0x54 ./Drivers/STM32G0xx_HAL_Driver/Src/stm32g0xx_hal_cortex.o
                0x00000000080017c0                HAL_NVIC_SetPriority
 .text.HAL_NVIC_EnableIRQ
                0x0000000008001814       0x18 ./Drivers/STM32G0xx_HAL_Driver/Src/stm32g0xx_hal_cortex.o
                0x0000000008001814                HAL_NVIC_EnableIRQ
 .text.HAL_NVIC_SystemReset
                0x000000000800182c       0x1c ./Drivers/STM32G0xx_HAL_Driver/Src/stm32g0xx_hal_cortex.o
                0x000000000800182c                HAL_NVIC_SystemReset
 .text.HAL_SYSTICK_Config
                0x0000000008001848       0x34 ./Drivers/STM32G0xx_HAL_Driver/Src/stm32g0xx_hal_cortex.o
                0x0000000008001848                HAL_SYSTICK_Config
 .text.DMA_SetConfig
                0x000000000800187c       0x40 ./Drivers/STM32G0xx_HAL_Driver/Src/stm32g0xx_hal_dma.o
 .text.DMA_CalcDMAMUXChannelBaseAndMask
                0x00000000080018bc       0x34 ./Drivers/STM32G0xx_HAL_Driver/Src/stm32g0xx_hal_dma.o
 .text.HAL_DMA_Init
                0x00000000080018f0       0xbc ./Drivers/STM32G0xx_HAL_Driver/Src/stm32g0xx_hal_dma.o
                0x00000000080018f0                HAL_DMA_Init
 .text.HAL_DMA_Start_IT
                0x00000000080019ac       0x92 ./Drivers/STM32G0xx_HAL_Driver/Src/stm32g0xx_hal_dma.o
                0x00000000080019ac                HAL_DMA_Start_IT
 *fill*         0x0000000008001a3e        0x2 
 .text.HAL_DMA_Abort
                0x0000000008001a40       0x7c ./Drivers/STM32G0xx_HAL_Driver/Src/stm32g0xx_hal_dma.o
                0x0000000008001a40                HAL_DMA_Abort
 .text.HAL_DMA_Abort_IT
                0x0000000008001abc       0x78 ./Drivers/STM32G0xx_HAL_Driver/Src/stm32g0xx_hal_dma.o
                0x0000000008001abc                HAL_DMA_Abort_IT
 .text.HAL_DMA_IRQHandler
                0x0000000008001b34       0xa8 ./Drivers/STM32G0xx_HAL_Driver/Src/stm32g0xx_hal_dma.o
                0x0000000008001b34                HAL_DMA_IRQHandler
 .text.HAL_GPIO_Init
                0x0000000008001bdc      0x15c ./Drivers/STM32G0xx_HAL_Driver/Src/stm32g0xx_hal_gpio.o
                0x0000000008001bdc                HAL_GPIO_Init
 .text.HAL_GPIO_WritePin
                0x0000000008001d38        0xc ./Drivers/STM32G0xx_HAL_Driver/Src/stm32g0xx_hal_gpio.o
                0x0000000008001d38                HAL_GPIO_WritePin
 .text.I2C_Flush_TXDR
                0x0000000008001d44       0x1c ./Drivers/STM32G0xx_HAL_Driver/Src/stm32g0xx_hal_i2c.o
 .text.I2C_TransferConfig
                0x0000000008001d60       0x2c ./Drivers/STM32G0xx_HAL_Driver/Src/stm32g0xx_hal_i2c.o
 .text.I2C_IsErrorOccurred
                0x0000000008001d8c      0x108 ./Drivers/STM32G0xx_HAL_Driver/Src/stm32g0xx_hal_i2c.o
 .text.I2C_WaitOnTXISFlagUntilTimeout
                0x0000000008001e94       0x54 ./Drivers/STM32G0xx_HAL_Driver/Src/stm32g0xx_hal_i2c.o
 .text.I2C_WaitOnRXNEFlagUntilTimeout
                0x0000000008001ee8       0x98 ./Drivers/STM32G0xx_HAL_Driver/Src/stm32g0xx_hal_i2c.o
 .text.I2C_WaitOnFlagUntilTimeout
                0x0000000008001f80       0x50 ./Drivers/STM32G0xx_HAL_Driver/Src/stm32g0xx_hal_i2c.o
 .text.I2C_WaitOnSTOPFlagUntilTimeout
                0x0000000008001fd0       0x50 ./Drivers/STM32G0xx_HAL_Driver/Src/stm32g0xx_hal_i2c.o
 .text.HAL_I2C_Init
                0x0000000008002020       0xac ./Drivers/STM32G0xx_HAL_Driver/Src/stm32g0xx_hal_i2c.o
                0x0000000008002020                HAL_I2C_Init
 .text.HAL_I2C_Master_Transmit
                0x00000000080020cc      0x124 ./Drivers/STM32G0xx_HAL_Driver/Src/stm32g0xx_hal_i2c.o
                0x00000000080020cc                HAL_I2C_Master_Transmit
 .text.HAL_I2C_Master_Receive
                0x00000000080021f0      0x124 ./Drivers/STM32G0xx_HAL_Driver/Src/stm32g0xx_hal_i2c.o
                0x00000000080021f0                HAL_I2C_Master_Receive
 .text.HAL_I2CEx_ConfigAnalogFilter
                0x0000000008002314       0x4c ./Drivers/STM32G0xx_HAL_Driver/Src/stm32g0xx_hal_i2c_ex.o
                0x0000000008002314                HAL_I2CEx_ConfigAnalogFilter
 .text.HAL_I2CEx_ConfigDigitalFilter
                0x0000000008002360       0x48 ./Drivers/STM32G0xx_HAL_Driver/Src/stm32g0xx_hal_i2c_ex.o
                0x0000000008002360                HAL_I2CEx_ConfigDigitalFilter
 .text.HAL_PWREx_ControlVoltageScaling
                0x00000000080023a8       0x58 ./Drivers/STM32G0xx_HAL_Driver/Src/stm32g0xx_hal_pwr_ex.o
                0x00000000080023a8                HAL_PWREx_ControlVoltageScaling
 .text.HAL_RCC_OscConfig
                0x0000000008002400      0x434 ./Drivers/STM32G0xx_HAL_Driver/Src/stm32g0xx_hal_rcc.o
                0x0000000008002400                HAL_RCC_OscConfig
 .text.HAL_RCC_GetSysClockFreq
                0x0000000008002834       0x8c ./Drivers/STM32G0xx_HAL_Driver/Src/stm32g0xx_hal_rcc.o
                0x0000000008002834                HAL_RCC_GetSysClockFreq
 .text.HAL_RCC_ClockConfig
                0x00000000080028c0      0x15c ./Drivers/STM32G0xx_HAL_Driver/Src/stm32g0xx_hal_rcc.o
                0x00000000080028c0                HAL_RCC_ClockConfig
 .text.HAL_RCC_GetPCLK1Freq
                0x0000000008002a1c       0x28 ./Drivers/STM32G0xx_HAL_Driver/Src/stm32g0xx_hal_rcc.o
                0x0000000008002a1c                HAL_RCC_GetPCLK1Freq
 .text.HAL_RCCEx_PeriphCLKConfig
                0x0000000008002a44      0x154 ./Drivers/STM32G0xx_HAL_Driver/Src/stm32g0xx_hal_rcc_ex.o
                0x0000000008002a44                HAL_RCCEx_PeriphCLKConfig
 .text.HAL_RTC_WaitForSynchro
                0x0000000008002b98       0x34 ./Drivers/STM32G0xx_HAL_Driver/Src/stm32g0xx_hal_rtc.o
                0x0000000008002b98                HAL_RTC_WaitForSynchro
 .text.RTC_EnterInitMode
                0x0000000008002bcc       0x48 ./Drivers/STM32G0xx_HAL_Driver/Src/stm32g0xx_hal_rtc.o
                0x0000000008002bcc                RTC_EnterInitMode
 .text.RTC_ExitInitMode
                0x0000000008002c14       0x48 ./Drivers/STM32G0xx_HAL_Driver/Src/stm32g0xx_hal_rtc.o
                0x0000000008002c14                RTC_ExitInitMode
 .text.HAL_RTC_Init
                0x0000000008002c5c       0xac ./Drivers/STM32G0xx_HAL_Driver/Src/stm32g0xx_hal_rtc.o
                0x0000000008002c5c                HAL_RTC_Init
 .text.HAL_TIM_Base_Start
                0x0000000008002d08       0x54 ./Drivers/STM32G0xx_HAL_Driver/Src/stm32g0xx_hal_tim.o
                0x0000000008002d08                HAL_TIM_Base_Start
 .text.TIM_Base_SetConfig
                0x0000000008002d5c       0x80 ./Drivers/STM32G0xx_HAL_Driver/Src/stm32g0xx_hal_tim.o
                0x0000000008002d5c                TIM_Base_SetConfig
 .text.HAL_TIM_Base_Init
                0x0000000008002ddc       0x54 ./Drivers/STM32G0xx_HAL_Driver/Src/stm32g0xx_hal_tim.o
                0x0000000008002ddc                HAL_TIM_Base_Init
 .text.UART_EndTxTransfer
                0x0000000008002e30       0x3c ./Drivers/STM32G0xx_HAL_Driver/Src/stm32g0xx_hal_uart.o
 .text.UART_EndRxTransfer
                0x0000000008002e6c       0x64 ./Drivers/STM32G0xx_HAL_Driver/Src/stm32g0xx_hal_uart.o
 .text.HAL_UART_TxCpltCallback
                0x0000000008002ed0        0x2 ./Drivers/STM32G0xx_HAL_Driver/Src/stm32g0xx_hal_uart.o
                0x0000000008002ed0                HAL_UART_TxCpltCallback
 .text.HAL_UART_RxCpltCallback
                0x0000000008002ed2        0x2 ./Drivers/STM32G0xx_HAL_Driver/Src/stm32g0xx_hal_uart.o
                0x0000000008002ed2                HAL_UART_RxCpltCallback
 .text.HAL_UART_RxHalfCpltCallback
                0x0000000008002ed4        0x2 ./Drivers/STM32G0xx_HAL_Driver/Src/stm32g0xx_hal_uart.o
                0x0000000008002ed4                HAL_UART_RxHalfCpltCallback
 .text.HAL_UART_ErrorCallback
                0x0000000008002ed6        0x2 ./Drivers/STM32G0xx_HAL_Driver/Src/stm32g0xx_hal_uart.o
                0x0000000008002ed6                HAL_UART_ErrorCallback
 .text.UART_DMAError
                0x0000000008002ed8       0x58 ./Drivers/STM32G0xx_HAL_Driver/Src/stm32g0xx_hal_uart.o
 .text.UART_DMAAbortOnError
                0x0000000008002f30       0x16 ./Drivers/STM32G0xx_HAL_Driver/Src/stm32g0xx_hal_uart.o
 *fill*         0x0000000008002f46        0x2 
 .text.HAL_UART_IRQHandler
                0x0000000008002f48      0x338 ./Drivers/STM32G0xx_HAL_Driver/Src/stm32g0xx_hal_uart.o
                0x0000000008002f48                HAL_UART_IRQHandler
 .text.UART_DMARxHalfCplt
                0x0000000008003280       0x22 ./Drivers/STM32G0xx_HAL_Driver/Src/stm32g0xx_hal_uart.o
 *fill*         0x00000000080032a2        0x2 
 .text.UART_DMAReceiveCplt
                0x00000000080032a4       0xa0 ./Drivers/STM32G0xx_HAL_Driver/Src/stm32g0xx_hal_uart.o
 .text.UART_SetConfig
                0x0000000008003344      0x164 ./Drivers/STM32G0xx_HAL_Driver/Src/stm32g0xx_hal_uart.o
                0x0000000008003344                UART_SetConfig
 .text.UART_AdvFeatureConfig
                0x00000000080034a8       0xd0 ./Drivers/STM32G0xx_HAL_Driver/Src/stm32g0xx_hal_uart.o
                0x00000000080034a8                UART_AdvFeatureConfig
 .text.UART_WaitOnFlagUntilTimeout
                0x0000000008003578       0xcc ./Drivers/STM32G0xx_HAL_Driver/Src/stm32g0xx_hal_uart.o
                0x0000000008003578                UART_WaitOnFlagUntilTimeout
 .text.HAL_UART_Transmit
                0x0000000008003644       0xd0 ./Drivers/STM32G0xx_HAL_Driver/Src/stm32g0xx_hal_uart.o
                0x0000000008003644                HAL_UART_Transmit
 .text.UART_CheckIdleState
                0x0000000008003714       0x6c ./Drivers/STM32G0xx_HAL_Driver/Src/stm32g0xx_hal_uart.o
                0x0000000008003714                UART_CheckIdleState
 .text.HAL_UART_Init
                0x0000000008003780       0x68 ./Drivers/STM32G0xx_HAL_Driver/Src/stm32g0xx_hal_uart.o
                0x0000000008003780                HAL_UART_Init
 .text.UART_Start_Receive_DMA
                0x00000000080037e8       0xac ./Drivers/STM32G0xx_HAL_Driver/Src/stm32g0xx_hal_uart.o
                0x00000000080037e8                UART_Start_Receive_DMA
 .text.UARTEx_SetNbDataToProcess
                0x0000000008003894       0x4c ./Drivers/STM32G0xx_HAL_Driver/Src/stm32g0xx_hal_uart_ex.o
 .text.HAL_UARTEx_WakeupCallback
                0x00000000080038e0        0x2 ./Drivers/STM32G0xx_HAL_Driver/Src/stm32g0xx_hal_uart_ex.o
                0x00000000080038e0                HAL_UARTEx_WakeupCallback
 .text.HAL_UARTEx_RxFifoFullCallback
                0x00000000080038e2        0x2 ./Drivers/STM32G0xx_HAL_Driver/Src/stm32g0xx_hal_uart_ex.o
                0x00000000080038e2                HAL_UARTEx_RxFifoFullCallback
 .text.HAL_UARTEx_TxFifoEmptyCallback
                0x00000000080038e4        0x2 ./Drivers/STM32G0xx_HAL_Driver/Src/stm32g0xx_hal_uart_ex.o
                0x00000000080038e4                HAL_UARTEx_TxFifoEmptyCallback
 *fill*         0x00000000080038e6        0x2 
 .text.HAL_UARTEx_DisableFifoMode
                0x00000000080038e8       0x3c ./Drivers/STM32G0xx_HAL_Driver/Src/stm32g0xx_hal_uart_ex.o
                0x00000000080038e8                HAL_UARTEx_DisableFifoMode
 .text.HAL_UARTEx_SetTxFifoThreshold
                0x0000000008003924       0x48 ./Drivers/STM32G0xx_HAL_Driver/Src/stm32g0xx_hal_uart_ex.o
                0x0000000008003924                HAL_UARTEx_SetTxFifoThreshold
 .text.HAL_UARTEx_SetRxFifoThreshold
                0x000000000800396c       0x4c ./Drivers/STM32G0xx_HAL_Driver/Src/stm32g0xx_hal_uart_ex.o
                0x000000000800396c                HAL_UARTEx_SetRxFifoThreshold
 .text.HAL_UARTEx_ReceiveToIdle_DMA
                0x00000000080039b8       0x64 ./Drivers/STM32G0xx_HAL_Driver/Src/stm32g0xx_hal_uart_ex.o
                0x00000000080039b8                HAL_UARTEx_ReceiveToIdle_DMA
 .text.__libc_init_array
                0x0000000008003a1c       0x48 c:/st/stm32cubeide_1.7.0/stm32cubeide/plugins/com.st.stm32cube.ide.mcu.externaltools.gnu-tools-for-stm32.10.3-2021.10.win32_1.0.0.202111181127/tools/bin/../lib/gcc/arm-none-eabi/10.3.1/../../../../arm-none-eabi/lib/thumb/v6-m/nofp\libc_nano.a(lib_a-init.o)
                0x0000000008003a1c                __libc_init_array
 .text.memset   0x0000000008003a64       0x10 c:/st/stm32cubeide_1.7.0/stm32cubeide/plugins/com.st.stm32cube.ide.mcu.externaltools.gnu-tools-for-stm32.10.3-2021.10.win32_1.0.0.202111181127/tools/bin/../lib/gcc/arm-none-eabi/10.3.1/../../../../arm-none-eabi/lib/thumb/v6-m/nofp\libc_nano.a(lib_a-memset.o)
                0x0000000008003a64                memset
 *(.glue_7)
 .glue_7        0x0000000008003a74        0x0 linker stubs
 *(.glue_7t)
 .glue_7t       0x0000000008003a74        0x0 linker stubs
 *(.eh_frame)
 .eh_frame      0x0000000008003a74        0x0 c:/st/stm32cubeide_1.7.0/stm32cubeide/plugins/com.st.stm32cube.ide.mcu.externaltools.gnu-tools-for-stm32.10.3-2021.10.win32_1.0.0.202111181127/tools/bin/../lib/gcc/arm-none-eabi/10.3.1/thumb/v6-m/nofp/crtbegin.o
 *(.init)
 .init          0x0000000008003a74        0x4 c:/st/stm32cubeide_1.7.0/stm32cubeide/plugins/com.st.stm32cube.ide.mcu.externaltools.gnu-tools-for-stm32.10.3-2021.10.win32_1.0.0.202111181127/tools/bin/../lib/gcc/arm-none-eabi/10.3.1/thumb/v6-m/nofp/crti.o
                0x0000000008003a74                _init
 .init          0x0000000008003a78        0x8 c:/st/stm32cubeide_1.7.0/stm32cubeide/plugins/com.st.stm32cube.ide.mcu.externaltools.gnu-tools-for-stm32.10.3-2021.10.win32_1.0.0.202111181127/tools/bin/../lib/gcc/arm-none-eabi/10.3.1/thumb/v6-m/nofp/crtn.o
 *(.fini)
 .fini          0x0000000008003a80        0x4 c:/st/stm32cubeide_1.7.0/stm32cubeide/plugins/com.st.stm32cube.ide.mcu.externaltools.gnu-tools-for-stm32.10.3-2021.10.win32_1.0.0.202111181127/tools/bin/../lib/gcc/arm-none-eabi/10.3.1/thumb/v6-m/nofp/crti.o
                0x0000000008003a80                _fini
 .fini          0x0000000008003a84        0x8 c:/st/stm32cubeide_1.7.0/stm32cubeide/plugins/com.st.stm32cube.ide.mcu.externaltools.gnu-tools-for-stm32.10.3-2021.10.win32_1.0.0.202111181127/tools/bin/../lib/gcc/arm-none-eabi/10.3.1/thumb/v6-m/nofp/crtn.o
                0x0000000008003a8c                . = ALIGN (0x4)
                0x0000000008003a8c                _etext = .

.vfp11_veneer   0x0000000008003a8c        0x0
 .vfp11_veneer  0x0000000008003a8c        0x0 linker stubs

.v4_bx          0x0000000008003a8c        0x0
 .v4_bx         0x0000000008003a8c        0x0 linker stubs

.iplt           0x0000000008003a8c        0x0
 .iplt          0x0000000008003a8c        0x0 c:/st/stm32cubeide_1.7.0/stm32cubeide/plugins/com.st.stm32cube.ide.mcu.externaltools.gnu-tools-for-stm32.10.3-2021.10.win32_1.0.0.202111181127/tools/bin/../lib/gcc/arm-none-eabi/10.3.1/thumb/v6-m/nofp/crtbegin.o

.rodata         0x0000000008003a8c       0xb0
                0x0000000008003a8c                . = ALIGN (0x4)
 *(.rodata)
 *(.rodata*)
 .rodata.MAXTransitionTable
                0x0000000008003a8c       0x24 ./Core/Src/MAXProtocol.o
 .rodata.AHBPrescTable
                0x0000000008003ab0       0x40 ./Core/Src/system_stm32g0xx.o
                0x0000000008003ab0                AHBPrescTable
 .rodata.APBPrescTable
                0x0000000008003af0       0x20 ./Core/Src/system_stm32g0xx.o
                0x0000000008003af0                APBPrescTable
 .rodata.CSWTCH.66
                0x0000000008003b10        0x3 ./Drivers/STM32G0xx_HAL_Driver/Src/stm32g0xx_hal_uart.o
 *fill*         0x0000000008003b13        0x1 
 .rodata.UARTPrescTable
                0x0000000008003b14       0x18 ./Drivers/STM32G0xx_HAL_Driver/Src/stm32g0xx_hal_uart.o
                0x0000000008003b14                UARTPrescTable
 .rodata.denominator.0
                0x0000000008003b2c        0x8 ./Drivers/STM32G0xx_HAL_Driver/Src/stm32g0xx_hal_uart_ex.o
 .rodata.numerator.1
                0x0000000008003b34        0x8 ./Drivers/STM32G0xx_HAL_Driver/Src/stm32g0xx_hal_uart_ex.o
                0x0000000008003b3c                . = ALIGN (0x4)

.rel.dyn        0x0000000008003b3c        0x0
 .rel.iplt      0x0000000008003b3c        0x0 c:/st/stm32cubeide_1.7.0/stm32cubeide/plugins/com.st.stm32cube.ide.mcu.externaltools.gnu-tools-for-stm32.10.3-2021.10.win32_1.0.0.202111181127/tools/bin/../lib/gcc/arm-none-eabi/10.3.1/thumb/v6-m/nofp/crtbegin.o

.ARM.extab      0x0000000008003b3c        0x0
                0x0000000008003b3c                . = ALIGN (0x4)
 *(.ARM.extab* .gnu.linkonce.armextab.*)
                0x0000000008003b3c                . = ALIGN (0x4)

.ARM            0x0000000008003b3c        0x0
                0x0000000008003b3c                . = ALIGN (0x4)
                0x0000000008003b3c                __exidx_start = .
 *(.ARM.exidx*)
                0x0000000008003b3c                __exidx_end = .
                0x0000000008003b3c                . = ALIGN (0x4)

.preinit_array  0x0000000008003b3c        0x0
                0x0000000008003b3c                . = ALIGN (0x4)
                0x0000000008003b3c                PROVIDE (__preinit_array_start = .)
 *(.preinit_array*)
                0x0000000008003b3c                PROVIDE (__preinit_array_end = .)
                0x0000000008003b3c                . = ALIGN (0x4)

.init_array     0x0000000008003b3c        0x4
                0x0000000008003b3c                . = ALIGN (0x4)
                0x0000000008003b3c                PROVIDE (__init_array_start = .)
 *(SORT_BY_NAME(.init_array.*))
 *(.init_array*)
 .init_array    0x0000000008003b3c        0x4 c:/st/stm32cubeide_1.7.0/stm32cubeide/plugins/com.st.stm32cube.ide.mcu.externaltools.gnu-tools-for-stm32.10.3-2021.10.win32_1.0.0.202111181127/tools/bin/../lib/gcc/arm-none-eabi/10.3.1/thumb/v6-m/nofp/crtbegin.o
                0x0000000008003b40                PROVIDE (__init_array_end = .)
                0x0000000008003b40                . = ALIGN (0x4)

.fini_array     0x0000000008003b40        0x4
                0x0000000008003b40                . = ALIGN (0x4)
                [!provide]                        PROVIDE (__fini_array_start = .)
 *(SORT_BY_NAME(.fini_array.*))
 *(.fini_array*)
 .fini_array    0x0000000008003b40        0x4 c:/st/stm32cubeide_1.7.0/stm32cubeide/plugins/com.st.stm32cube.ide.mcu.externaltools.gnu-tools-for-stm32.10.3-2021.10.win32_1.0.0.202111181127/tools/bin/../lib/gcc/arm-none-eabi/10.3.1/thumb/v6-m/nofp/crtbegin.o
                [!provide]                        PROVIDE (__fini_array_end = .)
                0x0000000008003b44                . = ALIGN (0x4)
                0x0000000008003b44                _sidata = LOADADDR (.data)

.data           0x0000000020000000       0x78 load address 0x0000000008003b44
                0x0000000020000000                . = ALIGN (0x4)
                0x0000000020000000                _sdata = .
 *(.data)
 *(.data*)
 .data.MAXFunction
                0x0000000020000000       0x1c ./Core/Src/MAXProtocol.o
                0x0000000020000000                MAXFunction
 .data.Function
                0x000000002000001c       0x10 ./Core/Src/SM.o
                0x000000002000001c                Function
 .data.TransitionTable
                0x000000002000002c        0xf ./Core/Src/SM.o
                0x000000002000002c                TransitionTable
 *fill*         0x000000002000003b        0x1 
 .data.RandomNumber
                0x000000002000003c       0x30 ./Core/Src/crc.o
                0x000000002000003c                RandomNumber
 .data.SystemCoreClock
                0x000000002000006c        0x4 ./Core/Src/system_stm32g0xx.o
                0x000000002000006c                SystemCoreClock
 .data.uwTickFreq
                0x0000000020000070        0x1 ./Drivers/STM32G0xx_HAL_Driver/Src/stm32g0xx_hal.o
                0x0000000020000070                uwTickFreq
 *fill*         0x0000000020000071        0x3 
 .data.uwTickPrio
                0x0000000020000074        0x4 ./Drivers/STM32G0xx_HAL_Driver/Src/stm32g0xx_hal.o
                0x0000000020000074                uwTickPrio
 *(.RamFunc)
 *(.RamFunc*)
                0x0000000020000078                . = ALIGN (0x4)
                0x0000000020000078                _edata = .

.igot.plt       0x0000000020000078        0x0 load address 0x0000000008003bbc
 .igot.plt      0x0000000020000078        0x0 c:/st/stm32cubeide_1.7.0/stm32cubeide/plugins/com.st.stm32cube.ide.mcu.externaltools.gnu-tools-for-stm32.10.3-2021.10.win32_1.0.0.202111181127/tools/bin/../lib/gcc/arm-none-eabi/10.3.1/thumb/v6-m/nofp/crtbegin.o
                0x0000000020000078                . = ALIGN (0x4)

.bss            0x0000000020000078      0x364 load address 0x0000000008003bbc
                0x0000000020000078                _sbss = .
                0x0000000020000078                __bss_start__ = _sbss
 *(.bss)
 .bss           0x0000000020000078       0x1c c:/st/stm32cubeide_1.7.0/stm32cubeide/plugins/com.st.stm32cube.ide.mcu.externaltools.gnu-tools-for-stm32.10.3-2021.10.win32_1.0.0.202111181127/tools/bin/../lib/gcc/arm-none-eabi/10.3.1/thumb/v6-m/nofp/crtbegin.o
 *(.bss*)
 .bss.MAX       0x0000000020000094        0x4 ./Core/Src/MAX485.o
 .bss.MAX       0x0000000020000098        0x4 ./Core/Src/MAXProtocol.o
 .bss.MAXCommandFunction
                0x000000002000009c        0xc ./Core/Src/MAXProtocol.o
                0x000000002000009c                MAXCommandFunction
 .bss.MAXDataFunctions
                0x00000000200000a8        0x4 ./Core/Src/MAXProtocol.o
                0x00000000200000a8                MAXDataFunctions
 .bss.MAXDataRecive
                0x00000000200000ac       0x64 ./Core/Src/MAXProtocol.o
                0x00000000200000ac                MAXDataRecive
 .bss.MAXDataTransmit
                0x0000000020000110       0x64 ./Core/Src/MAXProtocol.o
                0x0000000020000110                MAXDataTransmit
 .bss.MAXMessageFunction
                0x0000000020000174       0x10 ./Core/Src/MAXProtocol.o
                0x0000000020000174                MAXMessageFunction
 .bss.Bh        0x0000000020000184        0x8 ./Core/Src/SM.o
                0x0000000020000184                Bh
 .bss.MAX       0x000000002000018c       0x1c ./Core/Src/SM.o
                0x000000002000018c                MAX
 .bss.SmPtr     0x00000000200001a8        0xc ./Core/Src/SM.o
                0x00000000200001a8                SmPtr
 .bss.hadc1     0x00000000200001b4       0x64 ./Core/Src/adc.o
                0x00000000200001b4                hadc1
 .bss.k         0x0000000020000218        0x4 ./Core/Src/crc.o
                0x0000000020000218                k
 .bss.hi2c2     0x000000002000021c       0x54 ./Core/Src/i2c.o
                0x000000002000021c                hi2c2
 .bss.hrtc      0x0000000020000270       0x2c ./Core/Src/rtc.o
                0x0000000020000270                hrtc
 .bss.htim17    0x000000002000029c       0x4c ./Core/Src/tim.o
                0x000000002000029c                htim17
 .bss.hdma_usart1_rx
                0x00000000200002e8       0x5c ./Core/Src/usart.o
                0x00000000200002e8                hdma_usart1_rx
 .bss.huart1    0x0000000020000344       0x94 ./Core/Src/usart.o
                0x0000000020000344                huart1
 .bss.uwTick    0x00000000200003d8        0x4 ./Drivers/STM32G0xx_HAL_Driver/Src/stm32g0xx_hal.o
                0x00000000200003d8                uwTick
 *(COMMON)
                0x00000000200003dc                . = ALIGN (0x4)
                0x00000000200003dc                _ebss = .
                0x00000000200003dc                __bss_end__ = _ebss

._user_heap_stack
                0x00000000200003dc      0xe04 load address 0x0000000008003bbc
                0x00000000200003e0                . = ALIGN (0x8)
 *fill*         0x00000000200003dc        0x4 
                [!provide]                        PROVIDE (end = .)
                0x00000000200003e0                PROVIDE (_end = .)
                0x00000000200005e0                . = (. + _Min_Heap_Size)
 *fill*         0x00000000200003e0      0x200 
                0x00000000200011e0                . = (. + _Min_Stack_Size)
 *fill*         0x00000000200005e0      0xc00 
                0x00000000200011e0                . = ALIGN (0x8)

/DISCARD/
 libc.a(*)
 libm.a(*)
 libgcc.a(*)

.ARM.attributes
                0x0000000000000000       0x28
 *(.ARM.attributes)
 .ARM.attributes
                0x0000000000000000       0x1e c:/st/stm32cubeide_1.7.0/stm32cubeide/plugins/com.st.stm32cube.ide.mcu.externaltools.gnu-tools-for-stm32.10.3-2021.10.win32_1.0.0.202111181127/tools/bin/../lib/gcc/arm-none-eabi/10.3.1/thumb/v6-m/nofp/crti.o
 .ARM.attributes
                0x000000000000001e       0x2c c:/st/stm32cubeide_1.7.0/stm32cubeide/plugins/com.st.stm32cube.ide.mcu.externaltools.gnu-tools-for-stm32.10.3-2021.10.win32_1.0.0.202111181127/tools/bin/../lib/gcc/arm-none-eabi/10.3.1/thumb/v6-m/nofp/crtbegin.o
 .ARM.attributes
                0x000000000000004a       0x2c ./Core/Src/MAX485.o
 .ARM.attributes
                0x0000000000000076       0x2c ./Core/Src/MAXProtocol.o
 .ARM.attributes
                0x00000000000000a2       0x2c ./Core/Src/SM.o
 .ARM.attributes
                0x00000000000000ce       0x2c ./Core/Src/adc.o
 .ARM.attributes
                0x00000000000000fa       0x2c ./Core/Src/bh1750.o
 .ARM.attributes
                0x0000000000000126       0x2c ./Core/Src/crc.o
 .ARM.attributes
                0x0000000000000152       0x2c ./Core/Src/dma.o
 .ARM.attributes
                0x000000000000017e       0x2c ./Core/Src/gpio.o
 .ARM.attributes
                0x00000000000001aa       0x2c ./Core/Src/i2c.o
 .ARM.attributes
                0x00000000000001d6       0x2c ./Core/Src/main.o
 .ARM.attributes
                0x0000000000000202       0x2c ./Core/Src/rtc.o
 .ARM.attributes
                0x000000000000022e       0x2c ./Core/Src/stm32g0xx_hal_msp.o
 .ARM.attributes
                0x000000000000025a       0x2c ./Core/Src/stm32g0xx_it.o
 .ARM.attributes
                0x0000000000000286       0x2c ./Core/Src/system_stm32g0xx.o
 .ARM.attributes
                0x00000000000002b2       0x2c ./Core/Src/tim.o
 .ARM.attributes
                0x00000000000002de       0x2c ./Core/Src/usart.o
 .ARM.attributes
                0x000000000000030a       0x22 ./Core/Startup/startup_stm32g030j6mx.o
 .ARM.attributes
                0x000000000000032c       0x2c ./Drivers/STM32G0xx_HAL_Driver/Src/stm32g0xx_hal.o
 .ARM.attributes
                0x0000000000000358       0x2c ./Drivers/STM32G0xx_HAL_Driver/Src/stm32g0xx_hal_adc.o
 .ARM.attributes
                0x0000000000000384       0x2c ./Drivers/STM32G0xx_HAL_Driver/Src/stm32g0xx_hal_cortex.o
 .ARM.attributes
                0x00000000000003b0       0x2c ./Drivers/STM32G0xx_HAL_Driver/Src/stm32g0xx_hal_dma.o
 .ARM.attributes
                0x00000000000003dc       0x2c ./Drivers/STM32G0xx_HAL_Driver/Src/stm32g0xx_hal_gpio.o
 .ARM.attributes
                0x0000000000000408       0x2c ./Drivers/STM32G0xx_HAL_Driver/Src/stm32g0xx_hal_i2c.o
 .ARM.attributes
                0x0000000000000434       0x2c ./Drivers/STM32G0xx_HAL_Driver/Src/stm32g0xx_hal_i2c_ex.o
 .ARM.attributes
                0x0000000000000460       0x2c ./Drivers/STM32G0xx_HAL_Driver/Src/stm32g0xx_hal_pwr_ex.o
 .ARM.attributes
                0x000000000000048c       0x2c ./Drivers/STM32G0xx_HAL_Driver/Src/stm32g0xx_hal_rcc.o
 .ARM.attributes
                0x00000000000004b8       0x2c ./Drivers/STM32G0xx_HAL_Driver/Src/stm32g0xx_hal_rcc_ex.o
 .ARM.attributes
                0x00000000000004e4       0x2c ./Drivers/STM32G0xx_HAL_Driver/Src/stm32g0xx_hal_rtc.o
 .ARM.attributes
                0x0000000000000510       0x2c ./Drivers/STM32G0xx_HAL_Driver/Src/stm32g0xx_hal_tim.o
 .ARM.attributes
                0x000000000000053c       0x2c ./Drivers/STM32G0xx_HAL_Driver/Src/stm32g0xx_hal_uart.o
 .ARM.attributes
                0x0000000000000568       0x2c ./Drivers/STM32G0xx_HAL_Driver/Src/stm32g0xx_hal_uart_ex.o
 .ARM.attributes
                0x0000000000000594       0x2c c:/st/stm32cubeide_1.7.0/stm32cubeide/plugins/com.st.stm32cube.ide.mcu.externaltools.gnu-tools-for-stm32.10.3-2021.10.win32_1.0.0.202111181127/tools/bin/../lib/gcc/arm-none-eabi/10.3.1/../../../../arm-none-eabi/lib/thumb/v6-m/nofp\libc_nano.a(lib_a-init.o)
 .ARM.attributes
                0x00000000000005c0       0x2c c:/st/stm32cubeide_1.7.0/stm32cubeide/plugins/com.st.stm32cube.ide.mcu.externaltools.gnu-tools-for-stm32.10.3-2021.10.win32_1.0.0.202111181127/tools/bin/../lib/gcc/arm-none-eabi/10.3.1/../../../../arm-none-eabi/lib/thumb/v6-m/nofp\libc_nano.a(lib_a-memset.o)
 .ARM.attributes
                0x00000000000005ec       0x1e c:/st/stm32cubeide_1.7.0/stm32cubeide/plugins/com.st.stm32cube.ide.mcu.externaltools.gnu-tools-for-stm32.10.3-2021.10.win32_1.0.0.202111181127/tools/bin/../lib/gcc/arm-none-eabi/10.3.1/thumb/v6-m/nofp\libgcc.a(_thumb1_case_uqi.o)
 .ARM.attributes
                0x000000000000060a       0x1e c:/st/stm32cubeide_1.7.0/stm32cubeide/plugins/com.st.stm32cube.ide.mcu.externaltools.gnu-tools-for-stm32.10.3-2021.10.win32_1.0.0.202111181127/tools/bin/../lib/gcc/arm-none-eabi/10.3.1/thumb/v6-m/nofp\libgcc.a(_udivsi3.o)
 .ARM.attributes
                0x0000000000000628       0x1e c:/st/stm32cubeide_1.7.0/stm32cubeide/plugins/com.st.stm32cube.ide.mcu.externaltools.gnu-tools-for-stm32.10.3-2021.10.win32_1.0.0.202111181127/tools/bin/../lib/gcc/arm-none-eabi/10.3.1/thumb/v6-m/nofp\libgcc.a(_divsi3.o)
 .ARM.attributes
                0x0000000000000646       0x1e c:/st/stm32cubeide_1.7.0/stm32cubeide/plugins/com.st.stm32cube.ide.mcu.externaltools.gnu-tools-for-stm32.10.3-2021.10.win32_1.0.0.202111181127/tools/bin/../lib/gcc/arm-none-eabi/10.3.1/thumb/v6-m/nofp\libgcc.a(_dvmd_tls.o)
 .ARM.attributes
                0x0000000000000664       0x1e c:/st/stm32cubeide_1.7.0/stm32cubeide/plugins/com.st.stm32cube.ide.mcu.externaltools.gnu-tools-for-stm32.10.3-2021.10.win32_1.0.0.202111181127/tools/bin/../lib/gcc/arm-none-eabi/10.3.1/thumb/v6-m/nofp/crtn.o
OUTPUT(C1V1-Konwerter.elf elf32-littlearm)
LOAD linker stubs
LOAD c:/st/stm32cubeide_1.7.0/stm32cubeide/plugins/com.st.stm32cube.ide.mcu.externaltools.gnu-tools-for-stm32.10.3-2021.10.win32_1.0.0.202111181127/tools/bin/../lib/gcc/arm-none-eabi/10.3.1/../../../../arm-none-eabi/lib/thumb/v6-m/nofp\libc.a
LOAD c:/st/stm32cubeide_1.7.0/stm32cubeide/plugins/com.st.stm32cube.ide.mcu.externaltools.gnu-tools-for-stm32.10.3-2021.10.win32_1.0.0.202111181127/tools/bin/../lib/gcc/arm-none-eabi/10.3.1/../../../../arm-none-eabi/lib/thumb/v6-m/nofp\libm.a
LOAD c:/st/stm32cubeide_1.7.0/stm32cubeide/plugins/com.st.stm32cube.ide.mcu.externaltools.gnu-tools-for-stm32.10.3-2021.10.win32_1.0.0.202111181127/tools/bin/../lib/gcc/arm-none-eabi/10.3.1/thumb/v6-m/nofp\libgcc.a

.debug_info     0x0000000000000000    0x20b4a
 .debug_info    0x0000000000000000      0xd19 ./Core/Src/MAX485.o
 .debug_info    0x0000000000000d19      0xabd ./Core/Src/MAXProtocol.o
 .debug_info    0x00000000000017d6     0x1389 ./Core/Src/SM.o
 .debug_info    0x0000000000002b5f      0xb1b ./Core/Src/adc.o
 .debug_info    0x000000000000367a      0xb0d ./Core/Src/bh1750.o
 .debug_info    0x0000000000004187      0x280 ./Core/Src/crc.o
 .debug_info    0x0000000000004407      0x275 ./Core/Src/dma.o
 .debug_info    0x000000000000467c      0x493 ./Core/Src/gpio.o
 .debug_info    0x0000000000004b0f      0xbd8 ./Core/Src/i2c.o
 .debug_info    0x00000000000056e7      0xd20 ./Core/Src/main.o
 .debug_info    0x0000000000006407      0x6e6 ./Core/Src/rtc.o
 .debug_info    0x0000000000006aed      0x28e ./Core/Src/stm32g0xx_hal_msp.o
 .debug_info    0x0000000000006d7b      0x887 ./Core/Src/stm32g0xx_it.o
 .debug_info    0x0000000000007602      0x436 ./Core/Src/system_stm32g0xx.o
 .debug_info    0x0000000000007a38      0xa16 ./Core/Src/tim.o
 .debug_info    0x000000000000844e      0xea4 ./Core/Src/usart.o
 .debug_info    0x00000000000092f2       0x22 ./Core/Startup/startup_stm32g030j6mx.o
 .debug_info    0x0000000000009314      0xa45 ./Drivers/STM32G0xx_HAL_Driver/Src/stm32g0xx_hal.o
 .debug_info    0x0000000000009d59     0x21ee ./Drivers/STM32G0xx_HAL_Driver/Src/stm32g0xx_hal_adc.o
 .debug_info    0x000000000000bf47      0xa93 ./Drivers/STM32G0xx_HAL_Driver/Src/stm32g0xx_hal_cortex.o
 .debug_info    0x000000000000c9da      0xa6f ./Drivers/STM32G0xx_HAL_Driver/Src/stm32g0xx_hal_dma.o
 .debug_info    0x000000000000d449      0x631 ./Drivers/STM32G0xx_HAL_Driver/Src/stm32g0xx_hal_gpio.o
 .debug_info    0x000000000000da7a     0x3fe9 ./Drivers/STM32G0xx_HAL_Driver/Src/stm32g0xx_hal_i2c.o
 .debug_info    0x0000000000011a63      0xa98 ./Drivers/STM32G0xx_HAL_Driver/Src/stm32g0xx_hal_i2c_ex.o
 .debug_info    0x00000000000124fb      0x55a ./Drivers/STM32G0xx_HAL_Driver/Src/stm32g0xx_hal_pwr_ex.o
 .debug_info    0x0000000000012a55      0xdbe ./Drivers/STM32G0xx_HAL_Driver/Src/stm32g0xx_hal_rcc.o
 .debug_info    0x0000000000013813      0x8af ./Drivers/STM32G0xx_HAL_Driver/Src/stm32g0xx_hal_rcc_ex.o
 .debug_info    0x00000000000140c2     0x11a2 ./Drivers/STM32G0xx_HAL_Driver/Src/stm32g0xx_hal_rtc.o
 .debug_info    0x0000000000015264     0x44ae ./Drivers/STM32G0xx_HAL_Driver/Src/stm32g0xx_hal_tim.o
 .debug_info    0x0000000000019712     0x610f ./Drivers/STM32G0xx_HAL_Driver/Src/stm32g0xx_hal_uart.o
 .debug_info    0x000000000001f821     0x1329 ./Drivers/STM32G0xx_HAL_Driver/Src/stm32g0xx_hal_uart_ex.o

.debug_abbrev   0x0000000000000000     0x49f3
 .debug_abbrev  0x0000000000000000      0x245 ./Core/Src/MAX485.o
 .debug_abbrev  0x0000000000000245      0x2c9 ./Core/Src/MAXProtocol.o
 .debug_abbrev  0x000000000000050e      0x355 ./Core/Src/SM.o
 .debug_abbrev  0x0000000000000863      0x209 ./Core/Src/adc.o
 .debug_abbrev  0x0000000000000a6c      0x263 ./Core/Src/bh1750.o
 .debug_abbrev  0x0000000000000ccf      0x170 ./Core/Src/crc.o
 .debug_abbrev  0x0000000000000e3f       0xdf ./Core/Src/dma.o
 .debug_abbrev  0x0000000000000f1e      0x18a ./Core/Src/gpio.o
 .debug_abbrev  0x00000000000010a8      0x243 ./Core/Src/i2c.o
 .debug_abbrev  0x00000000000012eb      0x2cb ./Core/Src/main.o
 .debug_abbrev  0x00000000000015b6      0x1d5 ./Core/Src/rtc.o
 .debug_abbrev  0x000000000000178b       0xe8 ./Core/Src/stm32g0xx_hal_msp.o
 .debug_abbrev  0x0000000000001873      0x1ee ./Core/Src/stm32g0xx_it.o
 .debug_abbrev  0x0000000000001a61      0x145 ./Core/Src/system_stm32g0xx.o
 .debug_abbrev  0x0000000000001ba6      0x223 ./Core/Src/tim.o
 .debug_abbrev  0x0000000000001dc9      0x25e ./Core/Src/usart.o
 .debug_abbrev  0x0000000000002027       0x12 ./Core/Startup/startup_stm32g030j6mx.o
 .debug_abbrev  0x0000000000002039      0x33c ./Drivers/STM32G0xx_HAL_Driver/Src/stm32g0xx_hal.o
 .debug_abbrev  0x0000000000002375      0x361 ./Drivers/STM32G0xx_HAL_Driver/Src/stm32g0xx_hal_adc.o
 .debug_abbrev  0x00000000000026d6      0x2b2 ./Drivers/STM32G0xx_HAL_Driver/Src/stm32g0xx_hal_cortex.o
 .debug_abbrev  0x0000000000002988      0x275 ./Drivers/STM32G0xx_HAL_Driver/Src/stm32g0xx_hal_dma.o
 .debug_abbrev  0x0000000000002bfd      0x250 ./Drivers/STM32G0xx_HAL_Driver/Src/stm32g0xx_hal_gpio.o
 .debug_abbrev  0x0000000000002e4d      0x3bd ./Drivers/STM32G0xx_HAL_Driver/Src/stm32g0xx_hal_i2c.o
 .debug_abbrev  0x000000000000320a      0x1ec ./Drivers/STM32G0xx_HAL_Driver/Src/stm32g0xx_hal_i2c_ex.o
 .debug_abbrev  0x00000000000033f6      0x1fb ./Drivers/STM32G0xx_HAL_Driver/Src/stm32g0xx_hal_pwr_ex.o
 .debug_abbrev  0x00000000000035f1      0x379 ./Drivers/STM32G0xx_HAL_Driver/Src/stm32g0xx_hal_rcc.o
 .debug_abbrev  0x000000000000396a      0x28b ./Drivers/STM32G0xx_HAL_Driver/Src/stm32g0xx_hal_rcc_ex.o
 .debug_abbrev  0x0000000000003bf5      0x2d7 ./Drivers/STM32G0xx_HAL_Driver/Src/stm32g0xx_hal_rtc.o
 .debug_abbrev  0x0000000000003ecc      0x3b3 ./Drivers/STM32G0xx_HAL_Driver/Src/stm32g0xx_hal_tim.o
 .debug_abbrev  0x000000000000427f      0x424 ./Drivers/STM32G0xx_HAL_Driver/Src/stm32g0xx_hal_uart.o
 .debug_abbrev  0x00000000000046a3      0x350 ./Drivers/STM32G0xx_HAL_Driver/Src/stm32g0xx_hal_uart_ex.o

.debug_loc      0x0000000000000000    0x139d4
 .debug_loc     0x0000000000000000       0xf8 ./Core/Src/MAX485.o
 .debug_loc     0x00000000000000f8      0x325 ./Core/Src/MAXProtocol.o
 .debug_loc     0x000000000000041d      0x114 ./Core/Src/SM.o
 .debug_loc     0x0000000000000531       0x32 ./Core/Src/adc.o
 .debug_loc     0x0000000000000563      0x2b2 ./Core/Src/bh1750.o
 .debug_loc     0x0000000000000815      0x1f3 ./Core/Src/crc.o
 .debug_loc     0x0000000000000a08       0x57 ./Core/Src/i2c.o
 .debug_loc     0x0000000000000a5f       0x32 ./Core/Src/rtc.o
 .debug_loc     0x0000000000000a91       0xe0 ./Core/Src/system_stm32g0xx.o
 .debug_loc     0x0000000000000b71       0x25 ./Core/Src/tim.o
 .debug_loc     0x0000000000000b96       0x73 ./Core/Src/usart.o
 .debug_loc     0x0000000000000c09      0x19f ./Drivers/STM32G0xx_HAL_Driver/Src/stm32g0xx_hal.o
 .debug_loc     0x0000000000000da8     0x14b6 ./Drivers/STM32G0xx_HAL_Driver/Src/stm32g0xx_hal_adc.o
 .debug_loc     0x000000000000225e      0x435 ./Drivers/STM32G0xx_HAL_Driver/Src/stm32g0xx_hal_cortex.o
 .debug_loc     0x0000000000002693      0x86d ./Drivers/STM32G0xx_HAL_Driver/Src/stm32g0xx_hal_dma.o
 .debug_loc     0x0000000000002f00      0x35e ./Drivers/STM32G0xx_HAL_Driver/Src/stm32g0xx_hal_gpio.o
 .debug_loc     0x000000000000325e     0x44b3 ./Drivers/STM32G0xx_HAL_Driver/Src/stm32g0xx_hal_i2c.o
 .debug_loc     0x0000000000007711      0x1b0 ./Drivers/STM32G0xx_HAL_Driver/Src/stm32g0xx_hal_i2c_ex.o
 .debug_loc     0x00000000000078c1      0x357 ./Drivers/STM32G0xx_HAL_Driver/Src/stm32g0xx_hal_pwr_ex.o
 .debug_loc     0x0000000000007c18      0x650 ./Drivers/STM32G0xx_HAL_Driver/Src/stm32g0xx_hal_rcc.o
 .debug_loc     0x0000000000008268      0x471 ./Drivers/STM32G0xx_HAL_Driver/Src/stm32g0xx_hal_rcc_ex.o
 .debug_loc     0x00000000000086d9      0xe8d ./Drivers/STM32G0xx_HAL_Driver/Src/stm32g0xx_hal_rtc.o
 .debug_loc     0x0000000000009566     0x5863 ./Drivers/STM32G0xx_HAL_Driver/Src/stm32g0xx_hal_tim.o
 .debug_loc     0x000000000000edc9     0x40e9 ./Drivers/STM32G0xx_HAL_Driver/Src/stm32g0xx_hal_uart.o
 .debug_loc     0x0000000000012eb2      0xb22 ./Drivers/STM32G0xx_HAL_Driver/Src/stm32g0xx_hal_uart_ex.o

.debug_aranges  0x0000000000000000     0x10f8
 .debug_aranges
                0x0000000000000000       0x38 ./Core/Src/MAX485.o
 .debug_aranges
                0x0000000000000038       0x90 ./Core/Src/MAXProtocol.o
 .debug_aranges
                0x00000000000000c8       0x58 ./Core/Src/SM.o
 .debug_aranges
                0x0000000000000120       0x30 ./Core/Src/adc.o
 .debug_aranges
                0x0000000000000150       0x50 ./Core/Src/bh1750.o
 .debug_aranges
                0x00000000000001a0       0x28 ./Core/Src/crc.o
 .debug_aranges
                0x00000000000001c8       0x20 ./Core/Src/dma.o
 .debug_aranges
                0x00000000000001e8       0x20 ./Core/Src/gpio.o
 .debug_aranges
                0x0000000000000208       0x30 ./Core/Src/i2c.o
 .debug_aranges
                0x0000000000000238       0x30 ./Core/Src/main.o
 .debug_aranges
                0x0000000000000268       0x30 ./Core/Src/rtc.o
 .debug_aranges
                0x0000000000000298       0x20 ./Core/Src/stm32g0xx_hal_msp.o
 .debug_aranges
                0x00000000000002b8       0x48 ./Core/Src/stm32g0xx_it.o
 .debug_aranges
                0x0000000000000300       0x28 ./Core/Src/system_stm32g0xx.o
 .debug_aranges
                0x0000000000000328       0x30 ./Core/Src/tim.o
 .debug_aranges
                0x0000000000000358       0x30 ./Core/Src/usart.o
 .debug_aranges
                0x0000000000000388       0x28 ./Core/Startup/startup_stm32g030j6mx.o
 .debug_aranges
                0x00000000000003b0       0xf8 ./Drivers/STM32G0xx_HAL_Driver/Src/stm32g0xx_hal.o
 .debug_aranges
                0x00000000000004a8       0xe0 ./Drivers/STM32G0xx_HAL_Driver/Src/stm32g0xx_hal_adc.o
 .debug_aranges
                0x0000000000000588       0x90 ./Drivers/STM32G0xx_HAL_Driver/Src/stm32g0xx_hal_cortex.o
 .debug_aranges
                0x0000000000000618       0x88 ./Drivers/STM32G0xx_HAL_Driver/Src/stm32g0xx_hal_dma.o
 .debug_aranges
                0x00000000000006a0       0x58 ./Drivers/STM32G0xx_HAL_Driver/Src/stm32g0xx_hal_gpio.o
 .debug_aranges
                0x00000000000006f8      0x240 ./Drivers/STM32G0xx_HAL_Driver/Src/stm32g0xx_hal_i2c.o
 .debug_aranges
                0x0000000000000938       0x48 ./Drivers/STM32G0xx_HAL_Driver/Src/stm32g0xx_hal_i2c_ex.o
 .debug_aranges
                0x0000000000000980       0x98 ./Drivers/STM32G0xx_HAL_Driver/Src/stm32g0xx_hal_pwr_ex.o
 .debug_aranges
                0x0000000000000a18       0x90 ./Drivers/STM32G0xx_HAL_Driver/Src/stm32g0xx_hal_rcc.o
 .debug_aranges
                0x0000000000000aa8       0x40 ./Drivers/STM32G0xx_HAL_Driver/Src/stm32g0xx_hal_rcc_ex.o
 .debug_aranges
                0x0000000000000ae8       0xd8 ./Drivers/STM32G0xx_HAL_Driver/Src/stm32g0xx_hal_rtc.o
 .debug_aranges
                0x0000000000000bc0      0x2a8 ./Drivers/STM32G0xx_HAL_Driver/Src/stm32g0xx_hal_tim.o
 .debug_aranges
                0x0000000000000e68      0x200 ./Drivers/STM32G0xx_HAL_Driver/Src/stm32g0xx_hal_uart.o
 .debug_aranges
                0x0000000000001068       0x90 ./Drivers/STM32G0xx_HAL_Driver/Src/stm32g0xx_hal_uart_ex.o

.debug_ranges   0x0000000000000000     0x1bb8
 .debug_ranges  0x0000000000000000       0x78 ./Core/Src/MAX485.o
 .debug_ranges  0x0000000000000078      0x128 ./Core/Src/MAXProtocol.o
 .debug_ranges  0x00000000000001a0       0x78 ./Core/Src/SM.o
 .debug_ranges  0x0000000000000218       0x20 ./Core/Src/adc.o
 .debug_ranges  0x0000000000000238       0x40 ./Core/Src/bh1750.o
 .debug_ranges  0x0000000000000278       0x90 ./Core/Src/crc.o
 .debug_ranges  0x0000000000000308       0x28 ./Core/Src/dma.o
 .debug_ranges  0x0000000000000330       0x68 ./Core/Src/gpio.o
 .debug_ranges  0x0000000000000398       0x40 ./Core/Src/i2c.o
 .debug_ranges  0x00000000000003d8       0x50 ./Core/Src/main.o
 .debug_ranges  0x0000000000000428       0x38 ./Core/Src/rtc.o
 .debug_ranges  0x0000000000000460       0x58 ./Core/Src/stm32g0xx_hal_msp.o
 .debug_ranges  0x00000000000004b8       0x38 ./Core/Src/stm32g0xx_it.o
 .debug_ranges  0x00000000000004f0       0x18 ./Core/Src/system_stm32g0xx.o
 .debug_ranges  0x0000000000000508       0x20 ./Core/Src/tim.o
 .debug_ranges  0x0000000000000528       0x58 ./Core/Src/usart.o
 .debug_ranges  0x0000000000000580       0x20 ./Core/Startup/startup_stm32g030j6mx.o
 .debug_ranges  0x00000000000005a0       0xe8 ./Drivers/STM32G0xx_HAL_Driver/Src/stm32g0xx_hal.o
 .debug_ranges  0x0000000000000688      0x310 ./Drivers/STM32G0xx_HAL_Driver/Src/stm32g0xx_hal_adc.o
 .debug_ranges  0x0000000000000998      0x120 ./Drivers/STM32G0xx_HAL_Driver/Src/stm32g0xx_hal_cortex.o
 .debug_ranges  0x0000000000000ab8       0x90 ./Drivers/STM32G0xx_HAL_Driver/Src/stm32g0xx_hal_dma.o
 .debug_ranges  0x0000000000000b48       0x48 ./Drivers/STM32G0xx_HAL_Driver/Src/stm32g0xx_hal_gpio.o
 .debug_ranges  0x0000000000000b90      0x2c8 ./Drivers/STM32G0xx_HAL_Driver/Src/stm32g0xx_hal_i2c.o
 .debug_ranges  0x0000000000000e58       0x88 ./Drivers/STM32G0xx_HAL_Driver/Src/stm32g0xx_hal_i2c_ex.o
 .debug_ranges  0x0000000000000ee0       0x88 ./Drivers/STM32G0xx_HAL_Driver/Src/stm32g0xx_hal_pwr_ex.o
 .debug_ranges  0x0000000000000f68       0xc8 ./Drivers/STM32G0xx_HAL_Driver/Src/stm32g0xx_hal_rcc.o
 .debug_ranges  0x0000000000001030       0xb0 ./Drivers/STM32G0xx_HAL_Driver/Src/stm32g0xx_hal_rcc_ex.o
 .debug_ranges  0x00000000000010e0       0xc8 ./Drivers/STM32G0xx_HAL_Driver/Src/stm32g0xx_hal_rtc.o
 .debug_ranges  0x00000000000011a8      0x528 ./Drivers/STM32G0xx_HAL_Driver/Src/stm32g0xx_hal_tim.o
 .debug_ranges  0x00000000000016d0      0x468 ./Drivers/STM32G0xx_HAL_Driver/Src/stm32g0xx_hal_uart.o
 .debug_ranges  0x0000000000001b38       0x80 ./Drivers/STM32G0xx_HAL_Driver/Src/stm32g0xx_hal_uart_ex.o

.debug_macro    0x0000000000000000    0x19e36
 .debug_macro   0x0000000000000000      0x276 ./Core/Src/MAX485.o
 .debug_macro   0x0000000000000276      0xa5a ./Core/Src/MAX485.o
 .debug_macro   0x0000000000000cd0      0x12f ./Core/Src/MAX485.o
 .debug_macro   0x0000000000000dff       0x2e ./Core/Src/MAX485.o
 .debug_macro   0x0000000000000e2d       0x28 ./Core/Src/MAX485.o
 .debug_macro   0x0000000000000e55       0x22 ./Core/Src/MAX485.o
 .debug_macro   0x0000000000000e77       0x8e ./Core/Src/MAX485.o
 .debug_macro   0x0000000000000f05       0x51 ./Core/Src/MAX485.o
 .debug_macro   0x0000000000000f56      0x103 ./Core/Src/MAX485.o
 .debug_macro   0x0000000000001059       0x6a ./Core/Src/MAX485.o
 .debug_macro   0x00000000000010c3      0x1df ./Core/Src/MAX485.o
 .debug_macro   0x00000000000012a2       0x1c ./Core/Src/MAX485.o
 .debug_macro   0x00000000000012be       0x22 ./Core/Src/MAX485.o
 .debug_macro   0x00000000000012e0       0xd1 ./Core/Src/MAX485.o
 .debug_macro   0x00000000000013b1      0x4da ./Core/Src/MAX485.o
 .debug_macro   0x000000000000188b      0x11f ./Core/Src/MAX485.o
 .debug_macro   0x00000000000019aa     0xa0c5 ./Core/Src/MAX485.o
 .debug_macro   0x000000000000ba6f       0x66 ./Core/Src/MAX485.o
 .debug_macro   0x000000000000bad5     0x34fd ./Core/Src/MAX485.o
 .debug_macro   0x000000000000efd2      0x174 ./Core/Src/MAX485.o
 .debug_macro   0x000000000000f146       0x5c ./Core/Src/MAX485.o
 .debug_macro   0x000000000000f1a2      0x485 ./Core/Src/MAX485.o
 .debug_macro   0x000000000000f627      0xdcd ./Core/Src/MAX485.o
 .debug_macro   0x00000000000103f4      0x106 ./Core/Src/MAX485.o
 .debug_macro   0x00000000000104fa      0x1cf ./Core/Src/MAX485.o
 .debug_macro   0x00000000000106c9       0xff ./Core/Src/MAX485.o
 .debug_macro   0x00000000000107c8      0x33c ./Core/Src/MAX485.o
 .debug_macro   0x0000000000010b04      0x202 ./Core/Src/MAX485.o
 .debug_macro   0x0000000000010d06      0x2c7 ./Core/Src/MAX485.o
 .debug_macro   0x0000000000010fcd      0x198 ./Core/Src/MAX485.o
 .debug_macro   0x0000000000011165       0x43 ./Core/Src/MAX485.o
 .debug_macro   0x00000000000111a8      0x1f1 ./Core/Src/MAX485.o
 .debug_macro   0x0000000000011399      0x8a1 ./Core/Src/MAX485.o
 .debug_macro   0x0000000000011c3a      0x5ad ./Core/Src/MAX485.o
 .debug_macro   0x00000000000121e7       0x2e ./Core/Src/MAX485.o
 .debug_macro   0x0000000000012215      0x1d6 ./Core/Src/MAX485.o
 .debug_macro   0x00000000000123eb      0x2a3 ./Core/Src/MAX485.o
 .debug_macro   0x000000000001268e       0x28 ./Core/Src/MAX485.o
 .debug_macro   0x00000000000126b6       0xcf ./Core/Src/MAX485.o
 .debug_macro   0x0000000000012785      0x22c ./Core/Src/MAX485.o
 .debug_macro   0x00000000000129b1       0x67 ./Core/Src/MAX485.o
 .debug_macro   0x0000000000012a18       0xa5 ./Core/Src/MAX485.o
 .debug_macro   0x0000000000012abd       0xff ./Core/Src/MAX485.o
 .debug_macro   0x0000000000012bbc      0x10d ./Core/Src/MAX485.o
 .debug_macro   0x0000000000012cc9      0x328 ./Core/Src/MAX485.o
 .debug_macro   0x0000000000012ff1      0x432 ./Core/Src/MAX485.o
 .debug_macro   0x0000000000013423       0xeb ./Core/Src/MAX485.o
 .debug_macro   0x000000000001350e      0xabb ./Core/Src/MAX485.o
 .debug_macro   0x0000000000013fc9       0xfa ./Core/Src/MAX485.o
 .debug_macro   0x00000000000140c3      0x693 ./Core/Src/MAX485.o
 .debug_macro   0x0000000000014756       0xa6 ./Core/Src/MAX485.o
 .debug_macro   0x00000000000147fc      0x412 ./Core/Src/MAX485.o
 .debug_macro   0x0000000000014c0e       0x10 ./Core/Src/MAX485.o
 .debug_macro   0x0000000000014c1e       0x1c ./Core/Src/MAX485.o
 .debug_macro   0x0000000000014c3a       0x16 ./Core/Src/MAX485.o
 .debug_macro   0x0000000000014c50      0x3d1 ./Core/Src/MAXProtocol.o
 .debug_macro   0x0000000000015021       0x16 ./Core/Src/MAXProtocol.o
 .debug_macro   0x0000000000015037       0x10 ./Core/Src/MAXProtocol.o
 .debug_macro   0x0000000000015047       0x52 ./Core/Src/MAXProtocol.o
 .debug_macro   0x0000000000015099       0x18 ./Core/Src/MAXProtocol.o
 .debug_macro   0x00000000000150b1       0x3c ./Core/Src/MAXProtocol.o
 .debug_macro   0x00000000000150ed       0x34 ./Core/Src/MAXProtocol.o
 .debug_macro   0x0000000000015121       0x16 ./Core/Src/MAXProtocol.o
 .debug_macro   0x0000000000015137       0x35 ./Core/Src/MAXProtocol.o
 .debug_macro   0x000000000001516c      0x341 ./Core/Src/MAXProtocol.o
 .debug_macro   0x00000000000154ad       0x10 ./Core/Src/MAXProtocol.o
 .debug_macro   0x00000000000154bd       0x16 ./Core/Src/MAXProtocol.o
 .debug_macro   0x00000000000154d3       0x43 ./Core/Src/MAXProtocol.o
 .debug_macro   0x0000000000015516       0x34 ./Core/Src/MAXProtocol.o
 .debug_macro   0x000000000001554a       0x10 ./Core/Src/MAXProtocol.o
 .debug_macro   0x000000000001555a       0x58 ./Core/Src/MAXProtocol.o
 .debug_macro   0x00000000000155b2       0x71 ./Core/Src/MAXProtocol.o
 .debug_macro   0x0000000000015623       0x1c ./Core/Src/MAXProtocol.o
 .debug_macro   0x000000000001563f      0x12a ./Core/Src/MAXProtocol.o
 .debug_macro   0x0000000000015769       0x10 ./Core/Src/MAXProtocol.o
 .debug_macro   0x0000000000015779       0x1c ./Core/Src/MAXProtocol.o
 .debug_macro   0x0000000000015795       0x52 ./Core/Src/MAXProtocol.o
 .debug_macro   0x00000000000157e7       0x22 ./Core/Src/MAXProtocol.o
 .debug_macro   0x0000000000015809       0x10 ./Core/Src/MAXProtocol.o
 .debug_macro   0x0000000000015819       0x52 ./Core/Src/MAXProtocol.o
 .debug_macro   0x000000000001586b       0xd5 ./Core/Src/MAXProtocol.o
 .debug_macro   0x0000000000015940       0x1c ./Core/Src/MAXProtocol.o
 .debug_macro   0x000000000001595c       0x3d ./Core/Src/MAXProtocol.o
 .debug_macro   0x0000000000015999       0x16 ./Core/Src/MAXProtocol.o
 .debug_macro   0x00000000000159af      0x145 ./Core/Src/MAXProtocol.o
 .debug_macro   0x0000000000015af4      0x3e4 ./Core/Src/SM.o
 .debug_macro   0x0000000000015ed8       0x1c ./Core/Src/SM.o
 .debug_macro   0x0000000000015ef4      0x252 ./Core/Src/adc.o
 .debug_macro   0x0000000000016146      0x251 ./Core/Src/bh1750.o
 .debug_macro   0x0000000000016397      0x255 ./Core/Src/crc.o
 .debug_macro   0x00000000000165ec      0x252 ./Core/Src/dma.o
 .debug_macro   0x000000000001683e      0x252 ./Core/Src/gpio.o
 .debug_macro   0x0000000000016a90      0x252 ./Core/Src/i2c.o
 .debug_macro   0x0000000000016ce2      0x2a4 ./Core/Src/main.o
 .debug_macro   0x0000000000016f86      0x252 ./Core/Src/rtc.o
 .debug_macro   0x00000000000171d8      0x248 ./Core/Src/stm32g0xx_hal_msp.o
 .debug_macro   0x0000000000017420      0x252 ./Core/Src/stm32g0xx_it.o
 .debug_macro   0x0000000000017672      0x247 ./Core/Src/system_stm32g0xx.o
 .debug_macro   0x00000000000178b9      0x252 ./Core/Src/tim.o
 .debug_macro   0x0000000000017b0b      0x252 ./Core/Src/usart.o
 .debug_macro   0x0000000000017d5d      0x257 ./Drivers/STM32G0xx_HAL_Driver/Src/stm32g0xx_hal.o
 .debug_macro   0x0000000000017fb4      0x25d ./Drivers/STM32G0xx_HAL_Driver/Src/stm32g0xx_hal_adc.o
 .debug_macro   0x0000000000018211      0x239 ./Drivers/STM32G0xx_HAL_Driver/Src/stm32g0xx_hal_cortex.o
 .debug_macro   0x000000000001844a      0x239 ./Drivers/STM32G0xx_HAL_Driver/Src/stm32g0xx_hal_dma.o
 .debug_macro   0x0000000000018683      0x240 ./Drivers/STM32G0xx_HAL_Driver/Src/stm32g0xx_hal_gpio.o
 .debug_macro   0x00000000000188c3      0x305 ./Drivers/STM32G0xx_HAL_Driver/Src/stm32g0xx_hal_i2c.o
 .debug_macro   0x0000000000018bc8      0x239 ./Drivers/STM32G0xx_HAL_Driver/Src/stm32g0xx_hal_i2c_ex.o
 .debug_macro   0x0000000000018e01      0x24b ./Drivers/STM32G0xx_HAL_Driver/Src/stm32g0xx_hal_pwr_ex.o
 .debug_macro   0x000000000001904c      0x275 ./Drivers/STM32G0xx_HAL_Driver/Src/stm32g0xx_hal_rcc.o
 .debug_macro   0x00000000000192c1      0x251 ./Drivers/STM32G0xx_HAL_Driver/Src/stm32g0xx_hal_rcc_ex.o
 .debug_macro   0x0000000000019512      0x23a ./Drivers/STM32G0xx_HAL_Driver/Src/stm32g0xx_hal_rtc.o
 .debug_macro   0x000000000001974c      0x241 ./Drivers/STM32G0xx_HAL_Driver/Src/stm32g0xx_hal_tim.o
 .debug_macro   0x000000000001998d      0x264 ./Drivers/STM32G0xx_HAL_Driver/Src/stm32g0xx_hal_uart.o
 .debug_macro   0x0000000000019bf1      0x245 ./Drivers/STM32G0xx_HAL_Driver/Src/stm32g0xx_hal_uart_ex.o

.debug_line     0x0000000000000000    0x2432b
 .debug_line    0x0000000000000000      0x8a7 ./Core/Src/MAX485.o
 .debug_line    0x00000000000008a7      0xfa1 ./Core/Src/MAXProtocol.o
 .debug_line    0x0000000000001848      0xb9b ./Core/Src/SM.o
 .debug_line    0x00000000000023e3      0x8d4 ./Core/Src/adc.o
 .debug_line    0x0000000000002cb7      0x8db ./Core/Src/bh1750.o
 .debug_line    0x0000000000003592      0x900 ./Core/Src/crc.o
 .debug_line    0x0000000000003e92      0x7ab ./Core/Src/dma.o
 .debug_line    0x000000000000463d      0x803 ./Core/Src/gpio.o
 .debug_line    0x0000000000004e40      0x8c8 ./Core/Src/i2c.o
 .debug_line    0x0000000000005708      0x968 ./Core/Src/main.o
 .debug_line    0x0000000000006070      0x88b ./Core/Src/rtc.o
 .debug_line    0x00000000000068fb      0x7bc ./Core/Src/stm32g0xx_hal_msp.o
 .debug_line    0x00000000000070b7      0x85d ./Core/Src/stm32g0xx_it.o
 .debug_line    0x0000000000007914      0x89f ./Core/Src/system_stm32g0xx.o
 .debug_line    0x00000000000081b3      0x83e ./Core/Src/tim.o
 .debug_line    0x00000000000089f1      0x995 ./Core/Src/usart.o
 .debug_line    0x0000000000009386       0x89 ./Core/Startup/startup_stm32g030j6mx.o
 .debug_line    0x000000000000940f      0xc09 ./Drivers/STM32G0xx_HAL_Driver/Src/stm32g0xx_hal.o
 .debug_line    0x000000000000a018     0x1f1b ./Drivers/STM32G0xx_HAL_Driver/Src/stm32g0xx_hal_adc.o
 .debug_line    0x000000000000bf33      0xc71 ./Drivers/STM32G0xx_HAL_Driver/Src/stm32g0xx_hal_cortex.o
 .debug_line    0x000000000000cba4     0x1196 ./Drivers/STM32G0xx_HAL_Driver/Src/stm32g0xx_hal_dma.o
 .debug_line    0x000000000000dd3a      0xc9c ./Drivers/STM32G0xx_HAL_Driver/Src/stm32g0xx_hal_gpio.o
 .debug_line    0x000000000000e9d6     0x5755 ./Drivers/STM32G0xx_HAL_Driver/Src/stm32g0xx_hal_i2c.o
 .debug_line    0x000000000001412b      0xb0e ./Drivers/STM32G0xx_HAL_Driver/Src/stm32g0xx_hal_i2c_ex.o
 .debug_line    0x0000000000014c39      0xb32 ./Drivers/STM32G0xx_HAL_Driver/Src/stm32g0xx_hal_pwr_ex.o
 .debug_line    0x000000000001576b     0x13e4 ./Drivers/STM32G0xx_HAL_Driver/Src/stm32g0xx_hal_rcc.o
 .debug_line    0x0000000000016b4f      0xcc3 ./Drivers/STM32G0xx_HAL_Driver/Src/stm32g0xx_hal_rcc_ex.o
 .debug_line    0x0000000000017812     0x184f ./Drivers/STM32G0xx_HAL_Driver/Src/stm32g0xx_hal_rtc.o
 .debug_line    0x0000000000019061     0x515c ./Drivers/STM32G0xx_HAL_Driver/Src/stm32g0xx_hal_tim.o
 .debug_line    0x000000000001e1bd     0x4ed0 ./Drivers/STM32G0xx_HAL_Driver/Src/stm32g0xx_hal_uart.o
 .debug_line    0x000000000002308d     0x129e ./Drivers/STM32G0xx_HAL_Driver/Src/stm32g0xx_hal_uart_ex.o

.debug_str      0x0000000000000000    0x9d073
 .debug_str     0x0000000000000000    0x93237 ./Core/Src/MAX485.o
                                      0x93952 (size before relaxing)
 .debug_str     0x0000000000093237     0x40e7 ./Core/Src/MAXProtocol.o
                                      0x97345 (size before relaxing)
 .debug_str     0x000000000009731e      0x887 ./Core/Src/SM.o
                                      0x97d19 (size before relaxing)
 .debug_str     0x0000000000097ba5      0x202 ./Core/Src/adc.o
                                      0x93624 (size before relaxing)
 .debug_str     0x0000000000097da7       0xd3 ./Core/Src/bh1750.o
                                      0x93675 (size before relaxing)
 .debug_str     0x0000000000097e7a       0x53 ./Core/Src/crc.o
                                      0x92f45 (size before relaxing)
 .debug_str     0x0000000000097ecd       0x29 ./Core/Src/dma.o
                                      0x92f7b (size before relaxing)
 .debug_str     0x0000000000097ef6       0x70 ./Core/Src/gpio.o
                                      0x93061 (size before relaxing)
 .debug_str     0x0000000000097f66       0x68 ./Core/Src/i2c.o
                                      0x93659 (size before relaxing)
 .debug_str     0x0000000000097fce      0x63b ./Core/Src/main.o
                                      0x939ec (size before relaxing)
 .debug_str     0x0000000000098609      0x1b0 ./Core/Src/rtc.o
                                      0x93277 (size before relaxing)
 .debug_str     0x00000000000987b9       0x2c ./Core/Src/stm32g0xx_hal_msp.o
                                      0x92f7e (size before relaxing)
 .debug_str     0x00000000000987e5       0xf8 ./Core/Src/stm32g0xx_it.o
                                      0x934c6 (size before relaxing)
 .debug_str     0x00000000000988dd       0xf9 ./Core/Src/system_stm32g0xx.o
                                      0x92fff (size before relaxing)
 .debug_str     0x00000000000989d6       0x5f ./Core/Src/tim.o
                                      0x935f6 (size before relaxing)
 .debug_str     0x0000000000098a35       0xd8 ./Core/Src/usart.o
                                      0x938b8 (size before relaxing)
 .debug_str     0x0000000000098b0d       0x36 ./Core/Startup/startup_stm32g030j6mx.o
                                         0x76 (size before relaxing)
 .debug_str     0x0000000000098b43      0x448 ./Drivers/STM32G0xx_HAL_Driver/Src/stm32g0xx_hal.o
                                      0x93628 (size before relaxing)
 .debug_str     0x0000000000098f8b      0x8a2 ./Drivers/STM32G0xx_HAL_Driver/Src/stm32g0xx_hal_adc.o
                                      0x93d56 (size before relaxing)
 .debug_str     0x000000000009982d      0x214 ./Drivers/STM32G0xx_HAL_Driver/Src/stm32g0xx_hal_cortex.o
                                      0x933a9 (size before relaxing)
 .debug_str     0x0000000000099a41      0x259 ./Drivers/STM32G0xx_HAL_Driver/Src/stm32g0xx_hal_dma.o
                                      0x93437 (size before relaxing)
 .debug_str     0x0000000000099c9a      0x13d ./Drivers/STM32G0xx_HAL_Driver/Src/stm32g0xx_hal_gpio.o
                                      0x930c4 (size before relaxing)
 .debug_str     0x0000000000099dd7      0xd77 ./Drivers/STM32G0xx_HAL_Driver/Src/stm32g0xx_hal_i2c.o
                                      0x9435e (size before relaxing)
 .debug_str     0x000000000009ab4e       0xb8 ./Drivers/STM32G0xx_HAL_Driver/Src/stm32g0xx_hal_i2c_ex.o
                                      0x935f8 (size before relaxing)
 .debug_str     0x000000000009ac06      0x211 ./Drivers/STM32G0xx_HAL_Driver/Src/stm32g0xx_hal_pwr_ex.o
                                      0x931f1 (size before relaxing)
 .debug_str     0x000000000009ae17      0x345 ./Drivers/STM32G0xx_HAL_Driver/Src/stm32g0xx_hal_rcc.o
                                      0x9358e (size before relaxing)
 .debug_str     0x000000000009b15c      0x185 ./Drivers/STM32G0xx_HAL_Driver/Src/stm32g0xx_hal_rcc_ex.o
                                      0x932d9 (size before relaxing)
 .debug_str     0x000000000009b2e1      0x338 ./Drivers/STM32G0xx_HAL_Driver/Src/stm32g0xx_hal_rtc.o
                                      0x9346d (size before relaxing)
 .debug_str     0x000000000009b619      0xe92 ./Drivers/STM32G0xx_HAL_Driver/Src/stm32g0xx_hal_tim.o
                                      0x944c1 (size before relaxing)
 .debug_str     0x000000000009c4ab      0x974 ./Drivers/STM32G0xx_HAL_Driver/Src/stm32g0xx_hal_uart.o
                                      0x93f68 (size before relaxing)
 .debug_str     0x000000000009ce1f      0x254 ./Drivers/STM32G0xx_HAL_Driver/Src/stm32g0xx_hal_uart_ex.o
                                      0x93826 (size before relaxing)

.comment        0x0000000000000000       0x50
 .comment       0x0000000000000000       0x50 ./Core/Src/MAX485.o
                                         0x51 (size before relaxing)
 .comment       0x0000000000000050       0x51 ./Core/Src/MAXProtocol.o
 .comment       0x0000000000000050       0x51 ./Core/Src/SM.o
 .comment       0x0000000000000050       0x51 ./Core/Src/adc.o
 .comment       0x0000000000000050       0x51 ./Core/Src/bh1750.o
 .comment       0x0000000000000050       0x51 ./Core/Src/crc.o
 .comment       0x0000000000000050       0x51 ./Core/Src/dma.o
 .comment       0x0000000000000050       0x51 ./Core/Src/gpio.o
 .comment       0x0000000000000050       0x51 ./Core/Src/i2c.o
 .comment       0x0000000000000050       0x51 ./Core/Src/main.o
 .comment       0x0000000000000050       0x51 ./Core/Src/rtc.o
 .comment       0x0000000000000050       0x51 ./Core/Src/stm32g0xx_hal_msp.o
 .comment       0x0000000000000050       0x51 ./Core/Src/stm32g0xx_it.o
 .comment       0x0000000000000050       0x51 ./Core/Src/system_stm32g0xx.o
 .comment       0x0000000000000050       0x51 ./Core/Src/tim.o
 .comment       0x0000000000000050       0x51 ./Core/Src/usart.o
 .comment       0x0000000000000050       0x51 ./Drivers/STM32G0xx_HAL_Driver/Src/stm32g0xx_hal.o
 .comment       0x0000000000000050       0x51 ./Drivers/STM32G0xx_HAL_Driver/Src/stm32g0xx_hal_adc.o
 .comment       0x0000000000000050       0x51 ./Drivers/STM32G0xx_HAL_Driver/Src/stm32g0xx_hal_cortex.o
 .comment       0x0000000000000050       0x51 ./Drivers/STM32G0xx_HAL_Driver/Src/stm32g0xx_hal_dma.o
 .comment       0x0000000000000050       0x51 ./Drivers/STM32G0xx_HAL_Driver/Src/stm32g0xx_hal_gpio.o
 .comment       0x0000000000000050       0x51 ./Drivers/STM32G0xx_HAL_Driver/Src/stm32g0xx_hal_i2c.o
 .comment       0x0000000000000050       0x51 ./Drivers/STM32G0xx_HAL_Driver/Src/stm32g0xx_hal_i2c_ex.o
 .comment       0x0000000000000050       0x51 ./Drivers/STM32G0xx_HAL_Driver/Src/stm32g0xx_hal_pwr_ex.o
 .comment       0x0000000000000050       0x51 ./Drivers/STM32G0xx_HAL_Driver/Src/stm32g0xx_hal_rcc.o
 .comment       0x0000000000000050       0x51 ./Drivers/STM32G0xx_HAL_Driver/Src/stm32g0xx_hal_rcc_ex.o
 .comment       0x0000000000000050       0x51 ./Drivers/STM32G0xx_HAL_Driver/Src/stm32g0xx_hal_rtc.o
 .comment       0x0000000000000050       0x51 ./Drivers/STM32G0xx_HAL_Driver/Src/stm32g0xx_hal_tim.o
 .comment       0x0000000000000050       0x51 ./Drivers/STM32G0xx_HAL_Driver/Src/stm32g0xx_hal_uart.o
 .comment       0x0000000000000050       0x51 ./Drivers/STM32G0xx_HAL_Driver/Src/stm32g0xx_hal_uart_ex.o

.debug_frame    0x0000000000000000     0x3344
 .debug_frame   0x0000000000000000       0x74 ./Core/Src/MAX485.o
 .debug_frame   0x0000000000000074      0x164 ./Core/Src/MAXProtocol.o
 .debug_frame   0x00000000000001d8       0xb8 ./Core/Src/SM.o
 .debug_frame   0x0000000000000290       0x5c ./Core/Src/adc.o
 .debug_frame   0x00000000000002ec       0xcc ./Core/Src/bh1750.o
 .debug_frame   0x00000000000003b8       0x54 ./Core/Src/crc.o
 .debug_frame   0x000000000000040c       0x24 ./Core/Src/dma.o
 .debug_frame   0x0000000000000430       0x30 ./Core/Src/gpio.o
 .debug_frame   0x0000000000000460       0x5c ./Core/Src/i2c.o
 .debug_frame   0x00000000000004bc       0x54 ./Core/Src/main.o
 .debug_frame   0x0000000000000510       0x54 ./Core/Src/rtc.o
 .debug_frame   0x0000000000000564       0x24 ./Core/Src/stm32g0xx_hal_msp.o
 .debug_frame   0x0000000000000588       0xa0 ./Core/Src/stm32g0xx_it.o
 .debug_frame   0x0000000000000628       0x3c ./Core/Src/system_stm32g0xx.o
 .debug_frame   0x0000000000000664       0x4c ./Core/Src/tim.o
 .debug_frame   0x00000000000006b0       0x60 ./Core/Src/usart.o
 .debug_frame   0x0000000000000710      0x214 ./Drivers/STM32G0xx_HAL_Driver/Src/stm32g0xx_hal.o
 .debug_frame   0x0000000000000924      0x2fc ./Drivers/STM32G0xx_HAL_Driver/Src/stm32g0xx_hal_adc.o
 .debug_frame   0x0000000000000c20      0x11c ./Drivers/STM32G0xx_HAL_Driver/Src/stm32g0xx_hal_cortex.o
 .debug_frame   0x0000000000000d3c      0x1a4 ./Drivers/STM32G0xx_HAL_Driver/Src/stm32g0xx_hal_dma.o
 .debug_frame   0x0000000000000ee0       0xd0 ./Drivers/STM32G0xx_HAL_Driver/Src/stm32g0xx_hal_gpio.o
 .debug_frame   0x0000000000000fb0      0x884 ./Drivers/STM32G0xx_HAL_Driver/Src/stm32g0xx_hal_i2c.o
 .debug_frame   0x0000000000001834       0xc4 ./Drivers/STM32G0xx_HAL_Driver/Src/stm32g0xx_hal_i2c_ex.o
 .debug_frame   0x00000000000018f8      0x140 ./Drivers/STM32G0xx_HAL_Driver/Src/stm32g0xx_hal_pwr_ex.o
 .debug_frame   0x0000000000001a38      0x178 ./Drivers/STM32G0xx_HAL_Driver/Src/stm32g0xx_hal_rcc.o
 .debug_frame   0x0000000000001bb0       0x9c ./Drivers/STM32G0xx_HAL_Driver/Src/stm32g0xx_hal_rcc_ex.o
 .debug_frame   0x0000000000001c4c      0x294 ./Drivers/STM32G0xx_HAL_Driver/Src/stm32g0xx_hal_rtc.o
 .debug_frame   0x0000000000001ee0      0xaec ./Drivers/STM32G0xx_HAL_Driver/Src/stm32g0xx_hal_tim.o
 .debug_frame   0x00000000000029cc      0x71c ./Drivers/STM32G0xx_HAL_Driver/Src/stm32g0xx_hal_uart.o
 .debug_frame   0x00000000000030e8      0x1d0 ./Drivers/STM32G0xx_HAL_Driver/Src/stm32g0xx_hal_uart_ex.o
 .debug_frame   0x00000000000032b8       0x2c c:/st/stm32cubeide_1.7.0/stm32cubeide/plugins/com.st.stm32cube.ide.mcu.externaltools.gnu-tools-for-stm32.10.3-2021.10.win32_1.0.0.202111181127/tools/bin/../lib/gcc/arm-none-eabi/10.3.1/../../../../arm-none-eabi/lib/thumb/v6-m/nofp\libc_nano.a(lib_a-init.o)
 .debug_frame   0x00000000000032e4       0x20 c:/st/stm32cubeide_1.7.0/stm32cubeide/plugins/com.st.stm32cube.ide.mcu.externaltools.gnu-tools-for-stm32.10.3-2021.10.win32_1.0.0.202111181127/tools/bin/../lib/gcc/arm-none-eabi/10.3.1/../../../../arm-none-eabi/lib/thumb/v6-m/nofp\libc_nano.a(lib_a-memset.o)
 .debug_frame   0x0000000000003304       0x20 c:/st/stm32cubeide_1.7.0/stm32cubeide/plugins/com.st.stm32cube.ide.mcu.externaltools.gnu-tools-for-stm32.10.3-2021.10.win32_1.0.0.202111181127/tools/bin/../lib/gcc/arm-none-eabi/10.3.1/thumb/v6-m/nofp\libgcc.a(_udivsi3.o)
 .debug_frame   0x0000000000003324       0x20 c:/st/stm32cubeide_1.7.0/stm32cubeide/plugins/com.st.stm32cube.ide.mcu.externaltools.gnu-tools-for-stm32.10.3-2021.10.win32_1.0.0.202111181127/tools/bin/../lib/gcc/arm-none-eabi/10.3.1/thumb/v6-m/nofp\libgcc.a(_divsi3.o)
