Archive member included to satisfy reference by file (symbol)

c:/st/stm32cubeide_1.10.1/stm32cubeide/plugins/com.st.stm32cube.ide.mcu.externaltools.gnu-tools-for-stm32.10.3-2021.10.win32_1.0.0.202111181127/tools/bin/../lib/gcc/arm-none-eabi/10.3.1/../../../../arm-none-eabi/lib/thumb/v6-m/nofp\libc_nano.a(lib_a-errno.o)
                              ./Core/Src/syscalls.o (__errno)
c:/st/stm32cubeide_1.10.1/stm32cubeide/plugins/com.st.stm32cube.ide.mcu.externaltools.gnu-tools-for-stm32.10.3-2021.10.win32_1.0.0.202111181127/tools/bin/../lib/gcc/arm-none-eabi/10.3.1/../../../../arm-none-eabi/lib/thumb/v6-m/nofp\libc_nano.a(lib_a-exit.o)
                              c:/st/stm32cubeide_1.10.1/stm32cubeide/plugins/com.st.stm32cube.ide.mcu.externaltools.gnu-tools-for-stm32.10.3-2021.10.win32_1.0.0.202111181127/tools/bin/../lib/gcc/arm-none-eabi/10.3.1/../../../../arm-none-eabi/lib/thumb/v6-m/nofp/crt0.o (exit)
c:/st/stm32cubeide_1.10.1/stm32cubeide/plugins/com.st.stm32cube.ide.mcu.externaltools.gnu-tools-for-stm32.10.3-2021.10.win32_1.0.0.202111181127/tools/bin/../lib/gcc/arm-none-eabi/10.3.1/../../../../arm-none-eabi/lib/thumb/v6-m/nofp\libc_nano.a(lib_a-impure.o)
                              c:/st/stm32cubeide_1.10.1/stm32cubeide/plugins/com.st.stm32cube.ide.mcu.externaltools.gnu-tools-for-stm32.10.3-2021.10.win32_1.0.0.202111181127/tools/bin/../lib/gcc/arm-none-eabi/10.3.1/../../../../arm-none-eabi/lib/thumb/v6-m/nofp\libc_nano.a(lib_a-exit.o) (_global_impure_ptr)
c:/st/stm32cubeide_1.10.1/stm32cubeide/plugins/com.st.stm32cube.ide.mcu.externaltools.gnu-tools-for-stm32.10.3-2021.10.win32_1.0.0.202111181127/tools/bin/../lib/gcc/arm-none-eabi/10.3.1/../../../../arm-none-eabi/lib/thumb/v6-m/nofp\libc_nano.a(lib_a-init.o)
                              c:/st/stm32cubeide_1.10.1/stm32cubeide/plugins/com.st.stm32cube.ide.mcu.externaltools.gnu-tools-for-stm32.10.3-2021.10.win32_1.0.0.202111181127/tools/bin/../lib/gcc/arm-none-eabi/10.3.1/../../../../arm-none-eabi/lib/thumb/v6-m/nofp/crt0.o (__libc_init_array)
c:/st/stm32cubeide_1.10.1/stm32cubeide/plugins/com.st.stm32cube.ide.mcu.externaltools.gnu-tools-for-stm32.10.3-2021.10.win32_1.0.0.202111181127/tools/bin/../lib/gcc/arm-none-eabi/10.3.1/../../../../arm-none-eabi/lib/thumb/v6-m/nofp\libc_nano.a(lib_a-memset.o)
                              c:/st/stm32cubeide_1.10.1/stm32cubeide/plugins/com.st.stm32cube.ide.mcu.externaltools.gnu-tools-for-stm32.10.3-2021.10.win32_1.0.0.202111181127/tools/bin/../lib/gcc/arm-none-eabi/10.3.1/../../../../arm-none-eabi/lib/thumb/v6-m/nofp/crt0.o (memset)
c:/st/stm32cubeide_1.10.1/stm32cubeide/plugins/com.st.stm32cube.ide.mcu.externaltools.gnu-tools-for-stm32.10.3-2021.10.win32_1.0.0.202111181127/tools/bin/../lib/gcc/arm-none-eabi/10.3.1/../../../../arm-none-eabi/lib/thumb/v6-m/nofp\libc_nano.a(lib_a-sprintf.o)
                              ./Core/Src/SM.o (sprintf)
c:/st/stm32cubeide_1.10.1/stm32cubeide/plugins/com.st.stm32cube.ide.mcu.externaltools.gnu-tools-for-stm32.10.3-2021.10.win32_1.0.0.202111181127/tools/bin/../lib/gcc/arm-none-eabi/10.3.1/../../../../arm-none-eabi/lib/thumb/v6-m/nofp\libc_nano.a(lib_a-nano-svfprintf.o)
                              c:/st/stm32cubeide_1.10.1/stm32cubeide/plugins/com.st.stm32cube.ide.mcu.externaltools.gnu-tools-for-stm32.10.3-2021.10.win32_1.0.0.202111181127/tools/bin/../lib/gcc/arm-none-eabi/10.3.1/../../../../arm-none-eabi/lib/thumb/v6-m/nofp\libc_nano.a(lib_a-sprintf.o) (_svfprintf_r)
c:/st/stm32cubeide_1.10.1/stm32cubeide/plugins/com.st.stm32cube.ide.mcu.externaltools.gnu-tools-for-stm32.10.3-2021.10.win32_1.0.0.202111181127/tools/bin/../lib/gcc/arm-none-eabi/10.3.1/../../../../arm-none-eabi/lib/thumb/v6-m/nofp\libc_nano.a(lib_a-nano-vfprintf_i.o)
                              c:/st/stm32cubeide_1.10.1/stm32cubeide/plugins/com.st.stm32cube.ide.mcu.externaltools.gnu-tools-for-stm32.10.3-2021.10.win32_1.0.0.202111181127/tools/bin/../lib/gcc/arm-none-eabi/10.3.1/../../../../arm-none-eabi/lib/thumb/v6-m/nofp\libc_nano.a(lib_a-nano-svfprintf.o) (_printf_i)
c:/st/stm32cubeide_1.10.1/stm32cubeide/plugins/com.st.stm32cube.ide.mcu.externaltools.gnu-tools-for-stm32.10.3-2021.10.win32_1.0.0.202111181127/tools/bin/../lib/gcc/arm-none-eabi/10.3.1/../../../../arm-none-eabi/lib/thumb/v6-m/nofp\libc_nano.a(lib_a-memchr-stub.o)
                              c:/st/stm32cubeide_1.10.1/stm32cubeide/plugins/com.st.stm32cube.ide.mcu.externaltools.gnu-tools-for-stm32.10.3-2021.10.win32_1.0.0.202111181127/tools/bin/../lib/gcc/arm-none-eabi/10.3.1/../../../../arm-none-eabi/lib/thumb/v6-m/nofp\libc_nano.a(lib_a-nano-svfprintf.o) (memchr)
c:/st/stm32cubeide_1.10.1/stm32cubeide/plugins/com.st.stm32cube.ide.mcu.externaltools.gnu-tools-for-stm32.10.3-2021.10.win32_1.0.0.202111181127/tools/bin/../lib/gcc/arm-none-eabi/10.3.1/../../../../arm-none-eabi/lib/thumb/v6-m/nofp\libc_nano.a(lib_a-memcpy-stub.o)
[...]
Memory Configuration

Name             Origin             Length             Attributes
RAM              0x0000000020000000 0x0000000000002000 xrw
FLASH            0x0000000008000000 0x0000000000008000 xr
*default*        0x0000000000000000 0xffffffffffffffff

Linker script and memory map

LOAD c:/st/stm32cubeide_1.10.1/stm32cubeide/plugins/com.st.stm32cube.ide.mcu.externaltools.gnu-tools-for-stm32.10.3-2021.10.win32_1.0.0.202111181127/tools/bin/../lib/gcc/arm-none-eabi/10.3.1/thumb/v6-m/nofp/crti.o
LOAD c:/st/stm32cubeide_1.10.1/stm32cubeide/plugins/com.st.stm32cube.ide.mcu.externaltools.gnu-tools-for-stm32.10.3-2021.10.win32_1.0.0.202111181127/tools/bin/../lib/gcc/arm-none-eabi/10.3.1/thumb/v6-m/nofp/crtbegin.o
LOAD c:/st/stm32cubeide_1.10.1/stm32cubeide/plugins/com.st.stm32cube.ide.mcu.externaltools.gnu-tools-for-stm32.10.3-2021.10.win32_1.0.0.202111181127/tools/bin/../lib/gcc/arm-none-eabi/10.3.1/../../../../arm-none-eabi/lib/thumb/v6-m/nofp/crt0.o
LOAD ./Core/Src/SM.o
LOAD ./Core/Src/bh1750.o
LOAD ./Core/Src/dma.o
LOAD ./Core/Src/gpio.o
LOAD ./Core/Src/i2c.o
LOAD ./Core/Src/main.o
LOAD ./Core/Src/rtc.o
LOAD ./Core/Src/stm32g0xx_hal_msp.o
LOAD ./Core/Src/stm32g0xx_it.o
LOAD ./Core/Src/supp.o
LOAD ./Core/Src/syscalls.o
LOAD ./Core/Src/sysmem.o
LOAD ./Core/Src/system_stm32g0xx.o
LOAD ./Core/Src/tim.o
LOAD ./Core/Src/usart.o
LOAD ./Core/Startup/startup_stm32g030j6mx.o
LOAD ./Drivers/STM32G0xx_HAL_Driver/Src/stm32g0xx_hal.o
LOAD ./Drivers/STM32G0xx_HAL_Driver/Src/stm32g0xx_hal_cortex.o
LOAD ./Drivers/STM32G0xx_HAL_Driver/Src/stm32g0xx_hal_dma.o
LOAD ./Drivers/STM32G0xx_HAL_Driver/Src/stm32g0xx_hal_dma_ex.o
LOAD ./Drivers/STM32G0xx_HAL_Driver/Src/stm32g0xx_hal_exti.o
LOAD ./Drivers/STM32G0xx_HAL_Driver/Src/stm32g0xx_hal_flash.o
LOAD ./Drivers/STM32G0xx_HAL_Driver/Src/stm32g0xx_hal_flash_ex.o
LOAD ./Drivers/STM32G0xx_HAL_Driver/Src/stm32g0xx_hal_gpio.o
LOAD ./Drivers/STM32G0xx_HAL_Driver/Src/stm32g0xx_hal_i2c.o
LOAD ./Drivers/STM32G0xx_HAL_Driver/Src/stm32g0xx_hal_i2c_ex.o
LOAD ./Drivers/STM32G0xx_HAL_Driver/Src/stm32g0xx_hal_pwr.o
LOAD ./Drivers/STM32G0xx_HAL_Driver/Src/stm32g0xx_hal_pwr_ex.o
LOAD ./Drivers/STM32G0xx_HAL_Driver/Src/stm32g0xx_hal_rcc.o
LOAD ./Drivers/STM32G0xx_HAL_Driver/Src/stm32g0xx_hal_rcc_ex.o
LOAD ./Drivers/STM32G0xx_HAL_Driver/Src/stm32g0xx_hal_rtc.o
LOAD ./Drivers/STM32G0xx_HAL_Driver/Src/stm32g0xx_hal_rtc_ex.o
LOAD ./Drivers/STM32G0xx_HAL_Driver/Src/stm32g0xx_hal_tim.o
LOAD ./Drivers/STM32G0xx_HAL_Driver/Src/stm32g0xx_hal_tim_ex.o
LOAD ./Drivers/STM32G0xx_HAL_Driver/Src/stm32g0xx_hal_uart.o
LOAD ./Drivers/STM32G0xx_HAL_Driver/Src/stm32g0xx_hal_uart_ex.o
LOAD ./Drivers/STM32G0xx_HAL_Driver/Src/stm32g0xx_ll_dma.o
LOAD ./Drivers/STM32G0xx_HAL_Driver/Src/stm32g0xx_ll_rcc.o
START GROUP
LOAD c:/st/stm32cubeide_1.10.1/stm32cubeide/plugins/com.st.stm32cube.ide.mcu.externaltools.gnu-tools-for-stm32.10.3-2021.10.win32_1.0.0.202111181127/tools/bin/../lib/gcc/arm-none-eabi/10.3.1/../../../../arm-none-eabi/lib/thumb/v6-m/nofp\libc_nano.a
LOAD c:/st/stm32cubeide_1.10.1/stm32cubeide/plugins/com.st.stm32cube.ide.mcu.externaltools.gnu-tools-for-stm32.10.3-2021.10.win32_1.0.0.202111181127/tools/bin/../lib/gcc/arm-none-eabi/10.3.1/../../../../arm-none-eabi/lib/thumb/v6-m/nofp\libm.a
END GROUP
START GROUP
LOAD c:/st/stm32cubeide_1.10.1/stm32cubeide/plugins/com.st.stm32cube.ide.mcu.externaltools.gnu-tools-for-stm32.10.3-2021.10.win32_1.0.0.202111181127/tools/bin/../lib/gcc/arm-none-eabi/10.3.1/thumb/v6-m/nofp\libgcc.a
LOAD c:/st/stm32cubeide_1.10.1/stm32cubeide/plugins/com.st.stm32cube.ide.mcu.externaltools.gnu-tools-for-stm32.10.3-2021.10.win32_1.0.0.202111181127/tools/bin/../lib/gcc/arm-none-eabi/10.3.1/../../../../arm-none-eabi/lib/thumb/v6-m/nofp\libc_nano.a
END GROUP
START GROUP
LOAD c:/st/stm32cubeide_1.10.1/stm32cubeide/plugins/com.st.stm32cube.ide.mcu.externaltools.gnu-tools-for-stm32.10.3-2021.10.win32_1.0.0.202111181127/tools/bin/../lib/gcc/arm-none-eabi/10.3.1/thumb/v6-m/nofp\libgcc.a
LOAD c:/st/stm32cubeide_1.10.1/stm32cubeide/plugins/com.st.stm32cube.ide.mcu.externaltools.gnu-tools-for-stm32.10.3-2021.10.win32_1.0.0.202111181127/tools/bin/../lib/gcc/arm-none-eabi/10.3.1/../../../../arm-none-eabi/lib/thumb/v6-m/nofp\libc_nano.a
LOAD c:/st/stm32cubeide_1.10.1/stm32cubeide/plugins/com.st.stm32cube.ide.mcu.externaltools.gnu-tools-for-stm32.10.3-2021.10.win32_1.0.0.202111181127/tools/bin/../lib/gcc/arm-none-eabi/10.3.1/../../../../arm-none-eabi/lib/thumb/v6-m/nofp\libnosys.a
END GROUP
START GROUP
LOAD c:/st/stm32cubeide_1.10.1/stm32cubeide/plugins/com.st.stm32cube.ide.mcu.externaltools.gnu-tools-for-stm32.10.3-2021.10.win32_1.0.0.202111181127/tools/bin/../lib/gcc/arm-none-eabi/10.3.1/thumb/v6-m/nofp\libgcc.a
LOAD c:/st/stm32cubeide_1.10.1/stm32cubeide/plugins/com.st.stm32cube.ide.mcu.externaltools.gnu-tools-for-stm32.10.3-2021.10.win32_1.0.0.202111181127/tools/bin/../lib/gcc/arm-none-eabi/10.3.1/../../../../arm-none-eabi/lib/thumb/v6-m/nofp\libc_nano.a
LOAD c:/st/stm32cubeide_1.10.1/stm32cubeide/plugins/com.st.stm32cube.ide.mcu.externaltools.gnu-tools-for-stm32.10.3-2021.10.win32_1.0.0.202111181127/tools/bin/../lib/gcc/arm-none-eabi/10.3.1/../../../../arm-none-eabi/lib/thumb/v6-m/nofp\libnosys.a
END GROUP
LOAD c:/st/stm32cubeide_1.10.1/stm32cubeide/plugins/com.st.stm32cube.ide.mcu.externaltools.gnu-tools-for-stm32.10.3-2021.10.win32_1.0.0.202111181127/tools/bin/../lib/gcc/arm-none-eabi/10.3.1/thumb/v6-m/nofp/crtend.o
LOAD c:/st/stm32cubeide_1.10.1/stm32cubeide/plugins/com.st.stm32cube.ide.mcu.externaltools.gnu-tools-for-stm32.10.3-2021.10.win32_1.0.0.202111181127/tools/bin/../lib/gcc/arm-none-eabi/10.3.1/thumb/v6-m/nofp/crtn.o
                0x0000000020002000                _estack = (ORIGIN (RAM) + LENGTH (RAM))
                0x0000000000000200                _Min_Heap_Size = 0x200
                0x0000000000000800                _Min_Stack_Size = 0x800

.isr_vector     0x0000000008000000       0xb8
                0x0000000008000000                . = ALIGN (0x4)
 *(.isr_vector)
 .isr_vector    0x0000000008000000       0xb8 ./Core/Startup/startup_stm32g030j6mx.o
                0x0000000008000000                g_pfnVectors
                0x00000000080000b8                . = ALIGN (0x4)

.text           0x00000000080000b8     0x3b04
                0x00000000080000b8                . = ALIGN (0x4)
 *(.text)
 .text          0x00000000080000b8       0x48 c:/st/stm32cubeide_1.10.1/stm32cubeide/plugins/com.st.stm32cube.ide.mcu.externaltools.gnu-tools-for-stm32.10.3-2021.10.win32_1.0.0.202111181127/tools/bin/../lib/gcc/arm-none-eabi/10.3.1/thumb/v6-m/nofp/crtbegin.o
 .text          0x0000000008000100       0x14 c:/st/stm32cubeide_1.10.1/stm32cubeide/plugins/com.st.stm32cube.ide.mcu.externaltools.gnu-tools-for-stm32.10.3-2021.10.win32_1.0.0.202111181127/tools/bin/../lib/gcc/arm-none-eabi/10.3.1/thumb/v6-m/nofp\libgcc.a(_thumb1_case_shi.o)
                0x0000000008000100                __gnu_thumb1_case_shi
 .text          0x0000000008000114      0x114 c:/st/stm32cubeide_1.10.1/stm32cubeide/plugins/com.st.stm32cube.ide.mcu.externaltools.gnu-tools-for-stm32.10.3-2021.10.win32_1.0.0.202111181127/tools/bin/../lib/gcc/arm-none-eabi/10.3.1/thumb/v6-m/nofp\libgcc.a(_udivsi3.o)
                0x0000000008000114                __aeabi_uidiv
                0x0000000008000114                __udivsi3
                0x0000000008000220                __aeabi_uidivmod
 .text          0x0000000008000228      0x1d4 c:/st/stm32cubeide_1.10.1/stm32cubeide/plugins/com.st.stm32cube.ide.mcu.externaltools.gnu-tools-for-stm32.10.3-2021.10.win32_1.0.0.202111181127/tools/bin/../lib/gcc/arm-none-eabi/10.3.1/thumb/v6-m/nofp\libgcc.a(_divsi3.o)
                0x0000000008000228                __divsi3
                0x0000000008000228                __aeabi_idiv
                0x00000000080003f4                __aeabi_idivmod
 .text          0x00000000080003fc        0x4 c:/st/stm32cubeide_1.10.1/stm32cubeide/plugins/com.st.stm32cube.ide.mcu.externaltools.gnu-tools-for-stm32.10.3-2021.10.win32_1.0.0.202111181127/tools/bin/../lib/gcc/arm-none-eabi/10.3.1/thumb/v6-m/nofp\libgcc.a(_dvmd_tls.o)
                0x00000000080003fc                __aeabi_idiv0
                0x00000000080003fc                __aeabi_ldiv0
 *(.text*)
 .text.SM_ChangeState
                0x0000000008000400       0x4c ./Core/Src/SM.o
 .text.SM_DebugFunction
                0x000000000800044c        0x2 ./Core/Src/SM.o
 .text.SM_ErrorFunction
                0x000000000800044e        0x2 ./Core/Src/SM.o
 .text.SM_ParseUartFunction
                0x0000000008000450      0x100 ./Core/Src/SM.o
 .text.SM_WaitForMeasurmentIsFinished
                0x0000000008000550       0x50 ./Core/Src/SM.o
 .text.SM_RunningFunction
                0x00000000080005a0       0x50 ./Core/Src/SM.o
 .text.SM_SleppFunction
                0x00000000080005f0       0x60 ./Core/Src/SM.o
 .text.SM_InitializeFunction
                0x0000000008000650       0x74 ./Core/Src/SM.o
 .text.SM_MainFunction
                0x00000000080006c4       0x3c ./Core/Src/SM.o
                0x00000000080006c4                SM_MainFunction
 .text.HAL_UARTEx_RxEventCallback
                0x0000000008000700       0xa4 ./Core/Src/SM.o
                0x0000000008000700                HAL_UARTEx_RxEventCallback
 .text.bh1750_TransmitData
                0x00000000080007a4       0x1e ./Core/Src/bh1750.o
                0x00000000080007a4                bh1750_TransmitData
 .text.bh1750_ChangeState
                0x00000000080007c2       0x32 ./Core/Src/bh1750.o
                0x00000000080007c2                bh1750_ChangeState
 .text.bh1750_Init
                0x00000000080007f4       0x18 ./Core/Src/bh1750.o
                0x00000000080007f4                bh1750_Init
 .text.MX_DMA_Init
                0x000000000800080c       0x1c ./Core/Src/dma.o
                0x000000000800080c                MX_DMA_Init
 .text.MX_GPIO_Init
                0x0000000008000828       0x5c ./Core/Src/gpio.o
                0x0000000008000828                MX_GPIO_Init
 .text.MX_I2C2_Init
                0x0000000008000884       0x60 ./Core/Src/i2c.o
                0x0000000008000884                MX_I2C2_Init
 .text.HAL_I2C_MspInit
                0x00000000080008e4       0x64 ./Core/Src/i2c.o
                0x00000000080008e4                HAL_I2C_MspInit
 .text.MX_NVIC_Init
                0x0000000008000948       0x24 ./Core/Src/main.o
 .text.Error_Handler
                0x000000000800096c        0x4 ./Core/Src/main.o
                0x000000000800096c                Error_Handler
 .text.SystemClock_Config
                0x0000000008000970       0x64 ./Core/Src/main.o
                0x0000000008000970                SystemClock_Config
 .text.main     0x00000000080009d4       0x40 ./Core/Src/main.o
                0x00000000080009d4                main
 .text.MX_RTC_Init
                0x0000000008000a14       0x3c ./Core/Src/rtc.o
                0x0000000008000a14                MX_RTC_Init
 .text.HAL_RTC_MspInit
                0x0000000008000a50       0x60 ./Core/Src/rtc.o
                0x0000000008000a50                HAL_RTC_MspInit
 .text.HAL_MspInit
                0x0000000008000ab0       0x30 ./Core/Src/stm32g0xx_hal_msp.o
                0x0000000008000ab0                HAL_MspInit
 .text.NMI_Handler
                0x0000000008000ae0        0x2 ./Core/Src/stm32g0xx_it.o
                0x0000000008000ae0                NMI_Handler
 .text.HardFault_Handler
                0x0000000008000ae2        0x2 ./Core/Src/stm32g0xx_it.o
                0x0000000008000ae2                HardFault_Handler
 .text.SVC_Handler
                0x0000000008000ae4        0x2 ./Core/Src/stm32g0xx_it.o
                0x0000000008000ae4                SVC_Handler
 .text.PendSV_Handler
                0x0000000008000ae6        0x2 ./Core/Src/stm32g0xx_it.o
                0x0000000008000ae6                PendSV_Handler
 .text.SysTick_Handler
                0x0000000008000ae8        0x8 ./Core/Src/stm32g0xx_it.o
                0x0000000008000ae8                SysTick_Handler
 .text.DMA1_Channel1_IRQHandler
                0x0000000008000af0       0x10 ./Core/Src/stm32g0xx_it.o
                0x0000000008000af0                DMA1_Channel1_IRQHandler
 .text.USART1_IRQHandler
                0x0000000008000b00       0x10 ./Core/Src/stm32g0xx_it.o
                0x0000000008000b00                USART1_IRQHandler
 .text._sbrk    0x0000000008000b10       0x48 ./Core/Src/sysmem.o
                0x0000000008000b10                _sbrk
 .text.SystemInit
                0x0000000008000b58        0x2 ./Core/Src/system_stm32g0xx.o
                0x0000000008000b58                SystemInit
 *fill*         0x0000000008000b5a        0x2 
 .text.MX_TIM17_Init
                0x0000000008000b5c       0x38 ./Core/Src/tim.o
                0x0000000008000b5c                MX_TIM17_Init
 .text.HAL_TIM_Base_MspInit
                0x0000000008000b94       0x2c ./Core/Src/tim.o
                0x0000000008000b94                HAL_TIM_Base_MspInit
 .text.MX_USART1_UART_Init
                0x0000000008000bc0       0x70 ./Core/Src/usart.o
                0x0000000008000bc0                MX_USART1_UART_Init
 .text.HAL_UART_MspInit
                0x0000000008000c30       0xc0 ./Core/Src/usart.o
                0x0000000008000c30                HAL_UART_MspInit
 .text.Reset_Handler
                0x0000000008000cf0       0x50 ./Core/Startup/startup_stm32g030j6mx.o
                0x0000000008000cf0                Reset_Handler
 .text.Default_Handler
                0x0000000008000d40        0x2 ./Core/Startup/startup_stm32g030j6mx.o
                0x0000000008000d40                TIM1_CC_IRQHandler
                0x0000000008000d40                I2C1_IRQHandler
                0x0000000008000d40                RTC_TAMP_IRQHandler
                0x0000000008000d40                SPI1_IRQHandler
                0x0000000008000d40                DMA1_Ch4_5_DMAMUX1_OVR_IRQHandler
                0x0000000008000d40                EXTI2_3_IRQHandler
                0x0000000008000d40                ADC1_IRQHandler
                0x0000000008000d40                I2C2_IRQHandler
                0x0000000008000d40                TIM17_IRQHandler
                0x0000000008000d40                TIM16_IRQHandler
                0x0000000008000d40                TIM3_IRQHandler
                0x0000000008000d40                EXTI4_15_IRQHandler
                0x0000000008000d40                RCC_IRQHandler
                0x0000000008000d40                Default_Handler
                0x0000000008000d40                TIM14_IRQHandler
                0x0000000008000d40                EXTI0_1_IRQHandler
                0x0000000008000d40                SPI2_IRQHandler
                0x0000000008000d40                WWDG_IRQHandler
                0x0000000008000d40                DMA1_Channel2_3_IRQHandler
                0x0000000008000d40                USART2_IRQHandler
                0x0000000008000d40                FLASH_IRQHandler
                0x0000000008000d40                TIM1_BRK_UP_TRG_COM_IRQHandler
 *fill*         0x0000000008000d42        0x2 
 .text.HAL_InitTick
                0x0000000008000d44       0x58 ./Drivers/STM32G0xx_HAL_Driver/Src/stm32g0xx_hal.o
                0x0000000008000d44                HAL_InitTick
 .text.HAL_Init
                0x0000000008000d9c       0x28 ./Drivers/STM32G0xx_HAL_Driver/Src/stm32g0xx_hal.o
                0x0000000008000d9c                HAL_Init
 .text.HAL_IncTick
                0x0000000008000dc4       0x18 ./Drivers/STM32G0xx_HAL_Driver/Src/stm32g0xx_hal.o
                0x0000000008000dc4                HAL_IncTick
 .text.HAL_GetTick
                0x0000000008000ddc        0xc ./Drivers/STM32G0xx_HAL_Driver/Src/stm32g0xx_hal.o
                0x0000000008000ddc                HAL_GetTick
 .text.HAL_Delay
                0x0000000008000de8       0x24 ./Drivers/STM32G0xx_HAL_Driver/Src/stm32g0xx_hal.o
                0x0000000008000de8                HAL_Delay
 .text.HAL_SuspendTick
                0x0000000008000e0c       0x10 ./Drivers/STM32G0xx_HAL_Driver/Src/stm32g0xx_hal.o
                0x0000000008000e0c                HAL_SuspendTick
 .text.HAL_ResumeTick
                0x0000000008000e1c       0x10 ./Drivers/STM32G0xx_HAL_Driver/Src/stm32g0xx_hal.o
                0x0000000008000e1c                HAL_ResumeTick
 .text.HAL_NVIC_SetPriority
                0x0000000008000e2c       0x60 ./Drivers/STM32G0xx_HAL_Driver/Src/stm32g0xx_hal_cortex.o
                0x0000000008000e2c                HAL_NVIC_SetPriority
 .text.HAL_NVIC_EnableIRQ
                0x0000000008000e8c       0x18 ./Drivers/STM32G0xx_HAL_Driver/Src/stm32g0xx_hal_cortex.o
                0x0000000008000e8c                HAL_NVIC_EnableIRQ
 .text.HAL_SYSTICK_Config
                0x0000000008000ea4       0x38 ./Drivers/STM32G0xx_HAL_Driver/Src/stm32g0xx_hal_cortex.o
                0x0000000008000ea4                HAL_SYSTICK_Config
 .text.DMA_SetConfig
                0x0000000008000edc       0x48 ./Drivers/STM32G0xx_HAL_Driver/Src/stm32g0xx_hal_dma.o
 .text.DMA_CalcDMAMUXChannelBaseAndMask
                0x0000000008000f24       0x38 ./Drivers/STM32G0xx_HAL_Driver/Src/stm32g0xx_hal_dma.o
 .text.DMA_CalcDMAMUXRequestGenBaseAndMask
                0x0000000008000f5c       0x28 ./Drivers/STM32G0xx_HAL_Driver/Src/stm32g0xx_hal_dma.o
 .text.HAL_DMA_Init
                0x0000000008000f84       0xb0 ./Drivers/STM32G0xx_HAL_Driver/Src/stm32g0xx_hal_dma.o
                0x0000000008000f84                HAL_DMA_Init
 .text.HAL_DMA_Start_IT
                0x0000000008001034       0x9c ./Drivers/STM32G0xx_HAL_Driver/Src/stm32g0xx_hal_dma.o
                0x0000000008001034                HAL_DMA_Start_IT
 .text.HAL_DMA_Abort
                0x00000000080010d0       0x80 ./Drivers/STM32G0xx_HAL_Driver/Src/stm32g0xx_hal_dma.o
                0x00000000080010d0                HAL_DMA_Abort
 .text.HAL_DMA_Abort_IT
                0x0000000008001150       0x80 ./Drivers/STM32G0xx_HAL_Driver/Src/stm32g0xx_hal_dma.o
                0x0000000008001150                HAL_DMA_Abort_IT
 .text.HAL_DMA_IRQHandler
                0x00000000080011d0       0xcc ./Drivers/STM32G0xx_HAL_Driver/Src/stm32g0xx_hal_dma.o
                0x00000000080011d0                HAL_DMA_IRQHandler
 .text.HAL_GPIO_Init
                0x000000000800129c      0x178 ./Drivers/STM32G0xx_HAL_Driver/Src/stm32g0xx_hal_gpio.o
                0x000000000800129c                HAL_GPIO_Init
 .text.HAL_GPIO_WritePin
                0x0000000008001414        0xc ./Drivers/STM32G0xx_HAL_Driver/Src/stm32g0xx_hal_gpio.o
                0x0000000008001414                HAL_GPIO_WritePin
 .text.I2C_Flush_TXDR
                0x0000000008001420       0x1e ./Drivers/STM32G0xx_HAL_Driver/Src/stm32g0xx_hal_i2c.o
 *fill*         0x000000000800143e        0x2 
 .text.I2C_TransferConfig
                0x0000000008001440       0x30 ./Drivers/STM32G0xx_HAL_Driver/Src/stm32g0xx_hal_i2c.o
 .text.I2C_IsErrorOccurred
                0x0000000008001470      0x118 ./Drivers/STM32G0xx_HAL_Driver/Src/stm32g0xx_hal_i2c.o
 .text.I2C_WaitOnTXISFlagUntilTimeout
                0x0000000008001588       0x52 ./Drivers/STM32G0xx_HAL_Driver/Src/stm32g0xx_hal_i2c.o
 .text.I2C_WaitOnFlagUntilTimeout
                0x00000000080015da       0x54 ./Drivers/STM32G0xx_HAL_Driver/Src/stm32g0xx_hal_i2c.o
 .text.I2C_WaitOnSTOPFlagUntilTimeout
                0x000000000800162e       0x4e ./Drivers/STM32G0xx_HAL_Driver/Src/stm32g0xx_hal_i2c.o
 .text.HAL_I2C_Init
                0x000000000800167c       0xcc ./Drivers/STM32G0xx_HAL_Driver/Src/stm32g0xx_hal_i2c.o
                0x000000000800167c                HAL_I2C_Init
 .text.HAL_I2C_Master_Transmit
                0x0000000008001748      0x174 ./Drivers/STM32G0xx_HAL_Driver/Src/stm32g0xx_hal_i2c.o
                0x0000000008001748                HAL_I2C_Master_Transmit
 .text.HAL_I2CEx_ConfigAnalogFilter
                0x00000000080018bc       0x58 ./Drivers/STM32G0xx_HAL_Driver/Src/stm32g0xx_hal_i2c_ex.o
                0x00000000080018bc                HAL_I2CEx_ConfigAnalogFilter
 .text.HAL_I2CEx_ConfigDigitalFilter
                0x0000000008001914       0x54 ./Drivers/STM32G0xx_HAL_Driver/Src/stm32g0xx_hal_i2c_ex.o
                0x0000000008001914                HAL_I2CEx_ConfigDigitalFilter
 .text.HAL_PWR_EnterSLEEPMode
                0x0000000008001968       0x4c ./Drivers/STM32G0xx_HAL_Driver/Src/stm32g0xx_hal_pwr.o
                0x0000000008001968                HAL_PWR_EnterSLEEPMode
 .text.HAL_PWREx_ControlVoltageScaling
                0x00000000080019b4       0x54 ./Drivers/STM32G0xx_HAL_Driver/Src/stm32g0xx_hal_pwr_ex.o
                0x00000000080019b4                HAL_PWREx_ControlVoltageScaling
 .text.HAL_PWREx_EnableLowPowerRunMode
                0x0000000008001a08       0x14 ./Drivers/STM32G0xx_HAL_Driver/Src/stm32g0xx_hal_pwr_ex.o
                0x0000000008001a08                HAL_PWREx_EnableLowPowerRunMode
 .text.HAL_PWREx_DisableLowPowerRunMode
                0x0000000008001a1c       0x48 ./Drivers/STM32G0xx_HAL_Driver/Src/stm32g0xx_hal_pwr_ex.o
                0x0000000008001a1c                HAL_PWREx_DisableLowPowerRunMode
 .text.HAL_RCC_OscConfig
                0x0000000008001a64      0x4a4 ./Drivers/STM32G0xx_HAL_Driver/Src/stm32g0xx_hal_rcc.o
                0x0000000008001a64                HAL_RCC_OscConfig
 .text.HAL_RCC_GetSysClockFreq
                0x0000000008001f08       0xb8 ./Drivers/STM32G0xx_HAL_Driver/Src/stm32g0xx_hal_rcc.o
                0x0000000008001f08                HAL_RCC_GetSysClockFreq
 .text.HAL_RCC_ClockConfig
                0x0000000008001fc0      0x18c ./Drivers/STM32G0xx_HAL_Driver/Src/stm32g0xx_hal_rcc.o
                0x0000000008001fc0                HAL_RCC_ClockConfig
 .text.HAL_RCC_GetHCLKFreq
                0x000000000800214c        0xc ./Drivers/STM32G0xx_HAL_Driver/Src/stm32g0xx_hal_rcc.o
                0x000000000800214c                HAL_RCC_GetHCLKFreq
 .text.HAL_RCC_GetPCLK1Freq
                0x0000000008002158       0x28 ./Drivers/STM32G0xx_HAL_Driver/Src/stm32g0xx_hal_rcc.o
                0x0000000008002158                HAL_RCC_GetPCLK1Freq
 .text.HAL_RCCEx_PeriphCLKConfig
                0x0000000008002180      0x17c ./Drivers/STM32G0xx_HAL_Driver/Src/stm32g0xx_hal_rcc_ex.o
                0x0000000008002180                HAL_RCCEx_PeriphCLKConfig
 .text.HAL_RTC_WaitForSynchro
                0x00000000080022fc       0x32 ./Drivers/STM32G0xx_HAL_Driver/Src/stm32g0xx_hal_rtc.o
                0x00000000080022fc                HAL_RTC_WaitForSynchro
 .text.RTC_EnterInitMode
                0x000000000800232e       0x46 ./Drivers/STM32G0xx_HAL_Driver/Src/stm32g0xx_hal_rtc.o
                0x000000000800232e                RTC_EnterInitMode
 .text.RTC_ExitInitMode
                0x0000000008002374       0x50 ./Drivers/STM32G0xx_HAL_Driver/Src/stm32g0xx_hal_rtc.o
                0x0000000008002374                RTC_ExitInitMode
 .text.HAL_RTC_Init
                0x00000000080023c4       0xb8 ./Drivers/STM32G0xx_HAL_Driver/Src/stm32g0xx_hal_rtc.o
                0x00000000080023c4                HAL_RTC_Init
 .text.HAL_TIM_Base_Start
                0x000000000800247c       0x5c ./Drivers/STM32G0xx_HAL_Driver/Src/stm32g0xx_hal_tim.o
                0x000000000800247c                HAL_TIM_Base_Start
 .text.TIM_Base_SetConfig
                0x00000000080024d8       0x84 ./Drivers/STM32G0xx_HAL_Driver/Src/stm32g0xx_hal_tim.o
                0x00000000080024d8                TIM_Base_SetConfig
 .text.HAL_TIM_Base_Init
                0x000000000800255c       0x60 ./Drivers/STM32G0xx_HAL_Driver/Src/stm32g0xx_hal_tim.o
                0x000000000800255c                HAL_TIM_Base_Init
 .text.UART_EndTxTransfer
                0x00000000080025bc       0x3c ./Drivers/STM32G0xx_HAL_Driver/Src/stm32g0xx_hal_uart.o
 .text.UART_EndRxTransfer
                0x00000000080025f8       0x64 ./Drivers/STM32G0xx_HAL_Driver/Src/stm32g0xx_hal_uart.o
 .text.HAL_UART_TxCpltCallback
                0x000000000800265c        0x2 ./Drivers/STM32G0xx_HAL_Driver/Src/stm32g0xx_hal_uart.o
                0x000000000800265c                HAL_UART_TxCpltCallback
 .text.UART_EndTransmit_IT
                0x000000000800265e       0x2a ./Drivers/STM32G0xx_HAL_Driver/Src/stm32g0xx_hal_uart.o
 .text.HAL_UART_RxCpltCallback
                0x0000000008002688        0x2 ./Drivers/STM32G0xx_HAL_Driver/Src/stm32g0xx_hal_uart.o
                0x0000000008002688                HAL_UART_RxCpltCallback
 .text.HAL_UART_RxHalfCpltCallback
                0x000000000800268a        0x2 ./Drivers/STM32G0xx_HAL_Driver/Src/stm32g0xx_hal_uart.o
                0x000000000800268a                HAL_UART_RxHalfCpltCallback
 .text.HAL_UART_ErrorCallback
                0x000000000800268c        0x2 ./Drivers/STM32G0xx_HAL_Driver/Src/stm32g0xx_hal_uart.o
                0x000000000800268c                HAL_UART_ErrorCallback
 .text.UART_DMAError
                0x000000000800268e       0x52 ./Drivers/STM32G0xx_HAL_Driver/Src/stm32g0xx_hal_uart.o
 .text.UART_DMAAbortOnError
                0x00000000080026e0       0x14 ./Drivers/STM32G0xx_HAL_Driver/Src/stm32g0xx_hal_uart.o
 .text.HAL_UART_IRQHandler
                0x00000000080026f4      0x320 ./Drivers/STM32G0xx_HAL_Driver/Src/stm32g0xx_hal_uart.o
                0x00000000080026f4                HAL_UART_IRQHandler
 .text.UART_DMARxHalfCplt
                0x0000000008002a14       0x20 ./Drivers/STM32G0xx_HAL_Driver/Src/stm32g0xx_hal_uart.o
 .text.UART_DMAReceiveCplt
                0x0000000008002a34       0x98 ./Drivers/STM32G0xx_HAL_Driver/Src/stm32g0xx_hal_uart.o
 .text.UART_SetConfig
                0x0000000008002acc      0x1ac ./Drivers/STM32G0xx_HAL_Driver/Src/stm32g0xx_hal_uart.o
                0x0000000008002acc                UART_SetConfig
 .text.UART_AdvFeatureConfig
                0x0000000008002c78       0xe0 ./Drivers/STM32G0xx_HAL_Driver/Src/stm32g0xx_hal_uart.o
                0x0000000008002c78                UART_AdvFeatureConfig
 .text.UART_WaitOnFlagUntilTimeout
                0x0000000008002d58       0xe4 ./Drivers/STM32G0xx_HAL_Driver/Src/stm32g0xx_hal_uart.o
                0x0000000008002d58                UART_WaitOnFlagUntilTimeout
 .text.HAL_UART_Transmit
                0x0000000008002e3c       0xf0 ./Drivers/STM32G0xx_HAL_Driver/Src/stm32g0xx_hal_uart.o
                0x0000000008002e3c                HAL_UART_Transmit
 .text.UART_CheckIdleState
                0x0000000008002f2c       0x74 ./Drivers/STM32G0xx_HAL_Driver/Src/stm32g0xx_hal_uart.o
                0x0000000008002f2c                UART_CheckIdleState
 .text.HAL_UART_Init
                0x0000000008002fa0       0x70 ./Drivers/STM32G0xx_HAL_Driver/Src/stm32g0xx_hal_uart.o
                0x0000000008002fa0                HAL_UART_Init
 .text.UART_Start_Receive_DMA
                0x0000000008003010       0xb4 ./Drivers/STM32G0xx_HAL_Driver/Src/stm32g0xx_hal_uart.o
                0x0000000008003010                UART_Start_Receive_DMA
 .text.UARTEx_SetNbDataToProcess
                0x00000000080030c4       0x50 ./Drivers/STM32G0xx_HAL_Driver/Src/stm32g0xx_hal_uart_ex.o
 .text.HAL_UARTEx_WakeupCallback
                0x0000000008003114        0x2 ./Drivers/STM32G0xx_HAL_Driver/Src/stm32g0xx_hal_uart_ex.o
                0x0000000008003114                HAL_UARTEx_WakeupCallback
 .text.HAL_UARTEx_RxFifoFullCallback
                0x0000000008003116        0x2 ./Drivers/STM32G0xx_HAL_Driver/Src/stm32g0xx_hal_uart_ex.o
                0x0000000008003116                HAL_UARTEx_RxFifoFullCallback
 .text.HAL_UARTEx_TxFifoEmptyCallback
                0x0000000008003118        0x2 ./Drivers/STM32G0xx_HAL_Driver/Src/stm32g0xx_hal_uart_ex.o
                0x0000000008003118                HAL_UARTEx_TxFifoEmptyCallback
 *fill*         0x000000000800311a        0x2 
 .text.HAL_UARTEx_DisableFifoMode
                0x000000000800311c       0x40 ./Drivers/STM32G0xx_HAL_Driver/Src/stm32g0xx_hal_uart_ex.o
                0x000000000800311c                HAL_UARTEx_DisableFifoMode
 .text.HAL_UARTEx_SetTxFifoThreshold
                0x000000000800315c       0x4a ./Drivers/STM32G0xx_HAL_Driver/Src/stm32g0xx_hal_uart_ex.o
                0x000000000800315c                HAL_UARTEx_SetTxFifoThreshold
 *fill*         0x00000000080031a6        0x2 
 .text.HAL_UARTEx_SetRxFifoThreshold
                0x00000000080031a8       0x50 ./Drivers/STM32G0xx_HAL_Driver/Src/stm32g0xx_hal_uart_ex.o
                0x00000000080031a8                HAL_UARTEx_SetRxFifoThreshold
 .text.HAL_UARTEx_ReceiveToIdle_DMA
                0x00000000080031f8       0x72 ./Drivers/STM32G0xx_HAL_Driver/Src/stm32g0xx_hal_uart_ex.o
                0x00000000080031f8                HAL_UARTEx_ReceiveToIdle_DMA
 *fill*         0x000000000800326a        0x2 
 .text.__errno  0x000000000800326c        0xc c:/st/stm32cubeide_1.10.1/stm32cubeide/plugins/com.st.stm32cube.ide.mcu.externaltools.gnu-tools-for-stm32.10.3-2021.10.win32_1.0.0.202111181127/tools/bin/../lib/gcc/arm-none-eabi/10.3.1/../../../../arm-none-eabi/lib/thumb/v6-m/nofp\libc_nano.a(lib_a-errno.o)
                0x000000000800326c                __errno
 .text.__libc_init_array
                0x0000000008003278       0x48 c:/st/stm32cubeide_1.10.1/stm32cubeide/plugins/com.st.stm32cube.ide.mcu.externaltools.gnu-tools-for-stm32.10.3-2021.10.win32_1.0.0.202111181127/tools/bin/../lib/gcc/arm-none-eabi/10.3.1/../../../../arm-none-eabi/lib/thumb/v6-m/nofp\libc_nano.a(lib_a-init.o)
                0x0000000008003278                __libc_init_array
 .text.memset   0x00000000080032c0       0x10 c:/st/stm32cubeide_1.10.1/stm32cubeide/plugins/com.st.stm32cube.ide.mcu.externaltools.gnu-tools-for-stm32.10.3-2021.10.win32_1.0.0.202111181127/tools/bin/../lib/gcc/arm-none-eabi/10.3.1/../../../../arm-none-eabi/lib/thumb/v6-m/nofp\libc_nano.a(lib_a-memset.o)
                0x00000000080032c0                memset
 .text.sprintf  0x00000000080032d0       0x40 c:/st/stm32cubeide_1.10.1/stm32cubeide/plugins/com.st.stm32cube.ide.mcu.externaltools.gnu-tools-for-stm32.10.3-2021.10.win32_1.0.0.202111181127/tools/bin/../lib/gcc/arm-none-eabi/10.3.1/../../../../arm-none-eabi/lib/thumb/v6-m/nofp\libc_nano.a(lib_a-sprintf.o)
                0x00000000080032d0                siprintf
                0x00000000080032d0                sprintf
 .text.__ssputs_r
                0x0000000008003310       0xc4 c:/st/stm32cubeide_1.10.1/stm32cubeide/plugins/com.st.stm32cube.ide.mcu.externaltools.gnu-tools-for-stm32.10.3-2021.10.win32_1.0.0.202111181127/tools/bin/../lib/gcc/arm-none-eabi/10.3.1/../../../../arm-none-eabi/lib/thumb/v6-m/nofp\libc_nano.a(lib_a-nano-svfprintf.o)
                0x0000000008003310                __ssputs_r
 .text._svfprintf_r
                0x00000000080033d4      0x200 c:/st/stm32cubeide_1.10.1/stm32cubeide/plugins/com.st.stm32cube.ide.mcu.externaltools.gnu-tools-for-stm32.10.3-2021.10.win32_1.0.0.202111181127/tools/bin/../lib/gcc/arm-none-eabi/10.3.1/../../../../arm-none-eabi/lib/thumb/v6-m/nofp\libc_nano.a(lib_a-nano-svfprintf.o)
                0x00000000080033d4                _svfiprintf_r
                0x00000000080033d4                _svfprintf_r
 .text._printf_common
                0x00000000080035d4       0xde c:/st/stm32cubeide_1.10.1/stm32cubeide/plugins/com.st.stm32cube.ide.mcu.externaltools.gnu-tools-for-stm32.10.3-2021.10.win32_1.0.0.202111181127/tools/bin/../lib/gcc/arm-none-eabi/10.3.1/../../../../arm-none-eabi/lib/thumb/v6-m/nofp\libc_nano.a(lib_a-nano-vfprintf_i.o)
                0x00000000080035d4                _printf_common
 *fill*         0x00000000080036b2        0x2 
 .text._printf_i
                0x00000000080036b4      0x224 c:/st/stm32cubeide_1.10.1/stm32cubeide/plugins/com.st.stm32cube.ide.mcu.externaltools.gnu-tools-for-stm32.10.3-2021.10.win32_1.0.0.202111181127/tools/bin/../lib/gcc/arm-none-eabi/10.3.1/../../../../arm-none-eabi/lib/thumb/v6-m/nofp\libc_nano.a(lib_a-nano-vfprintf_i.o)
                0x00000000080036b4                _printf_i
 .text.memchr   0x00000000080038d8       0x16 c:/st/stm32cubeide_1.10.1/stm32cubeide/plugins/com.st.stm32cube.ide.mcu.externaltools.gnu-tools-for-stm32.10.3-2021.10.win32_1.0.0.202111181127/tools/bin/../lib/gcc/arm-none-eabi/10.3.1/../../../../arm-none-eabi/lib/thumb/v6-m/nofp\libc_nano.a(lib_a-memchr-stub.o)
                0x00000000080038d8                memchr
 .text.memcpy   0x00000000080038ee       0x12 c:/st/stm32cubeide_1.10.1/stm32cubeide/plugins/com.st.stm32cube.ide.mcu.externaltools.gnu-tools-for-stm32.10.3-2021.10.win32_1.0.0.202111181127/tools/bin/../lib/gcc/arm-none-eabi/10.3.1/../../../../arm-none-eabi/lib/thumb/v6-m/nofp\libc_nano.a(lib_a-memcpy-stub.o)
                0x00000000080038ee                memcpy
 .text.memmove  0x0000000008003900       0x26 c:/st/stm32cubeide_1.10.1/stm32cubeide/plugins/com.st.stm32cube.ide.mcu.externaltools.gnu-tools-for-stm32.10.3-2021.10.win32_1.0.0.202111181127/tools/bin/../lib/gcc/arm-none-eabi/10.3.1/../../../../arm-none-eabi/lib/thumb/v6-m/nofp\libc_nano.a(lib_a-memmove.o)
                0x0000000008003900                memmove
 *fill*         0x0000000008003926        0x2 
 .text._free_r  0x0000000008003928       0x94 c:/st/stm32cubeide_1.10.1/stm32cubeide/plugins/com.st.stm32cube.ide.mcu.externaltools.gnu-tools-for-stm32.10.3-2021.10.win32_1.0.0.202111181127/tools/bin/../lib/gcc/arm-none-eabi/10.3.1/../../../../arm-none-eabi/lib/thumb/v6-m/nofp\libc_nano.a(lib_a-nano-freer.o)
                0x0000000008003928                _free_r
 .text.sbrk_aligned
                0x00000000080039bc       0x44 c:/st/stm32cubeide_1.10.1/stm32cubeide/plugins/com.st.stm32cube.ide.mcu.externaltools.gnu-tools-for-stm32.10.3-2021.10.win32_1.0.0.202111181127/tools/bin/../lib/gcc/arm-none-eabi/10.3.1/../../../../arm-none-eabi/lib/thumb/v6-m/nofp\libc_nano.a(lib_a-nano-mallocr.o)
 .text._malloc_r
                0x0000000008003a00       0xec c:/st/stm32cubeide_1.10.1/stm32cubeide/plugins/com.st.stm32cube.ide.mcu.externaltools.gnu-tools-for-stm32.10.3-2021.10.win32_1.0.0.202111181127/tools/bin/../lib/gcc/arm-none-eabi/10.3.1/../../../../arm-none-eabi/lib/thumb/v6-m/nofp\libc_nano.a(lib_a-nano-mallocr.o)
                0x0000000008003a00                _malloc_r
 .text._realloc_r
                0x0000000008003aec       0x5e c:/st/stm32cubeide_1.10.1/stm32cubeide/plugins/com.st.stm32cube.ide.mcu.externaltools.gnu-tools-for-stm32.10.3-2021.10.win32_1.0.0.202111181127/tools/bin/../lib/gcc/arm-none-eabi/10.3.1/../../../../arm-none-eabi/lib/thumb/v6-m/nofp\libc_nano.a(lib_a-nano-reallocr.o)
                0x0000000008003aec                _realloc_r
 *fill*         0x0000000008003b4a        0x2 
 .text._sbrk_r  0x0000000008003b4c       0x24 c:/st/stm32cubeide_1.10.1/stm32cubeide/plugins/com.st.stm32cube.ide.mcu.externaltools.gnu-tools-for-stm32.10.3-2021.10.win32_1.0.0.202111181127/tools/bin/../lib/gcc/arm-none-eabi/10.3.1/../../../../arm-none-eabi/lib/thumb/v6-m/nofp\libc_nano.a(lib_a-sbrkr.o)
                0x0000000008003b4c                _sbrk_r
 .text.__malloc_lock
                0x0000000008003b70       0x10 c:/st/stm32cubeide_1.10.1/stm32cubeide/plugins/com.st.stm32cube.ide.mcu.externaltools.gnu-tools-for-stm32.10.3-2021.10.win32_1.0.0.202111181127/tools/bin/../lib/gcc/arm-none-eabi/10.3.1/../../../../arm-none-eabi/lib/thumb/v6-m/nofp\libc_nano.a(lib_a-mlock.o)
                0x0000000008003b70                __malloc_lock
 .text.__malloc_unlock
                0x0000000008003b80       0x10 c:/st/stm32cubeide_1.10.1/stm32cubeide/plugins/com.st.stm32cube.ide.mcu.externaltools.gnu-tools-for-stm32.10.3-2021.10.win32_1.0.0.202111181127/tools/bin/../lib/gcc/arm-none-eabi/10.3.1/../../../../arm-none-eabi/lib/thumb/v6-m/nofp\libc_nano.a(lib_a-mlock.o)
                0x0000000008003b80                __malloc_unlock
 .text._malloc_usable_size_r
                0x0000000008003b90       0x10 c:/st/stm32cubeide_1.10.1/stm32cubeide/plugins/com.st.stm32cube.ide.mcu.externaltools.gnu-tools-for-stm32.10.3-2021.10.win32_1.0.0.202111181127/tools/bin/../lib/gcc/arm-none-eabi/10.3.1/../../../../arm-none-eabi/lib/thumb/v6-m/nofp\libc_nano.a(lib_a-nano-msizer.o)
                0x0000000008003b90                _malloc_usable_size_r
 .text.__retarget_lock_acquire_recursive
                0x0000000008003ba0        0x2 c:/st/stm32cubeide_1.10.1/stm32cubeide/plugins/com.st.stm32cube.ide.mcu.externaltools.gnu-tools-for-stm32.10.3-2021.10.win32_1.0.0.202111181127/tools/bin/../lib/gcc/arm-none-eabi/10.3.1/../../../../arm-none-eabi/lib/thumb/v6-m/nofp\libc_nano.a(lib_a-lock.o)
                0x0000000008003ba0                __retarget_lock_acquire_recursive
 .text.__retarget_lock_release_recursive
                0x0000000008003ba2        0x2 c:/st/stm32cubeide_1.10.1/stm32cubeide/plugins/com.st.stm32cube.ide.mcu.externaltools.gnu-tools-for-stm32.10.3-2021.10.win32_1.0.0.202111181127/tools/bin/../lib/gcc/arm-none-eabi/10.3.1/../../../../arm-none-eabi/lib/thumb/v6-m/nofp\libc_nano.a(lib_a-lock.o)
                0x0000000008003ba2                __retarget_lock_release_recursive
 *(.glue_7)
 .glue_7        0x0000000008003ba4        0x0 linker stubs
 *(.glue_7t)
 .glue_7t       0x0000000008003ba4        0x0 linker stubs
 *(.eh_frame)
 .eh_frame      0x0000000008003ba4        0x0 c:/st/stm32cubeide_1.10.1/stm32cubeide/plugins/com.st.stm32cube.ide.mcu.externaltools.gnu-tools-for-stm32.10.3-2021.10.win32_1.0.0.202111181127/tools/bin/../lib/gcc/arm-none-eabi/10.3.1/thumb/v6-m/nofp/crtbegin.o
 *(.init)
 .init          0x0000000008003ba4        0x4 c:/st/stm32cubeide_1.10.1/stm32cubeide/plugins/com.st.stm32cube.ide.mcu.externaltools.gnu-tools-for-stm32.10.3-2021.10.win32_1.0.0.202111181127/tools/bin/../lib/gcc/arm-none-eabi/10.3.1/thumb/v6-m/nofp/crti.o
                0x0000000008003ba4                _init
 .init          0x0000000008003ba8        0x8 c:/st/stm32cubeide_1.10.1/stm32cubeide/plugins/com.st.stm32cube.ide.mcu.externaltools.gnu-tools-for-stm32.10.3-2021.10.win32_1.0.0.202111181127/tools/bin/../lib/gcc/arm-none-eabi/10.3.1/thumb/v6-m/nofp/crtn.o
 *(.fini)
 .fini          0x0000000008003bb0        0x4 c:/st/stm32cubeide_1.10.1/stm32cubeide/plugins/com.st.stm32cube.ide.mcu.externaltools.gnu-tools-for-stm32.10.3-2021.10.win32_1.0.0.202111181127/tools/bin/../lib/gcc/arm-none-eabi/10.3.1/thumb/v6-m/nofp/crti.o
                0x0000000008003bb0                _fini
 .fini          0x0000000008003bb4        0x8 c:/st/stm32cubeide_1.10.1/stm32cubeide/plugins/com.st.stm32cube.ide.mcu.externaltools.gnu-tools-for-stm32.10.3-2021.10.win32_1.0.0.202111181127/tools/bin/../lib/gcc/arm-none-eabi/10.3.1/thumb/v6-m/nofp/crtn.o
                0x0000000008003bbc                . = ALIGN (0x4)
                0x0000000008003bbc                _etext = .

.vfp11_veneer   0x0000000008003bbc        0x0
 .vfp11_veneer  0x0000000008003bbc        0x0 linker stubs

.v4_bx          0x0000000008003bbc        0x0
 .v4_bx         0x0000000008003bbc        0x0 linker stubs

.iplt           0x0000000008003bbc        0x0
 .iplt          0x0000000008003bbc        0x0 c:/st/stm32cubeide_1.10.1/stm32cubeide/plugins/com.st.stm32cube.ide.mcu.externaltools.gnu-tools-for-stm32.10.3-2021.10.win32_1.0.0.202111181127/tools/bin/../lib/gcc/arm-none-eabi/10.3.1/thumb/v6-m/nofp/crtbegin.o

.rodata         0x0000000008003bbc      0x16c
                0x0000000008003bbc                . = ALIGN (0x4)
 *(.rodata)
 *(.rodata*)
 .rodata.SM_ParseUartFunction.str1.4
                0x0000000008003bbc       0x12 ./Core/Src/SM.o
 *fill*         0x0000000008003bce        0x2 
 .rodata.SM_WaitForMeasurmentIsFinished.str1.4
                0x0000000008003bd0       0x27 ./Core/Src/SM.o
 *fill*         0x0000000008003bf7        0x1 
 .rodata.SM_RunningFunction.str1.4
                0x0000000008003bf8        0xf ./Core/Src/SM.o
 *fill*         0x0000000008003c07        0x1 
 .rodata.SM_SleppFunction.str1.4
                0x0000000008003c08        0xd ./Core/Src/SM.o
 *fill*         0x0000000008003c15        0x3 
 .rodata.SM_InitializeFunction.str1.4
                0x0000000008003c18       0x17 ./Core/Src/SM.o
 *fill*         0x0000000008003c2f        0x1 
 .rodata.HAL_UARTEx_RxEventCallback.str1.4
                0x0000000008003c30        0x5 ./Core/Src/SM.o
 *fill*         0x0000000008003c35        0x3 
 .rodata.str1.4
                0x0000000008003c38       0x31 ./Core/Src/SM.o
 *fill*         0x0000000008003c69        0x3 
 .rodata.AHBPrescTable
                0x0000000008003c6c       0x40 ./Core/Src/system_stm32g0xx.o
                0x0000000008003c6c                AHBPrescTable
 .rodata.APBPrescTable
                0x0000000008003cac       0x20 ./Core/Src/system_stm32g0xx.o
                0x0000000008003cac                APBPrescTable
 .rodata.UARTPrescTable
                0x0000000008003ccc       0x18 ./Drivers/STM32G0xx_HAL_Driver/Src/stm32g0xx_hal_uart.o
                0x0000000008003ccc                UARTPrescTable
 .rodata.denominator.0
                0x0000000008003ce4        0x8 ./Drivers/STM32G0xx_HAL_Driver/Src/stm32g0xx_hal_uart_ex.o
 .rodata.numerator.1
                0x0000000008003cec        0x8 ./Drivers/STM32G0xx_HAL_Driver/Src/stm32g0xx_hal_uart_ex.o
 .rodata._svfprintf_r.str1.1
                0x0000000008003cf4       0x11 c:/st/stm32cubeide_1.10.1/stm32cubeide/plugins/com.st.stm32cube.ide.mcu.externaltools.gnu-tools-for-stm32.10.3-2021.10.win32_1.0.0.202111181127/tools/bin/../lib/gcc/arm-none-eabi/10.3.1/../../../../arm-none-eabi/lib/thumb/v6-m/nofp\libc_nano.a(lib_a-nano-svfprintf.o)
 .rodata._printf_i.str1.1
                0x0000000008003d05       0x22 c:/st/stm32cubeide_1.10.1/stm32cubeide/plugins/com.st.stm32cube.ide.mcu.externaltools.gnu-tools-for-stm32.10.3-2021.10.win32_1.0.0.202111181127/tools/bin/../lib/gcc/arm-none-eabi/10.3.1/../../../../arm-none-eabi/lib/thumb/v6-m/nofp\libc_nano.a(lib_a-nano-vfprintf_i.o)
                0x0000000008003d28                . = ALIGN (0x4)
 *fill*         0x0000000008003d27        0x1 

.rel.dyn        0x0000000008003d28        0x0
 .rel.iplt      0x0000000008003d28        0x0 c:/st/stm32cubeide_1.10.1/stm32cubeide/plugins/com.st.stm32cube.ide.mcu.externaltools.gnu-tools-for-stm32.10.3-2021.10.win32_1.0.0.202111181127/tools/bin/../lib/gcc/arm-none-eabi/10.3.1/thumb/v6-m/nofp/crtbegin.o

.ARM.extab      0x0000000008003d28        0x0
                0x0000000008003d28                . = ALIGN (0x4)
 *(.ARM.extab* .gnu.linkonce.armextab.*)
                0x0000000008003d28                . = ALIGN (0x4)

.ARM            0x0000000008003d28        0x0
                0x0000000008003d28                . = ALIGN (0x4)
                0x0000000008003d28                __exidx_start = .
 *(.ARM.exidx*)
                0x0000000008003d28                __exidx_end = .
                0x0000000008003d28                . = ALIGN (0x4)

.preinit_array  0x0000000008003d28        0x0
                0x0000000008003d28                . = ALIGN (0x4)
                0x0000000008003d28                PROVIDE (__preinit_array_start = .)
 *(.preinit_array*)
                0x0000000008003d28                PROVIDE (__preinit_array_end = .)
                0x0000000008003d28                . = ALIGN (0x4)

.init_array     0x0000000008003d28        0x4
                0x0000000008003d28                . = ALIGN (0x4)
                0x0000000008003d28                PROVIDE (__init_array_start = .)
 *(SORT_BY_NAME(.init_array.*))
 *(.init_array*)
 .init_array    0x0000000008003d28        0x4 c:/st/stm32cubeide_1.10.1/stm32cubeide/plugins/com.st.stm32cube.ide.mcu.externaltools.gnu-tools-for-stm32.10.3-2021.10.win32_1.0.0.202111181127/tools/bin/../lib/gcc/arm-none-eabi/10.3.1/thumb/v6-m/nofp/crtbegin.o
                0x0000000008003d2c                PROVIDE (__init_array_end = .)
                0x0000000008003d2c                . = ALIGN (0x4)

.fini_array     0x0000000008003d2c        0x4
                0x0000000008003d2c                . = ALIGN (0x4)
                [!provide]                        PROVIDE (__fini_array_start = .)
 *(SORT_BY_NAME(.fini_array.*))
 *(.fini_array*)
 .fini_array    0x0000000008003d2c        0x4 c:/st/stm32cubeide_1.10.1/stm32cubeide/plugins/com.st.stm32cube.ide.mcu.externaltools.gnu-tools-for-stm32.10.3-2021.10.win32_1.0.0.202111181127/tools/bin/../lib/gcc/arm-none-eabi/10.3.1/thumb/v6-m/nofp/crtbegin.o
                [!provide]                        PROVIDE (__fini_array_end = .)
                0x0000000008003d30                . = ALIGN (0x4)
                0x0000000008003d30                _sidata = LOADADDR (.data)

.data           0x0000000020000000       0xc0 load address 0x0000000008003d30
                0x0000000020000000                . = ALIGN (0x4)
                0x0000000020000000                _sdata = .
 *(.data)
 *(.data*)
 .data.Function
                0x0000000020000000       0x1c ./Core/Src/SM.o
                0x0000000020000000                Function
 .data.LsCommands
                0x000000002000001c       0x18 ./Core/Src/SM.o
                0x000000002000001c                LsCommands
 .data.TransitionTable
                0x0000000020000034       0x1b ./Core/Src/SM.o
                0x0000000020000034                TransitionTable
 *fill*         0x000000002000004f        0x1 
 .data.SystemCoreClock
                0x0000000020000050        0x4 ./Core/Src/system_stm32g0xx.o
                0x0000000020000050                SystemCoreClock
 .data.uwTickFreq
                0x0000000020000054        0x1 ./Drivers/STM32G0xx_HAL_Driver/Src/stm32g0xx_hal.o
                0x0000000020000054                uwTickFreq
 *fill*         0x0000000020000055        0x3 
 .data.uwTickPrio
                0x0000000020000058        0x4 ./Drivers/STM32G0xx_HAL_Driver/Src/stm32g0xx_hal.o
                0x0000000020000058                uwTickPrio
 .data._impure_ptr
                0x000000002000005c        0x4 c:/st/stm32cubeide_1.10.1/stm32cubeide/plugins/com.st.stm32cube.ide.mcu.externaltools.gnu-tools-for-stm32.10.3-2021.10.win32_1.0.0.202111181127/tools/bin/../lib/gcc/arm-none-eabi/10.3.1/../../../../arm-none-eabi/lib/thumb/v6-m/nofp\libc_nano.a(lib_a-impure.o)
                0x000000002000005c                _impure_ptr
 .data.impure_data
                0x0000000020000060       0x60 c:/st/stm32cubeide_1.10.1/stm32cubeide/plugins/com.st.stm32cube.ide.mcu.externaltools.gnu-tools-for-stm32.10.3-2021.10.win32_1.0.0.202111181127/tools/bin/../lib/gcc/arm-none-eabi/10.3.1/../../../../arm-none-eabi/lib/thumb/v6-m/nofp\libc_nano.a(lib_a-impure.o)
 *(.RamFunc)
 *(.RamFunc*)
                0x00000000200000c0                . = ALIGN (0x4)
                0x00000000200000c0                _edata = .

.igot.plt       0x00000000200000c0        0x0 load address 0x0000000008003df0
 .igot.plt      0x00000000200000c0        0x0 c:/st/stm32cubeide_1.10.1/stm32cubeide/plugins/com.st.stm32cube.ide.mcu.externaltools.gnu-tools-for-stm32.10.3-2021.10.win32_1.0.0.202111181127/tools/bin/../lib/gcc/arm-none-eabi/10.3.1/thumb/v6-m/nofp/crtbegin.o
                0x00000000200000c0                . = ALIGN (0x4)

.bss            0x00000000200000c0      0x268 load address 0x0000000008003df0
                0x00000000200000c0                _sbss = .
                0x00000000200000c0                __bss_start__ = _sbss
 *(.bss)
 .bss           0x00000000200000c0       0x1c c:/st/stm32cubeide_1.10.1/stm32cubeide/plugins/com.st.stm32cube.ide.mcu.externaltools.gnu-tools-for-stm32.10.3-2021.10.win32_1.0.0.202111181127/tools/bin/../lib/gcc/arm-none-eabi/10.3.1/thumb/v6-m/nofp/crtbegin.o
 *(.bss*)
 .bss.Bh        0x00000000200000dc        0x8 ./Core/Src/SM.o
                0x00000000200000dc                Bh
 .bss.SizeUartData
                0x00000000200000e4        0x1 ./Core/Src/SM.o
                0x00000000200000e4                SizeUartData
 *fill*         0x00000000200000e5        0x3 
 .bss.SmPtr     0x00000000200000e8        0x8 ./Core/Src/SM.o
                0x00000000200000e8                SmPtr
 .bss.data      0x00000000200000f0       0x64 ./Core/Src/SM.o
                0x00000000200000f0                data
 .bss.hi2c2     0x0000000020000154       0x54 ./Core/Src/i2c.o
                0x0000000020000154                hi2c2
 .bss.hrtc      0x00000000200001a8       0x2c ./Core/Src/rtc.o
                0x00000000200001a8                hrtc
 .bss.__sbrk_heap_end
                0x00000000200001d4        0x4 ./Core/Src/sysmem.o
 .bss.htim17    0x00000000200001d8       0x4c ./Core/Src/tim.o
                0x00000000200001d8                htim17
 .bss.hdma_usart1_rx
                0x0000000020000224       0x5c ./Core/Src/usart.o
                0x0000000020000224                hdma_usart1_rx
 .bss.huart1    0x0000000020000280       0x94 ./Core/Src/usart.o
                0x0000000020000280                huart1
 .bss.uwTick    0x0000000020000314        0x4 ./Drivers/STM32G0xx_HAL_Driver/Src/stm32g0xx_hal.o
                0x0000000020000314                uwTick
 .bss.__malloc_free_list
                0x0000000020000318        0x4 c:/st/stm32cubeide_1.10.1/stm32cubeide/plugins/com.st.stm32cube.ide.mcu.externaltools.gnu-tools-for-stm32.10.3-2021.10.win32_1.0.0.202111181127/tools/bin/../lib/gcc/arm-none-eabi/10.3.1/../../../../arm-none-eabi/lib/thumb/v6-m/nofp\libc_nano.a(lib_a-nano-mallocr.o)
                0x0000000020000318                __malloc_free_list
 .bss.__malloc_sbrk_start
                0x000000002000031c        0x4 c:/st/stm32cubeide_1.10.1/stm32cubeide/plugins/com.st.stm32cube.ide.mcu.externaltools.gnu-tools-for-stm32.10.3-2021.10.win32_1.0.0.202111181127/tools/bin/../lib/gcc/arm-none-eabi/10.3.1/../../../../arm-none-eabi/lib/thumb/v6-m/nofp\libc_nano.a(lib_a-nano-mallocr.o)
                0x000000002000031c                __malloc_sbrk_start
 .bss.errno     0x0000000020000320        0x4 c:/st/stm32cubeide_1.10.1/stm32cubeide/plugins/com.st.stm32cube.ide.mcu.externaltools.gnu-tools-for-stm32.10.3-2021.10.win32_1.0.0.202111181127/tools/bin/../lib/gcc/arm-none-eabi/10.3.1/../../../../arm-none-eabi/lib/thumb/v6-m/nofp\libc_nano.a(lib_a-reent.o)
                0x0000000020000320                errno
 .bss.__lock___malloc_recursive_mutex
                0x0000000020000324        0x1 c:/st/stm32cubeide_1.10.1/stm32cubeide/plugins/com.st.stm32cube.ide.mcu.externaltools.gnu-tools-for-stm32.10.3-2021.10.win32_1.0.0.202111181127/tools/bin/../lib/gcc/arm-none-eabi/10.3.1/../../../../arm-none-eabi/lib/thumb/v6-m/nofp\libc_nano.a(lib_a-lock.o)
                0x0000000020000324                __lock___malloc_recursive_mutex
 *(COMMON)
                0x0000000020000328                . = ALIGN (0x4)
 *fill*         0x0000000020000325        0x3 
                0x0000000020000328                _ebss = .
                0x0000000020000328                __bss_end__ = _ebss

._user_heap_stack
                0x0000000020000328      0xa00 load address 0x0000000008003df0
                0x0000000020000328                . = ALIGN (0x8)
                [!provide]                        PROVIDE (end = .)
                0x0000000020000328                PROVIDE (_end = .)
                0x0000000020000528                . = (. + _Min_Heap_Size)
 *fill*         0x0000000020000328      0x200 
                0x0000000020000d28                . = (. + _Min_Stack_Size)
 *fill*         0x0000000020000528      0x800 
                0x0000000020000d28                . = ALIGN (0x8)

/DISCARD/
 libc.a(*)
 libm.a(*)
 libgcc.a(*)

.ARM.attributes
                0x0000000000000000       0x28
 *(.ARM.attributes)
 .ARM.attributes
                0x0000000000000000       0x1e c:/st/stm32cubeide_1.10.1/stm32cubeide/plugins/com.st.stm32cube.ide.mcu.externaltools.gnu-tools-for-stm32.10.3-2021.10.win32_1.0.0.202111181127/tools/bin/../lib/gcc/arm-none-eabi/10.3.1/thumb/v6-m/nofp/crti.o
 .ARM.attributes
                0x000000000000001e       0x2c c:/st/stm32cubeide_1.10.1/stm32cubeide/plugins/com.st.stm32cube.ide.mcu.externaltools.gnu-tools-for-stm32.10.3-2021.10.win32_1.0.0.202111181127/tools/bin/../lib/gcc/arm-none-eabi/10.3.1/thumb/v6-m/nofp/crtbegin.o
 .ARM.attributes
                0x000000000000004a       0x2c ./Core/Src/SM.o
 .ARM.attributes
                0x0000000000000076       0x2c ./Core/Src/bh1750.o
 .ARM.attributes
                0x00000000000000a2       0x2c ./Core/Src/dma.o
 .ARM.attributes
                0x00000000000000ce       0x2c ./Core/Src/gpio.o
 .ARM.attributes
                0x00000000000000fa       0x2c ./Core/Src/i2c.o
 .ARM.attributes
                0x0000000000000126       0x2c ./Core/Src/main.o
 .ARM.attributes
                0x0000000000000152       0x2c ./Core/Src/rtc.o
 .ARM.attributes
                0x000000000000017e       0x2c ./Core/Src/stm32g0xx_hal_msp.o
 .ARM.attributes
                0x00000000000001aa       0x2c ./Core/Src/stm32g0xx_it.o
 .ARM.attributes
                0x00000000000001d6       0x2c ./Core/Src/sysmem.o
 .ARM.attributes
                0x0000000000000202       0x2c ./Core/Src/system_stm32g0xx.o
 .ARM.attributes
                0x000000000000022e       0x2c ./Core/Src/tim.o
 .ARM.attributes
                0x000000000000025a       0x2c ./Core/Src/usart.o
 .ARM.attributes
                0x0000000000000286       0x22 ./Core/Startup/startup_stm32g030j6mx.o
 .ARM.attributes
                0x00000000000002a8       0x2c ./Drivers/STM32G0xx_HAL_Driver/Src/stm32g0xx_hal.o
 .ARM.attributes
                0x00000000000002d4       0x2c ./Drivers/STM32G0xx_HAL_Driver/Src/stm32g0xx_hal_cortex.o
 .ARM.attributes
                0x0000000000000300       0x2c ./Drivers/STM32G0xx_HAL_Driver/Src/stm32g0xx_hal_dma.o
 .ARM.attributes
                0x000000000000032c       0x2c ./Drivers/STM32G0xx_HAL_Driver/Src/stm32g0xx_hal_gpio.o
 .ARM.attributes
                0x0000000000000358       0x2c ./Drivers/STM32G0xx_HAL_Driver/Src/stm32g0xx_hal_i2c.o
 .ARM.attributes
                0x0000000000000384       0x2c ./Drivers/STM32G0xx_HAL_Driver/Src/stm32g0xx_hal_i2c_ex.o
 .ARM.attributes
                0x00000000000003b0       0x2c ./Drivers/STM32G0xx_HAL_Driver/Src/stm32g0xx_hal_pwr.o
 .ARM.attributes
                0x00000000000003dc       0x2c ./Drivers/STM32G0xx_HAL_Driver/Src/stm32g0xx_hal_pwr_ex.o
 .ARM.attributes
                0x0000000000000408       0x2c ./Drivers/STM32G0xx_HAL_Driver/Src/stm32g0xx_hal_rcc.o
 .ARM.attributes
                0x0000000000000434       0x2c ./Drivers/STM32G0xx_HAL_Driver/Src/stm32g0xx_hal_rcc_ex.o
 .ARM.attributes
                0x0000000000000460       0x2c ./Drivers/STM32G0xx_HAL_Driver/Src/stm32g0xx_hal_rtc.o
 .ARM.attributes
                0x000000000000048c       0x2c ./Drivers/STM32G0xx_HAL_Driver/Src/stm32g0xx_hal_tim.o
 .ARM.attributes
                0x00000000000004b8       0x2c ./Drivers/STM32G0xx_HAL_Driver/Src/stm32g0xx_hal_uart.o
 .ARM.attributes
                0x00000000000004e4       0x2c ./Drivers/STM32G0xx_HAL_Driver/Src/stm32g0xx_hal_uart_ex.o
 .ARM.attributes
                0x0000000000000510       0x2c c:/st/stm32cubeide_1.10.1/stm32cubeide/plugins/com.st.stm32cube.ide.mcu.externaltools.gnu-tools-for-stm32.10.3-2021.10.win32_1.0.0.202111181127/tools/bin/../lib/gcc/arm-none-eabi/10.3.1/../../../../arm-none-eabi/lib/thumb/v6-m/nofp\libc_nano.a(lib_a-errno.o)
 .ARM.attributes
                0x000000000000053c       0x2c c:/st/stm32cubeide_1.10.1/stm32cubeide/plugins/com.st.stm32cube.ide.mcu.externaltools.gnu-tools-for-stm32.10.3-2021.10.win32_1.0.0.202111181127/tools/bin/../lib/gcc/arm-none-eabi/10.3.1/../../../../arm-none-eabi/lib/thumb/v6-m/nofp\libc_nano.a(lib_a-impure.o)
 .ARM.attributes
                0x0000000000000568       0x2c c:/st/stm32cubeide_1.10.1/stm32cubeide/plugins/com.st.stm32cube.ide.mcu.externaltools.gnu-tools-for-stm32.10.3-2021.10.win32_1.0.0.202111181127/tools/bin/../lib/gcc/arm-none-eabi/10.3.1/../../../../arm-none-eabi/lib/thumb/v6-m/nofp\libc_nano.a(lib_a-init.o)
 .ARM.attributes
                0x0000000000000594       0x2c c:/st/stm32cubeide_1.10.1/stm32cubeide/plugins/com.st.stm32cube.ide.mcu.externaltools.gnu-tools-for-stm32.10.3-2021.10.win32_1.0.0.202111181127/tools/bin/../lib/gcc/arm-none-eabi/10.3.1/../../../../arm-none-eabi/lib/thumb/v6-m/nofp\libc_nano.a(lib_a-memset.o)
 .ARM.attributes
                0x00000000000005c0       0x2c c:/st/stm32cubeide_1.10.1/stm32cubeide/plugins/com.st.stm32cube.ide.mcu.externaltools.gnu-tools-for-stm32.10.3-2021.10.win32_1.0.0.202111181127/tools/bin/../lib/gcc/arm-none-eabi/10.3.1/../../../../arm-none-eabi/lib/thumb/v6-m/nofp\libc_nano.a(lib_a-sprintf.o)
 .ARM.attributes
                0x00000000000005ec       0x2c c:/st/stm32cubeide_1.10.1/stm32cubeide/plugins/com.st.stm32cube.ide.mcu.externaltools.gnu-tools-for-stm32.10.3-2021.10.win32_1.0.0.202111181127/tools/bin/../lib/gcc/arm-none-eabi/10.3.1/../../../../arm-none-eabi/lib/thumb/v6-m/nofp\libc_nano.a(lib_a-nano-svfprintf.o)
 .ARM.attributes
                0x0000000000000618       0x2c c:/st/stm32cubeide_1.10.1/stm32cubeide/plugins/com.st.stm32cube.ide.mcu.externaltools.gnu-tools-for-stm32.10.3-2021.10.win32_1.0.0.202111181127/tools/bin/../lib/gcc/arm-none-eabi/10.3.1/../../../../arm-none-eabi/lib/thumb/v6-m/nofp\libc_nano.a(lib_a-nano-vfprintf_i.o)
 .ARM.attributes
                0x0000000000000644       0x2c c:/st/stm32cubeide_1.10.1/stm32cubeide/plugins/com.st.stm32cube.ide.mcu.externaltools.gnu-tools-for-stm32.10.3-2021.10.win32_1.0.0.202111181127/tools/bin/../lib/gcc/arm-none-eabi/10.3.1/../../../../arm-none-eabi/lib/thumb/v6-m/nofp\libc_nano.a(lib_a-memchr-stub.o)
 .ARM.attributes
                0x0000000000000670       0x2c c:/st/stm32cubeide_1.10.1/stm32cubeide/plugins/com.st.stm32cube.ide.mcu.externaltools.gnu-tools-for-stm32.10.3-2021.10.win32_1.0.0.202111181127/tools/bin/../lib/gcc/arm-none-eabi/10.3.1/../../../../arm-none-eabi/lib/thumb/v6-m/nofp\libc_nano.a(lib_a-memcpy-stub.o)
 .ARM.attributes
                0x000000000000069c       0x2c c:/st/stm32cubeide_1.10.1/stm32cubeide/plugins/com.st.stm32cube.ide.mcu.externaltools.gnu-tools-for-stm32.10.3-2021.10.win32_1.0.0.202111181127/tools/bin/../lib/gcc/arm-none-eabi/10.3.1/../../../../arm-none-eabi/lib/thumb/v6-m/nofp\libc_nano.a(lib_a-memmove.o)
 .ARM.attributes
                0x00000000000006c8       0x2c c:/st/stm32cubeide_1.10.1/stm32cubeide/plugins/com.st.stm32cube.ide.mcu.externaltools.gnu-tools-for-stm32.10.3-2021.10.win32_1.0.0.202111181127/tools/bin/../lib/gcc/arm-none-eabi/10.3.1/../../../../arm-none-eabi/lib/thumb/v6-m/nofp\libc_nano.a(lib_a-nano-freer.o)
 .ARM.attributes
                0x00000000000006f4       0x2c c:/st/stm32cubeide_1.10.1/stm32cubeide/plugins/com.st.stm32cube.ide.mcu.externaltools.gnu-tools-for-stm32.10.3-2021.10.win32_1.0.0.202111181127/tools/bin/../lib/gcc/arm-none-eabi/10.3.1/../../../../arm-none-eabi/lib/thumb/v6-m/nofp\libc_nano.a(lib_a-nano-mallocr.o)
 .ARM.attributes
                0x0000000000000720       0x2c c:/st/stm32cubeide_1.10.1/stm32cubeide/plugins/com.st.stm32cube.ide.mcu.externaltools.gnu-tools-for-stm32.10.3-2021.10.win32_1.0.0.202111181127/tools/bin/../lib/gcc/arm-none-eabi/10.3.1/../../../../arm-none-eabi/lib/thumb/v6-m/nofp\libc_nano.a(lib_a-nano-reallocr.o)
 .ARM.attributes
                0x000000000000074c       0x2c c:/st/stm32cubeide_1.10.1/stm32cubeide/plugins/com.st.stm32cube.ide.mcu.externaltools.gnu-tools-for-stm32.10.3-2021.10.win32_1.0.0.202111181127/tools/bin/../lib/gcc/arm-none-eabi/10.3.1/../../../../arm-none-eabi/lib/thumb/v6-m/nofp\libc_nano.a(lib_a-sbrkr.o)
 .ARM.attributes
                0x0000000000000778       0x2c c:/st/stm32cubeide_1.10.1/stm32cubeide/plugins/com.st.stm32cube.ide.mcu.externaltools.gnu-tools-for-stm32.10.3-2021.10.win32_1.0.0.202111181127/tools/bin/../lib/gcc/arm-none-eabi/10.3.1/../../../../arm-none-eabi/lib/thumb/v6-m/nofp\libc_nano.a(lib_a-mlock.o)
 .ARM.attributes
                0x00000000000007a4       0x2c c:/st/stm32cubeide_1.10.1/stm32cubeide/plugins/com.st.stm32cube.ide.mcu.externaltools.gnu-tools-for-stm32.10.3-2021.10.win32_1.0.0.202111181127/tools/bin/../lib/gcc/arm-none-eabi/10.3.1/../../../../arm-none-eabi/lib/thumb/v6-m/nofp\libc_nano.a(lib_a-nano-msizer.o)
 .ARM.attributes
                0x00000000000007d0       0x2c c:/st/stm32cubeide_1.10.1/stm32cubeide/plugins/com.st.stm32cube.ide.mcu.externaltools.gnu-tools-for-stm32.10.3-2021.10.win32_1.0.0.202111181127/tools/bin/../lib/gcc/arm-none-eabi/10.3.1/../../../../arm-none-eabi/lib/thumb/v6-m/nofp\libc_nano.a(lib_a-reent.o)
 .ARM.attributes
                0x00000000000007fc       0x2c c:/st/stm32cubeide_1.10.1/stm32cubeide/plugins/com.st.stm32cube.ide.mcu.externaltools.gnu-tools-for-stm32.10.3-2021.10.win32_1.0.0.202111181127/tools/bin/../lib/gcc/arm-none-eabi/10.3.1/../../../../arm-none-eabi/lib/thumb/v6-m/nofp\libc_nano.a(lib_a-lock.o)
 .ARM.attributes
                0x0000000000000828       0x1e c:/st/stm32cubeide_1.10.1/stm32cubeide/plugins/com.st.stm32cube.ide.mcu.externaltools.gnu-tools-for-stm32.10.3-2021.10.win32_1.0.0.202111181127/tools/bin/../lib/gcc/arm-none-eabi/10.3.1/thumb/v6-m/nofp\libgcc.a(_thumb1_case_shi.o)
 .ARM.attributes
                0x0000000000000846       0x1e c:/st/stm32cubeide_1.10.1/stm32cubeide/plugins/com.st.stm32cube.ide.mcu.externaltools.gnu-tools-for-stm32.10.3-2021.10.win32_1.0.0.202111181127/tools/bin/../lib/gcc/arm-none-eabi/10.3.1/thumb/v6-m/nofp\libgcc.a(_udivsi3.o)
 .ARM.attributes
                0x0000000000000864       0x1e c:/st/stm32cubeide_1.10.1/stm32cubeide/plugins/com.st.stm32cube.ide.mcu.externaltools.gnu-tools-for-stm32.10.3-2021.10.win32_1.0.0.202111181127/tools/bin/../lib/gcc/arm-none-eabi/10.3.1/thumb/v6-m/nofp\libgcc.a(_divsi3.o)
 .ARM.attributes
                0x0000000000000882       0x1e c:/st/stm32cubeide_1.10.1/stm32cubeide/plugins/com.st.stm32cube.ide.mcu.externaltools.gnu-tools-for-stm32.10.3-2021.10.win32_1.0.0.202111181127/tools/bin/../lib/gcc/arm-none-eabi/10.3.1/thumb/v6-m/nofp\libgcc.a(_dvmd_tls.o)
 .ARM.attributes
                0x00000000000008a0       0x1e c:/st/stm32cubeide_1.10.1/stm32cubeide/plugins/com.st.stm32cube.ide.mcu.externaltools.gnu-tools-for-stm32.10.3-2021.10.win32_1.0.0.202111181127/tools/bin/../lib/gcc/arm-none-eabi/10.3.1/thumb/v6-m/nofp/crtn.o
OUTPUT(C1V1-Konwerter.elf elf32-littlearm)
LOAD linker stubs
LOAD c:/st/stm32cubeide_1.10.1/stm32cubeide/plugins/com.st.stm32cube.ide.mcu.externaltools.gnu-tools-for-stm32.10.3-2021.10.win32_1.0.0.202111181127/tools/bin/../lib/gcc/arm-none-eabi/10.3.1/../../../../arm-none-eabi/lib/thumb/v6-m/nofp\libc.a
LOAD c:/st/stm32cubeide_1.10.1/stm32cubeide/plugins/com.st.stm32cube.ide.mcu.externaltools.gnu-tools-for-stm32.10.3-2021.10.win32_1.0.0.202111181127/tools/bin/../lib/gcc/arm-none-eabi/10.3.1/../../../../arm-none-eabi/lib/thumb/v6-m/nofp\libm.a
LOAD c:/st/stm32cubeide_1.10.1/stm32cubeide/plugins/com.st.stm32cube.ide.mcu.externaltools.gnu-tools-for-stm32.10.3-2021.10.win32_1.0.0.202111181127/tools/bin/../lib/gcc/arm-none-eabi/10.3.1/thumb/v6-m/nofp\libgcc.a

.debug_info     0x0000000000000000    0x1c9d9
 .debug_info    0x0000000000000000     0x1572 ./Core/Src/SM.o
 .debug_info    0x0000000000001572      0xad3 ./Core/Src/bh1750.o
 .debug_info    0x0000000000002045      0x279 ./Core/Src/dma.o
 .debug_info    0x00000000000022be      0x49b ./Core/Src/gpio.o
 .debug_info    0x0000000000002759      0xbe3 ./Core/Src/i2c.o
 .debug_info    0x000000000000333c      0xced ./Core/Src/main.o
 .debug_info    0x0000000000004029      0x6ea ./Core/Src/rtc.o
 .debug_info    0x0000000000004713      0x296 ./Core/Src/stm32g0xx_hal_msp.o
 .debug_info    0x00000000000049a9      0x875 ./Core/Src/stm32g0xx_it.o
 .debug_info    0x000000000000521e      0x186 ./Core/Src/sysmem.o
 .debug_info    0x00000000000053a4      0x38f ./Core/Src/system_stm32g0xx.o
 .debug_info    0x0000000000005733      0xa16 ./Core/Src/tim.o
 .debug_info    0x0000000000006149      0xebb ./Core/Src/usart.o
 .debug_info    0x0000000000007004       0x22 ./Core/Startup/startup_stm32g030j6mx.o
 .debug_info    0x0000000000007026      0x9f9 ./Drivers/STM32G0xx_HAL_Driver/Src/stm32g0xx_hal.o
 .debug_info    0x0000000000007a1f      0xa35 ./Drivers/STM32G0xx_HAL_Driver/Src/stm32g0xx_hal_cortex.o
 .debug_info    0x0000000000008454      0xa56 ./Drivers/STM32G0xx_HAL_Driver/Src/stm32g0xx_hal_dma.o
 .debug_info    0x0000000000008eaa      0x631 ./Drivers/STM32G0xx_HAL_Driver/Src/stm32g0xx_hal_gpio.o
 .debug_info    0x00000000000094db     0x430d ./Drivers/STM32G0xx_HAL_Driver/Src/stm32g0xx_hal_i2c.o
 .debug_info    0x000000000000d7e8      0xaa0 ./Drivers/STM32G0xx_HAL_Driver/Src/stm32g0xx_hal_i2c_ex.o
 .debug_info    0x000000000000e288      0x5f5 ./Drivers/STM32G0xx_HAL_Driver/Src/stm32g0xx_hal_pwr.o
 .debug_info    0x000000000000e87d      0x55a ./Drivers/STM32G0xx_HAL_Driver/Src/stm32g0xx_hal_pwr_ex.o
 .debug_info    0x000000000000edd7      0xd57 ./Drivers/STM32G0xx_HAL_Driver/Src/stm32g0xx_hal_rcc.o
 .debug_info    0x000000000000fb2e      0x8e8 ./Drivers/STM32G0xx_HAL_Driver/Src/stm32g0xx_hal_rcc_ex.o
 .debug_info    0x0000000000010416     0x110d ./Drivers/STM32G0xx_HAL_Driver/Src/stm32g0xx_hal_rtc.o
 .debug_info    0x0000000000011523     0x403d ./Drivers/STM32G0xx_HAL_Driver/Src/stm32g0xx_hal_tim.o
 .debug_info    0x0000000000015560     0x61cf ./Drivers/STM32G0xx_HAL_Driver/Src/stm32g0xx_hal_uart.o
 .debug_info    0x000000000001b72f     0x12aa ./Drivers/STM32G0xx_HAL_Driver/Src/stm32g0xx_hal_uart_ex.o

.debug_abbrev   0x0000000000000000     0x39d4
 .debug_abbrev  0x0000000000000000      0x2f4 ./Core/Src/SM.o
 .debug_abbrev  0x00000000000002f4      0x227 ./Core/Src/bh1750.o
 .debug_abbrev  0x000000000000051b       0xe1 ./Core/Src/dma.o
 .debug_abbrev  0x00000000000005fc      0x18c ./Core/Src/gpio.o
 .debug_abbrev  0x0000000000000788      0x23a ./Core/Src/i2c.o
 .debug_abbrev  0x00000000000009c2      0x2a7 ./Core/Src/main.o
 .debug_abbrev  0x0000000000000c69      0x1d7 ./Core/Src/rtc.o
 .debug_abbrev  0x0000000000000e40       0xec ./Core/Src/stm32g0xx_hal_msp.o
 .debug_abbrev  0x0000000000000f2c      0x1a7 ./Core/Src/stm32g0xx_it.o
 .debug_abbrev  0x00000000000010d3       0xec ./Core/Src/sysmem.o
 .debug_abbrev  0x00000000000011bf      0x145 ./Core/Src/system_stm32g0xx.o
 .debug_abbrev  0x0000000000001304      0x223 ./Core/Src/tim.o
 .debug_abbrev  0x0000000000001527      0x260 ./Core/Src/usart.o
 .debug_abbrev  0x0000000000001787       0x12 ./Core/Startup/startup_stm32g030j6mx.o
 .debug_abbrev  0x0000000000001799      0x2bf ./Drivers/STM32G0xx_HAL_Driver/Src/stm32g0xx_hal.o
 .debug_abbrev  0x0000000000001a58      0x2b2 ./Drivers/STM32G0xx_HAL_Driver/Src/stm32g0xx_hal_cortex.o
 .debug_abbrev  0x0000000000001d0a      0x20f ./Drivers/STM32G0xx_HAL_Driver/Src/stm32g0xx_hal_dma.o
 .debug_abbrev  0x0000000000001f19      0x200 ./Drivers/STM32G0xx_HAL_Driver/Src/stm32g0xx_hal_gpio.o
 .debug_abbrev  0x0000000000002119      0x2c5 ./Drivers/STM32G0xx_HAL_Driver/Src/stm32g0xx_hal_i2c.o
 .debug_abbrev  0x00000000000023de      0x1ee ./Drivers/STM32G0xx_HAL_Driver/Src/stm32g0xx_hal_i2c_ex.o
 .debug_abbrev  0x00000000000025cc      0x171 ./Drivers/STM32G0xx_HAL_Driver/Src/stm32g0xx_hal_pwr.o
 .debug_abbrev  0x000000000000273d      0x1fb ./Drivers/STM32G0xx_HAL_Driver/Src/stm32g0xx_hal_pwr_ex.o
 .debug_abbrev  0x0000000000002938      0x2d2 ./Drivers/STM32G0xx_HAL_Driver/Src/stm32g0xx_hal_rcc.o
 .debug_abbrev  0x0000000000002c0a      0x282 ./Drivers/STM32G0xx_HAL_Driver/Src/stm32g0xx_hal_rcc_ex.o
 .debug_abbrev  0x0000000000002e8c      0x21d ./Drivers/STM32G0xx_HAL_Driver/Src/stm32g0xx_hal_rtc.o
 .debug_abbrev  0x00000000000030a9      0x28c ./Drivers/STM32G0xx_HAL_Driver/Src/stm32g0xx_hal_tim.o
 .debug_abbrev  0x0000000000003335      0x359 ./Drivers/STM32G0xx_HAL_Driver/Src/stm32g0xx_hal_uart.o
 .debug_abbrev  0x000000000000368e      0x346 ./Drivers/STM32G0xx_HAL_Driver/Src/stm32g0xx_hal_uart_ex.o

.debug_loc      0x0000000000000000    0x136d8
 .debug_loc     0x0000000000000000      0x1a2 ./Core/Src/SM.o
 .debug_loc     0x00000000000001a2      0x2fe ./Core/Src/bh1750.o
 .debug_loc     0x00000000000004a0       0x91 ./Core/Src/i2c.o
 .debug_loc     0x0000000000000531       0x3f ./Core/Src/rtc.o
 .debug_loc     0x0000000000000570       0x93 ./Core/Src/sysmem.o
 .debug_loc     0x0000000000000603       0xa9 ./Core/Src/system_stm32g0xx.o
 .debug_loc     0x00000000000006ac       0x42 ./Core/Src/tim.o
 .debug_loc     0x00000000000006ee       0x8b ./Core/Src/usart.o
 .debug_loc     0x0000000000000779      0x1bd ./Drivers/STM32G0xx_HAL_Driver/Src/stm32g0xx_hal.o
 .debug_loc     0x0000000000000936      0x458 ./Drivers/STM32G0xx_HAL_Driver/Src/stm32g0xx_hal_cortex.o
 .debug_loc     0x0000000000000d8e      0x93e ./Drivers/STM32G0xx_HAL_Driver/Src/stm32g0xx_hal_dma.o
 .debug_loc     0x00000000000016cc      0x3a7 ./Drivers/STM32G0xx_HAL_Driver/Src/stm32g0xx_hal_gpio.o
 .debug_loc     0x0000000000001a73     0x4feb ./Drivers/STM32G0xx_HAL_Driver/Src/stm32g0xx_hal_i2c.o
 .debug_loc     0x0000000000006a5e      0x210 ./Drivers/STM32G0xx_HAL_Driver/Src/stm32g0xx_hal_i2c_ex.o
 .debug_loc     0x0000000000006c6e      0x157 ./Drivers/STM32G0xx_HAL_Driver/Src/stm32g0xx_hal_pwr.o
 .debug_loc     0x0000000000006dc5      0x2e0 ./Drivers/STM32G0xx_HAL_Driver/Src/stm32g0xx_hal_pwr_ex.o
 .debug_loc     0x00000000000070a5      0x717 ./Drivers/STM32G0xx_HAL_Driver/Src/stm32g0xx_hal_rcc.o
 .debug_loc     0x00000000000077bc      0x73b ./Drivers/STM32G0xx_HAL_Driver/Src/stm32g0xx_hal_rcc_ex.o
 .debug_loc     0x0000000000007ef7      0xe08 ./Drivers/STM32G0xx_HAL_Driver/Src/stm32g0xx_hal_rtc.o
 .debug_loc     0x0000000000008cff     0x5880 ./Drivers/STM32G0xx_HAL_Driver/Src/stm32g0xx_hal_tim.o
 .debug_loc     0x000000000000e57f     0x450a ./Drivers/STM32G0xx_HAL_Driver/Src/stm32g0xx_hal_uart.o
 .debug_loc     0x0000000000012a89      0xc4f ./Drivers/STM32G0xx_HAL_Driver/Src/stm32g0xx_hal_uart_ex.o

.debug_aranges  0x0000000000000000     0x11d8
 .debug_aranges
                0x0000000000000000       0x68 ./Core/Src/SM.o
 .debug_aranges
                0x0000000000000068       0x50 ./Core/Src/bh1750.o
 .debug_aranges
                0x00000000000000b8       0x20 ./Core/Src/dma.o
 .debug_aranges
                0x00000000000000d8       0x20 ./Core/Src/gpio.o
 .debug_aranges
                0x00000000000000f8       0x30 ./Core/Src/i2c.o
 .debug_aranges
                0x0000000000000128       0x38 ./Core/Src/main.o
 .debug_aranges
                0x0000000000000160       0x30 ./Core/Src/rtc.o
 .debug_aranges
                0x0000000000000190       0x20 ./Core/Src/stm32g0xx_hal_msp.o
 .debug_aranges
                0x00000000000001b0       0x50 ./Core/Src/stm32g0xx_it.o
 .debug_aranges
                0x0000000000000200       0x20 ./Core/Src/sysmem.o
 .debug_aranges
                0x0000000000000220       0x28 ./Core/Src/system_stm32g0xx.o
 .debug_aranges
                0x0000000000000248       0x30 ./Core/Src/tim.o
 .debug_aranges
                0x0000000000000278       0x30 ./Core/Src/usart.o
 .debug_aranges
                0x00000000000002a8       0x28 ./Core/Startup/startup_stm32g030j6mx.o
 .debug_aranges
                0x00000000000002d0      0x100 ./Drivers/STM32G0xx_HAL_Driver/Src/stm32g0xx_hal.o
 .debug_aranges
                0x00000000000003d0       0x90 ./Drivers/STM32G0xx_HAL_Driver/Src/stm32g0xx_hal_cortex.o
 .debug_aranges
                0x0000000000000460       0x90 ./Drivers/STM32G0xx_HAL_Driver/Src/stm32g0xx_hal_dma.o
 .debug_aranges
                0x00000000000004f0       0x60 ./Drivers/STM32G0xx_HAL_Driver/Src/stm32g0xx_hal_gpio.o
 .debug_aranges
                0x0000000000000550      0x2a0 ./Drivers/STM32G0xx_HAL_Driver/Src/stm32g0xx_hal_i2c.o
 .debug_aranges
                0x00000000000007f0       0x48 ./Drivers/STM32G0xx_HAL_Driver/Src/stm32g0xx_hal_i2c_ex.o
 .debug_aranges
                0x0000000000000838       0x78 ./Drivers/STM32G0xx_HAL_Driver/Src/stm32g0xx_hal_pwr.o
 .debug_aranges
                0x00000000000008b0       0x98 ./Drivers/STM32G0xx_HAL_Driver/Src/stm32g0xx_hal_pwr_ex.o
 .debug_aranges
                0x0000000000000948       0x98 ./Drivers/STM32G0xx_HAL_Driver/Src/stm32g0xx_hal_rcc.o
 .debug_aranges
                0x00000000000009e0       0x40 ./Drivers/STM32G0xx_HAL_Driver/Src/stm32g0xx_hal_rcc_ex.o
 .debug_aranges
                0x0000000000000a20       0xe8 ./Drivers/STM32G0xx_HAL_Driver/Src/stm32g0xx_hal_rtc.o
 .debug_aranges
                0x0000000000000b08      0x3e0 ./Drivers/STM32G0xx_HAL_Driver/Src/stm32g0xx_hal_tim.o
 .debug_aranges
                0x0000000000000ee8      0x248 ./Drivers/STM32G0xx_HAL_Driver/Src/stm32g0xx_hal_uart.o
 .debug_aranges
                0x0000000000001130       0xa8 ./Drivers/STM32G0xx_HAL_Driver/Src/stm32g0xx_hal_uart_ex.o

.debug_ranges   0x0000000000000000     0x10d0
 .debug_ranges  0x0000000000000000       0x70 ./Core/Src/SM.o
 .debug_ranges  0x0000000000000070       0x40 ./Core/Src/bh1750.o
 .debug_ranges  0x00000000000000b0       0x10 ./Core/Src/dma.o
 .debug_ranges  0x00000000000000c0       0x10 ./Core/Src/gpio.o
 .debug_ranges  0x00000000000000d0       0x20 ./Core/Src/i2c.o
 .debug_ranges  0x00000000000000f0       0x28 ./Core/Src/main.o
 .debug_ranges  0x0000000000000118       0x20 ./Core/Src/rtc.o
 .debug_ranges  0x0000000000000138       0x10 ./Core/Src/stm32g0xx_hal_msp.o
 .debug_ranges  0x0000000000000148       0x40 ./Core/Src/stm32g0xx_it.o
 .debug_ranges  0x0000000000000188       0x10 ./Core/Src/sysmem.o
 .debug_ranges  0x0000000000000198       0x18 ./Core/Src/system_stm32g0xx.o
 .debug_ranges  0x00000000000001b0       0x20 ./Core/Src/tim.o
 .debug_ranges  0x00000000000001d0       0x20 ./Core/Src/usart.o
 .debug_ranges  0x00000000000001f0       0x20 ./Core/Startup/startup_stm32g030j6mx.o
 .debug_ranges  0x0000000000000210       0xf0 ./Drivers/STM32G0xx_HAL_Driver/Src/stm32g0xx_hal.o
 .debug_ranges  0x0000000000000300       0xe0 ./Drivers/STM32G0xx_HAL_Driver/Src/stm32g0xx_hal_cortex.o
 .debug_ranges  0x00000000000003e0       0x80 ./Drivers/STM32G0xx_HAL_Driver/Src/stm32g0xx_hal_dma.o
 .debug_ranges  0x0000000000000460       0x50 ./Drivers/STM32G0xx_HAL_Driver/Src/stm32g0xx_hal_gpio.o
 .debug_ranges  0x00000000000004b0      0x290 ./Drivers/STM32G0xx_HAL_Driver/Src/stm32g0xx_hal_i2c.o
 .debug_ranges  0x0000000000000740       0x38 ./Drivers/STM32G0xx_HAL_Driver/Src/stm32g0xx_hal_i2c_ex.o
 .debug_ranges  0x0000000000000778       0x68 ./Drivers/STM32G0xx_HAL_Driver/Src/stm32g0xx_hal_pwr.o
 .debug_ranges  0x00000000000007e0       0x88 ./Drivers/STM32G0xx_HAL_Driver/Src/stm32g0xx_hal_pwr_ex.o
 .debug_ranges  0x0000000000000868       0xa8 ./Drivers/STM32G0xx_HAL_Driver/Src/stm32g0xx_hal_rcc.o
 .debug_ranges  0x0000000000000910       0x48 ./Drivers/STM32G0xx_HAL_Driver/Src/stm32g0xx_hal_rcc_ex.o
 .debug_ranges  0x0000000000000958       0xd8 ./Drivers/STM32G0xx_HAL_Driver/Src/stm32g0xx_hal_rtc.o
 .debug_ranges  0x0000000000000a30      0x3d0 ./Drivers/STM32G0xx_HAL_Driver/Src/stm32g0xx_hal_tim.o
 .debug_ranges  0x0000000000000e00      0x238 ./Drivers/STM32G0xx_HAL_Driver/Src/stm32g0xx_hal_uart.o
 .debug_ranges  0x0000000000001038       0x98 ./Drivers/STM32G0xx_HAL_Driver/Src/stm32g0xx_hal_uart_ex.o

.debug_macro    0x0000000000000000    0x183b3
 .debug_macro   0x0000000000000000      0x3c5 ./Core/Src/SM.o
 .debug_macro   0x00000000000003c5      0xa4e ./Core/Src/SM.o
 .debug_macro   0x0000000000000e13       0x10 ./Core/Src/SM.o
 .debug_macro   0x0000000000000e23      0x129 ./Core/Src/SM.o
 .debug_macro   0x0000000000000f4c       0x2e ./Core/Src/SM.o
 .debug_macro   0x0000000000000f7a       0x28 ./Core/Src/SM.o
 .debug_macro   0x0000000000000fa2       0x22 ./Core/Src/SM.o
 .debug_macro   0x0000000000000fc4       0x8e ./Core/Src/SM.o
 .debug_macro   0x0000000000001052       0x51 ./Core/Src/SM.o
 .debug_macro   0x00000000000010a3      0x103 ./Core/Src/SM.o
 .debug_macro   0x00000000000011a6       0x6a ./Core/Src/SM.o
 .debug_macro   0x0000000000001210      0x1df ./Core/Src/SM.o
 .debug_macro   0x00000000000013ef       0x1c ./Core/Src/SM.o
 .debug_macro   0x000000000000140b       0x22 ./Core/Src/SM.o
 .debug_macro   0x000000000000142d       0xd1 ./Core/Src/SM.o
 .debug_macro   0x00000000000014fe      0x4da ./Core/Src/SM.o
 .debug_macro   0x00000000000019d8      0x11f ./Core/Src/SM.o
 .debug_macro   0x0000000000001af7     0xa0c5 ./Core/Src/SM.o
 .debug_macro   0x000000000000bbbc       0x66 ./Core/Src/SM.o
 .debug_macro   0x000000000000bc22     0x34fd ./Core/Src/SM.o
 .debug_macro   0x000000000000f11f      0x174 ./Core/Src/SM.o
 .debug_macro   0x000000000000f293       0x5c ./Core/Src/SM.o
 .debug_macro   0x000000000000f2ef      0x485 ./Core/Src/SM.o
 .debug_macro   0x000000000000f774      0xdcd ./Core/Src/SM.o
 .debug_macro   0x0000000000010541      0x106 ./Core/Src/SM.o
 .debug_macro   0x0000000000010647      0x1cf ./Core/Src/SM.o
 .debug_macro   0x0000000000010816       0xff ./Core/Src/SM.o
 .debug_macro   0x0000000000010915      0x33c ./Core/Src/SM.o
 .debug_macro   0x0000000000010c51      0x202 ./Core/Src/SM.o
 .debug_macro   0x0000000000010e53      0x2c7 ./Core/Src/SM.o
 .debug_macro   0x000000000001111a      0x198 ./Core/Src/SM.o
 .debug_macro   0x00000000000112b2       0x43 ./Core/Src/SM.o
 .debug_macro   0x00000000000112f5      0x1f1 ./Core/Src/SM.o
 .debug_macro   0x00000000000114e6      0x1d6 ./Core/Src/SM.o
 .debug_macro   0x00000000000116bc      0x2a3 ./Core/Src/SM.o
 .debug_macro   0x000000000001195f       0x28 ./Core/Src/SM.o
 .debug_macro   0x0000000000011987       0xcf ./Core/Src/SM.o
 .debug_macro   0x0000000000011a56      0x22c ./Core/Src/SM.o
 .debug_macro   0x0000000000011c82       0x67 ./Core/Src/SM.o
 .debug_macro   0x0000000000011ce9       0xa5 ./Core/Src/SM.o
 .debug_macro   0x0000000000011d8e       0xff ./Core/Src/SM.o
 .debug_macro   0x0000000000011e8d      0x10d ./Core/Src/SM.o
 .debug_macro   0x0000000000011f9a      0x328 ./Core/Src/SM.o
 .debug_macro   0x00000000000122c2      0x432 ./Core/Src/SM.o
 .debug_macro   0x00000000000126f4       0xeb ./Core/Src/SM.o
 .debug_macro   0x00000000000127df      0xabb ./Core/Src/SM.o
 .debug_macro   0x000000000001329a       0xfa ./Core/Src/SM.o
 .debug_macro   0x0000000000013394      0x693 ./Core/Src/SM.o
 .debug_macro   0x0000000000013a27       0xa6 ./Core/Src/SM.o
 .debug_macro   0x0000000000013acd      0x412 ./Core/Src/SM.o
 .debug_macro   0x0000000000013edf       0x10 ./Core/Src/SM.o
 .debug_macro   0x0000000000013eef       0x1c ./Core/Src/SM.o
 .debug_macro   0x0000000000013f0b       0x52 ./Core/Src/SM.o
 .debug_macro   0x0000000000013f5d       0x18 ./Core/Src/SM.o
 .debug_macro   0x0000000000013f75       0x3c ./Core/Src/SM.o
 .debug_macro   0x0000000000013fb1       0x34 ./Core/Src/SM.o
 .debug_macro   0x0000000000013fe5       0x16 ./Core/Src/SM.o
 .debug_macro   0x0000000000013ffb       0x35 ./Core/Src/SM.o
 .debug_macro   0x0000000000014030      0x341 ./Core/Src/SM.o
 .debug_macro   0x0000000000014371       0x10 ./Core/Src/SM.o
 .debug_macro   0x0000000000014381       0x16 ./Core/Src/SM.o
 .debug_macro   0x0000000000014397       0x43 ./Core/Src/SM.o
 .debug_macro   0x00000000000143da       0x34 ./Core/Src/SM.o
 .debug_macro   0x000000000001440e       0x10 ./Core/Src/SM.o
 .debug_macro   0x000000000001441e       0x58 ./Core/Src/SM.o
 .debug_macro   0x0000000000014476       0x71 ./Core/Src/SM.o
 .debug_macro   0x00000000000144e7       0x1c ./Core/Src/SM.o
 .debug_macro   0x0000000000014503      0x12a ./Core/Src/SM.o
 .debug_macro   0x000000000001462d       0x10 ./Core/Src/SM.o
 .debug_macro   0x000000000001463d       0x1c ./Core/Src/SM.o
 .debug_macro   0x0000000000014659       0x52 ./Core/Src/SM.o
 .debug_macro   0x00000000000146ab       0x22 ./Core/Src/SM.o
 .debug_macro   0x00000000000146cd       0x10 ./Core/Src/SM.o
 .debug_macro   0x00000000000146dd       0x52 ./Core/Src/SM.o
 .debug_macro   0x000000000001472f       0xd5 ./Core/Src/SM.o
 .debug_macro   0x0000000000014804       0x1c ./Core/Src/SM.o
 .debug_macro   0x0000000000014820       0x3d ./Core/Src/SM.o
 .debug_macro   0x000000000001485d       0x16 ./Core/Src/SM.o
 .debug_macro   0x0000000000014873      0x145 ./Core/Src/SM.o
 .debug_macro   0x00000000000149b8       0x1c ./Core/Src/SM.o
 .debug_macro   0x00000000000149d4       0x2e ./Core/Src/SM.o
 .debug_macro   0x0000000000014a02      0x229 ./Core/Src/bh1750.o
 .debug_macro   0x0000000000014c2b      0x22a ./Core/Src/dma.o
 .debug_macro   0x0000000000014e55      0x22a ./Core/Src/gpio.o
 .debug_macro   0x000000000001507f      0x22a ./Core/Src/i2c.o
 .debug_macro   0x00000000000152a9      0x272 ./Core/Src/main.o
 .debug_macro   0x000000000001551b      0x22a ./Core/Src/rtc.o
 .debug_macro   0x0000000000015745      0x220 ./Core/Src/stm32g0xx_hal_msp.o
 .debug_macro   0x0000000000015965      0x22a ./Core/Src/stm32g0xx_it.o
 .debug_macro   0x0000000000015b8f       0xff ./Core/Src/sysmem.o
 .debug_macro   0x0000000000015c8e      0x23b ./Core/Src/sysmem.o
 .debug_macro   0x0000000000015ec9      0x211 ./Core/Src/system_stm32g0xx.o
 .debug_macro   0x00000000000160da      0x22a ./Core/Src/tim.o
 .debug_macro   0x0000000000016304      0x22a ./Core/Src/usart.o
 .debug_macro   0x000000000001652e      0x22f ./Drivers/STM32G0xx_HAL_Driver/Src/stm32g0xx_hal.o
 .debug_macro   0x000000000001675d      0x211 ./Drivers/STM32G0xx_HAL_Driver/Src/stm32g0xx_hal_cortex.o
 .debug_macro   0x000000000001696e      0x211 ./Drivers/STM32G0xx_HAL_Driver/Src/stm32g0xx_hal_dma.o
 .debug_macro   0x0000000000016b7f      0x218 ./Drivers/STM32G0xx_HAL_Driver/Src/stm32g0xx_hal_gpio.o
 .debug_macro   0x0000000000016d97      0x2dd ./Drivers/STM32G0xx_HAL_Driver/Src/stm32g0xx_hal_i2c.o
 .debug_macro   0x0000000000017074      0x211 ./Drivers/STM32G0xx_HAL_Driver/Src/stm32g0xx_hal_i2c_ex.o
 .debug_macro   0x0000000000017285      0x211 ./Drivers/STM32G0xx_HAL_Driver/Src/stm32g0xx_hal_pwr.o
 .debug_macro   0x0000000000017496      0x223 ./Drivers/STM32G0xx_HAL_Driver/Src/stm32g0xx_hal_pwr_ex.o
 .debug_macro   0x00000000000176b9      0x24d ./Drivers/STM32G0xx_HAL_Driver/Src/stm32g0xx_hal_rcc.o
 .debug_macro   0x0000000000017906      0x229 ./Drivers/STM32G0xx_HAL_Driver/Src/stm32g0xx_hal_rcc_ex.o
 .debug_macro   0x0000000000017b2f      0x212 ./Drivers/STM32G0xx_HAL_Driver/Src/stm32g0xx_hal_rtc.o
 .debug_macro   0x0000000000017d41      0x219 ./Drivers/STM32G0xx_HAL_Driver/Src/stm32g0xx_hal_tim.o
 .debug_macro   0x0000000000017f5a      0x23c ./Drivers/STM32G0xx_HAL_Driver/Src/stm32g0xx_hal_uart.o
 .debug_macro   0x0000000000018196      0x21d ./Drivers/STM32G0xx_HAL_Driver/Src/stm32g0xx_hal_uart_ex.o

.debug_line     0x0000000000000000    0x1fb8c
 .debug_line    0x0000000000000000      0xc8e ./Core/Src/SM.o
 .debug_line    0x0000000000000c8e      0x88a ./Core/Src/bh1750.o
 .debug_line    0x0000000000001518      0x760 ./Core/Src/dma.o
 .debug_line    0x0000000000001c78      0x7a0 ./Core/Src/gpio.o
 .debug_line    0x0000000000002418      0x86e ./Core/Src/i2c.o
 .debug_line    0x0000000000002c86      0x8b0 ./Core/Src/main.o
 .debug_line    0x0000000000003536      0x84d ./Core/Src/rtc.o
 .debug_line    0x0000000000003d83      0x76b ./Core/Src/stm32g0xx_hal_msp.o
 .debug_line    0x00000000000044ee      0x810 ./Core/Src/stm32g0xx_it.o
 .debug_line    0x0000000000004cfe      0x50e ./Core/Src/sysmem.o
 .debug_line    0x000000000000520c      0x839 ./Core/Src/system_stm32g0xx.o
 .debug_line    0x0000000000005a45      0x801 ./Core/Src/tim.o
 .debug_line    0x0000000000006246      0x919 ./Core/Src/usart.o
 .debug_line    0x0000000000006b5f       0x89 ./Core/Startup/startup_stm32g030j6mx.o
 .debug_line    0x0000000000006be8      0xb24 ./Drivers/STM32G0xx_HAL_Driver/Src/stm32g0xx_hal.o
 .debug_line    0x000000000000770c      0xbf3 ./Drivers/STM32G0xx_HAL_Driver/Src/stm32g0xx_hal_cortex.o
 .debug_line    0x00000000000082ff     0x109b ./Drivers/STM32G0xx_HAL_Driver/Src/stm32g0xx_hal_dma.o
 .debug_line    0x000000000000939a      0xc41 ./Drivers/STM32G0xx_HAL_Driver/Src/stm32g0xx_hal_gpio.o
 .debug_line    0x0000000000009fdb     0x53ad ./Drivers/STM32G0xx_HAL_Driver/Src/stm32g0xx_hal_i2c.o
 .debug_line    0x000000000000f388      0xa60 ./Drivers/STM32G0xx_HAL_Driver/Src/stm32g0xx_hal_i2c_ex.o
 .debug_line    0x000000000000fde8      0x901 ./Drivers/STM32G0xx_HAL_Driver/Src/stm32g0xx_hal_pwr.o
 .debug_line    0x00000000000106e9      0xb00 ./Drivers/STM32G0xx_HAL_Driver/Src/stm32g0xx_hal_pwr_ex.o
 .debug_line    0x00000000000111e9     0x12a4 ./Drivers/STM32G0xx_HAL_Driver/Src/stm32g0xx_hal_rcc.o
 .debug_line    0x000000000001248d      0xc8e ./Drivers/STM32G0xx_HAL_Driver/Src/stm32g0xx_hal_rcc_ex.o
 .debug_line    0x000000000001311b     0x1689 ./Drivers/STM32G0xx_HAL_Driver/Src/stm32g0xx_hal_rtc.o
 .debug_line    0x00000000000147a4     0x5560 ./Drivers/STM32G0xx_HAL_Driver/Src/stm32g0xx_hal_tim.o
 .debug_line    0x0000000000019d04     0x4cd0 ./Drivers/STM32G0xx_HAL_Driver/Src/stm32g0xx_hal_uart.o
 .debug_line    0x000000000001e9d4     0x11b8 ./Drivers/STM32G0xx_HAL_Driver/Src/stm32g0xx_hal_uart_ex.o

.debug_str      0x0000000000000000    0x93423
 .debug_str     0x0000000000000000    0x8e275 ./Core/Src/SM.o
                                      0x8e86b (size before relaxing)
 .debug_str     0x000000000008e275       0xe9 ./Core/Src/bh1750.o
                                      0x8a2c0 (size before relaxing)
 .debug_str     0x000000000008e35e       0xe1 ./Core/Src/dma.o
                                      0x89bc6 (size before relaxing)
 .debug_str     0x000000000008e43f       0x81 ./Core/Src/gpio.o
                                      0x89cac (size before relaxing)
 .debug_str     0x000000000008e4c0       0x76 ./Core/Src/i2c.o
                                      0x8a2a4 (size before relaxing)
 .debug_str     0x000000000008e536      0x649 ./Core/Src/main.o
                                      0x8a5e5 (size before relaxing)
 .debug_str     0x000000000008eb7f      0x26f ./Core/Src/rtc.o
                                      0x89ec2 (size before relaxing)
 .debug_str     0x000000000008edee       0x2c ./Core/Src/stm32g0xx_hal_msp.o
                                      0x89bc9 (size before relaxing)
 .debug_str     0x000000000008ee1a       0xe3 ./Core/Src/stm32g0xx_it.o
                                      0x8a0fc (size before relaxing)
 .debug_str     0x000000000008eefd      0x4da ./Core/Src/sysmem.o
                                       0x5caa (size before relaxing)
 .debug_str     0x000000000008f3d7       0x9c ./Core/Src/system_stm32g0xx.o
                                      0x89be8 (size before relaxing)
 .debug_str     0x000000000008f473       0x5f ./Core/Src/tim.o
                                      0x8a241 (size before relaxing)
 .debug_str     0x000000000008f4d2       0xd8 ./Core/Src/usart.o
                                      0x8a503 (size before relaxing)
 .debug_str     0x000000000008f5aa       0x36 ./Core/Startup/startup_stm32g030j6mx.o
                                         0x71 (size before relaxing)
 .debug_str     0x000000000008f5e0      0x43f ./Drivers/STM32G0xx_HAL_Driver/Src/stm32g0xx_hal.o
                                      0x8a273 (size before relaxing)
 .debug_str     0x000000000008fa1f      0x249 ./Drivers/STM32G0xx_HAL_Driver/Src/stm32g0xx_hal_cortex.o
                                      0x89ff4 (size before relaxing)
 .debug_str     0x000000000008fc68      0x283 ./Drivers/STM32G0xx_HAL_Driver/Src/stm32g0xx_hal_dma.o
                                      0x8a082 (size before relaxing)
 .debug_str     0x000000000008feeb      0x13d ./Drivers/STM32G0xx_HAL_Driver/Src/stm32g0xx_hal_gpio.o
                                      0x89d0f (size before relaxing)
 .debug_str     0x0000000000090028      0xd7d ./Drivers/STM32G0xx_HAL_Driver/Src/stm32g0xx_hal_i2c.o
                                      0x8afa9 (size before relaxing)
 .debug_str     0x0000000000090da5       0xb8 ./Drivers/STM32G0xx_HAL_Driver/Src/stm32g0xx_hal_i2c_ex.o
                                      0x8a243 (size before relaxing)
 .debug_str     0x0000000000090e5d      0x205 ./Drivers/STM32G0xx_HAL_Driver/Src/stm32g0xx_hal_pwr.o
                                      0x89dcf (size before relaxing)
 .debug_str     0x0000000000091062      0x198 ./Drivers/STM32G0xx_HAL_Driver/Src/stm32g0xx_hal_pwr_ex.o
                                      0x89e3c (size before relaxing)
 .debug_str     0x00000000000911fa      0x345 ./Drivers/STM32G0xx_HAL_Driver/Src/stm32g0xx_hal_rcc.o
                                      0x8a1d9 (size before relaxing)
 .debug_str     0x000000000009153f      0x152 ./Drivers/STM32G0xx_HAL_Driver/Src/stm32g0xx_hal_rcc_ex.o
                                      0x89f24 (size before relaxing)
 .debug_str     0x0000000000091691      0x338 ./Drivers/STM32G0xx_HAL_Driver/Src/stm32g0xx_hal_rtc.o
                                      0x8a0b8 (size before relaxing)
 .debug_str     0x00000000000919c9      0xe92 ./Drivers/STM32G0xx_HAL_Driver/Src/stm32g0xx_hal_tim.o
                                      0x8b10c (size before relaxing)
 .debug_str     0x000000000009285b      0x974 ./Drivers/STM32G0xx_HAL_Driver/Src/stm32g0xx_hal_uart.o
                                      0x8abb3 (size before relaxing)
 .debug_str     0x00000000000931cf      0x254 ./Drivers/STM32G0xx_HAL_Driver/Src/stm32g0xx_hal_uart_ex.o
                                      0x8a471 (size before relaxing)

.comment        0x0000000000000000       0x50
 .comment       0x0000000000000000       0x50 ./Core/Src/SM.o
                                         0x51 (size before relaxing)
 .comment       0x0000000000000050       0x51 ./Core/Src/bh1750.o
 .comment       0x0000000000000050       0x51 ./Core/Src/dma.o
 .comment       0x0000000000000050       0x51 ./Core/Src/gpio.o
 .comment       0x0000000000000050       0x51 ./Core/Src/i2c.o
 .comment       0x0000000000000050       0x51 ./Core/Src/main.o
 .comment       0x0000000000000050       0x51 ./Core/Src/rtc.o
 .comment       0x0000000000000050       0x51 ./Core/Src/stm32g0xx_hal_msp.o
 .comment       0x0000000000000050       0x51 ./Core/Src/stm32g0xx_it.o
 .comment       0x0000000000000050       0x51 ./Core/Src/sysmem.o
 .comment       0x0000000000000050       0x51 ./Core/Src/system_stm32g0xx.o
 .comment       0x0000000000000050       0x51 ./Core/Src/tim.o
 .comment       0x0000000000000050       0x51 ./Core/Src/usart.o
 .comment       0x0000000000000050       0x51 ./Drivers/STM32G0xx_HAL_Driver/Src/stm32g0xx_hal.o
 .comment       0x0000000000000050       0x51 ./Drivers/STM32G0xx_HAL_Driver/Src/stm32g0xx_hal_cortex.o
 .comment       0x0000000000000050       0x51 ./Drivers/STM32G0xx_HAL_Driver/Src/stm32g0xx_hal_dma.o
 .comment       0x0000000000000050       0x51 ./Drivers/STM32G0xx_HAL_Driver/Src/stm32g0xx_hal_gpio.o
 .comment       0x0000000000000050       0x51 ./Drivers/STM32G0xx_HAL_Driver/Src/stm32g0xx_hal_i2c.o
 .comment       0x0000000000000050       0x51 ./Drivers/STM32G0xx_HAL_Driver/Src/stm32g0xx_hal_i2c_ex.o
 .comment       0x0000000000000050       0x51 ./Drivers/STM32G0xx_HAL_Driver/Src/stm32g0xx_hal_pwr.o
 .comment       0x0000000000000050       0x51 ./Drivers/STM32G0xx_HAL_Driver/Src/stm32g0xx_hal_pwr_ex.o
 .comment       0x0000000000000050       0x51 ./Drivers/STM32G0xx_HAL_Driver/Src/stm32g0xx_hal_rcc.o
 .comment       0x0000000000000050       0x51 ./Drivers/STM32G0xx_HAL_Driver/Src/stm32g0xx_hal_rcc_ex.o
 .comment       0x0000000000000050       0x51 ./Drivers/STM32G0xx_HAL_Driver/Src/stm32g0xx_hal_rtc.o
 .comment       0x0000000000000050       0x51 ./Drivers/STM32G0xx_HAL_Driver/Src/stm32g0xx_hal_tim.o
 .comment       0x0000000000000050       0x51 ./Drivers/STM32G0xx_HAL_Driver/Src/stm32g0xx_hal_uart.o
 .comment       0x0000000000000050       0x51 ./Drivers/STM32G0xx_HAL_Driver/Src/stm32g0xx_hal_uart_ex.o

.debug_frame    0x0000000000000000     0x3270
 .debug_frame   0x0000000000000000      0x114 ./Core/Src/SM.o
 .debug_frame   0x0000000000000114       0xc8 ./Core/Src/bh1750.o
 .debug_frame   0x00000000000001dc       0x24 ./Core/Src/dma.o
 .debug_frame   0x0000000000000200       0x30 ./Core/Src/gpio.o
 .debug_frame   0x0000000000000230       0x5c ./Core/Src/i2c.o
 .debug_frame   0x000000000000028c       0x68 ./Core/Src/main.o
 .debug_frame   0x00000000000002f4       0x54 ./Core/Src/rtc.o
 .debug_frame   0x0000000000000348       0x24 ./Core/Src/stm32g0xx_hal_msp.o
 .debug_frame   0x000000000000036c       0x98 ./Core/Src/stm32g0xx_it.o
 .debug_frame   0x0000000000000404       0x28 ./Core/Src/sysmem.o
 .debug_frame   0x000000000000042c       0x38 ./Core/Src/system_stm32g0xx.o
 .debug_frame   0x0000000000000464       0x4c ./Core/Src/tim.o
 .debug_frame   0x00000000000004b0       0x5c ./Core/Src/usart.o
 .debug_frame   0x000000000000050c      0x20c ./Drivers/STM32G0xx_HAL_Driver/Src/stm32g0xx_hal.o
 .debug_frame   0x0000000000000718      0x114 ./Drivers/STM32G0xx_HAL_Driver/Src/stm32g0xx_hal_cortex.o
 .debug_frame   0x000000000000082c      0x188 ./Drivers/STM32G0xx_HAL_Driver/Src/stm32g0xx_hal_dma.o
 .debug_frame   0x00000000000009b4       0xd0 ./Drivers/STM32G0xx_HAL_Driver/Src/stm32g0xx_hal_gpio.o
 .debug_frame   0x0000000000000a84      0x8ac ./Drivers/STM32G0xx_HAL_Driver/Src/stm32g0xx_hal_i2c.o
 .debug_frame   0x0000000000001330       0xb0 ./Drivers/STM32G0xx_HAL_Driver/Src/stm32g0xx_hal_i2c_ex.o
 .debug_frame   0x00000000000013e0       0xd8 ./Drivers/STM32G0xx_HAL_Driver/Src/stm32g0xx_hal_pwr.o
 .debug_frame   0x00000000000014b8      0x120 ./Drivers/STM32G0xx_HAL_Driver/Src/stm32g0xx_hal_pwr_ex.o
 .debug_frame   0x00000000000015d8      0x16c ./Drivers/STM32G0xx_HAL_Driver/Src/stm32g0xx_hal_rcc.o
 .debug_frame   0x0000000000001744       0x90 ./Drivers/STM32G0xx_HAL_Driver/Src/stm32g0xx_hal_rcc_ex.o
 .debug_frame   0x00000000000017d4      0x264 ./Drivers/STM32G0xx_HAL_Driver/Src/stm32g0xx_hal_rtc.o
 .debug_frame   0x0000000000001a38      0xb18 ./Drivers/STM32G0xx_HAL_Driver/Src/stm32g0xx_hal_tim.o
 .debug_frame   0x0000000000002550      0x6e0 ./Drivers/STM32G0xx_HAL_Driver/Src/stm32g0xx_hal_uart.o
 .debug_frame   0x0000000000002c30      0x1e0 ./Drivers/STM32G0xx_HAL_Driver/Src/stm32g0xx_hal_uart_ex.o
 .debug_frame   0x0000000000002e10       0x20 c:/st/stm32cubeide_1.10.1/stm32cubeide/plugins/com.st.stm32cube.ide.mcu.externaltools.gnu-tools-for-stm32.10.3-2021.10.win32_1.0.0.202111181127/tools/bin/../lib/gcc/arm-none-eabi/10.3.1/../../../../arm-none-eabi/lib/thumb/v6-m/nofp\libc_nano.a(lib_a-errno.o)